Archive member included to satisfy reference by file (symbol)

c:/st/stm32cubeide_1.12.1/stm32cubeide/plugins/com.st.stm32cube.ide.mcu.externaltools.gnu-tools-for-stm32.10.3-2021.10.win32_1.0.200.202301161003/tools/bin/../lib/gcc/arm-none-eabi/10.3.1/../../../../arm-none-eabi/lib/thumb/v7e-m+fp/hard\libstdc++_nano.a(del_ops.o)
                              ./Core/Src/ICM20948/Adafruit_ICM20948.o (operator delete(void*, unsigned int))
c:/st/stm32cubeide_1.12.1/stm32cubeide/plugins/com.st.stm32cube.ide.mcu.externaltools.gnu-tools-for-stm32.10.3-2021.10.win32_1.0.200.202301161003/tools/bin/../lib/gcc/arm-none-eabi/10.3.1/../../../../arm-none-eabi/lib/thumb/v7e-m+fp/hard\libstdc++_nano.a(new_op.o)
                              ./Core/Src/ICM20948/Adafruit_ICM20948.o (operator new(unsigned int))
c:/st/stm32cubeide_1.12.1/stm32cubeide/plugins/com.st.stm32cube.ide.mcu.externaltools.gnu-tools-for-stm32.10.3-2021.10.win32_1.0.200.202301161003/tools/bin/../lib/gcc/arm-none-eabi/10.3.1/../../../../arm-none-eabi/lib/thumb/v7e-m+fp/hard\libstdc++_nano.a(pure.o)
                              ./Core/Src/ICM20948/Adafruit_ICM20X.o (__cxa_pure_virtual)
c:/st/stm32cubeide_1.12.1/stm32cubeide/plugins/com.st.stm32cube.ide.mcu.externaltools.gnu-tools-for-stm32.10.3-2021.10.win32_1.0.200.202301161003/tools/bin/../lib/gcc/arm-none-eabi/10.3.1/../../../../arm-none-eabi/lib/thumb/v7e-m+fp/hard\libstdc++_nano.a(del_op.o)
                              c:/st/stm32cubeide_1.12.1/stm32cubeide/plugins/com.st.stm32cube.ide.mcu.externaltools.gnu-tools-for-stm32.10.3-2021.10.win32_1.0.200.202301161003/tools/bin/../lib/gcc/arm-none-eabi/10.3.1/../../../../arm-none-eabi/lib/thumb/v7e-m+fp/hard\libstdc++_nano.a(del_ops.o) (operator delete(void*))
c:/st/stm32cubeide_1.12.1/stm32cubeide/plugins/com.st.stm32cube.ide.mcu.externaltools.gnu-tools-for-stm32.10.3-2021.10.win32_1.0.200.202301161003/tools/bin/../lib/gcc/arm-none-eabi/10.3.1/../../../../arm-none-eabi/lib/thumb/v7e-m+fp/hard\libstdc++_nano.a(eh_terminate.o)
                              c:/st/stm32cubeide_1.12.1/stm32cubeide/plugins/com.st.stm32cube.ide.mcu.externaltools.gnu-tools-for-stm32.10.3-2021.10.win32_1.0.200.202301161003/tools/bin/../lib/gcc/arm-none-eabi/10.3.1/../../../../arm-none-eabi/lib/thumb/v7e-m+fp/hard\libstdc++_nano.a(pure.o) (std::terminate())
c:/st/stm32cubeide_1.12.1/stm32cubeide/plugins/com.st.stm32cube.ide.mcu.externaltools.gnu-tools-for-stm32.10.3-2021.10.win32_1.0.200.202301161003/tools/bin/../lib/gcc/arm-none-eabi/10.3.1/../../../../arm-none-eabi/lib/thumb/v7e-m+fp/hard\libstdc++_nano.a(eh_unex_handler.o)
                              c:/st/stm32cubeide_1.12.1/stm32cubeide/plugins/com.st.stm32cube.ide.mcu.externaltools.gnu-tools-for-stm32.10.3-2021.10.win32_1.0.200.202301161003/tools/bin/../lib/gcc/arm-none-eabi/10.3.1/../../../../arm-none-eabi/lib/thumb/v7e-m+fp/hard\libstdc++_nano.a(eh_terminate.o) (__cxxabiv1::__unexpected_handler)
c:/st/stm32cubeide_1.12.1/stm32cubeide/plugins/com.st.stm32cube.ide.mcu.externaltools.gnu-tools-for-stm32.10.3-2021.10.win32_1.0.200.202301161003/tools/bin/../lib/gcc/arm-none-eabi/10.3.1/../../../../arm-none-eabi/lib/thumb/v7e-m+fp/hard\libstdc++_nano.a(new_handler.o)
                              c:/st/stm32cubeide_1.12.1/stm32cubeide/plugins/com.st.stm32cube.ide.mcu.externaltools.gnu-tools-for-stm32.10.3-2021.10.win32_1.0.200.202301161003/tools/bin/../lib/gcc/arm-none-eabi/10.3.1/../../../../arm-none-eabi/lib/thumb/v7e-m+fp/hard\libstdc++_nano.a(new_op.o) (std::get_new_handler())
c:/st/stm32cubeide_1.12.1/stm32cubeide/plugins/com.st.stm32cube.ide.mcu.externaltools.gnu-tools-for-stm32.10.3-2021.10.win32_1.0.200.202301161003/tools/bin/../lib/gcc/arm-none-eabi/10.3.1/../../../../arm-none-eabi/lib/thumb/v7e-m+fp/hard\libstdc++_nano.a(eh_term_handler.o)
                              c:/st/stm32cubeide_1.12.1/stm32cubeide/plugins/com.st.stm32cube.ide.mcu.externaltools.gnu-tools-for-stm32.10.3-2021.10.win32_1.0.200.202301161003/tools/bin/../lib/gcc/arm-none-eabi/10.3.1/../../../../arm-none-eabi/lib/thumb/v7e-m+fp/hard\libstdc++_nano.a(eh_terminate.o) (__cxxabiv1::__terminate_handler)
c:/st/stm32cubeide_1.12.1/stm32cubeide/plugins/com.st.stm32cube.ide.mcu.externaltools.gnu-tools-for-stm32.10.3-2021.10.win32_1.0.200.202301161003/tools/bin/../lib/gcc/arm-none-eabi/10.3.1/../../../../arm-none-eabi/lib/thumb/v7e-m+fp/hard\libc_nano.a(lib_a-abort.o)
                              c:/st/stm32cubeide_1.12.1/stm32cubeide/plugins/com.st.stm32cube.ide.mcu.externaltools.gnu-tools-for-stm32.10.3-2021.10.win32_1.0.200.202301161003/tools/bin/../lib/gcc/arm-none-eabi/10.3.1/../../../../arm-none-eabi/lib/thumb/v7e-m+fp/hard\libstdc++_nano.a(new_op.o) (abort)
c:/st/stm32cubeide_1.12.1/stm32cubeide/plugins/com.st.stm32cube.ide.mcu.externaltools.gnu-tools-for-stm32.10.3-2021.10.win32_1.0.200.202301161003/tools/bin/../lib/gcc/arm-none-eabi/10.3.1/../../../../arm-none-eabi/lib/thumb/v7e-m+fp/hard\libc_nano.a(lib_a-errno.o)
[...]
Memory Configuration

Name             Origin             Length             Attributes
RAM              0x0000000020000000 0x0000000000020000 xrw
FLASH            0x0000000008000000 0x0000000000080000 xr
*default*        0x0000000000000000 0xffffffffffffffff

Linker script and memory map

LOAD c:/st/stm32cubeide_1.12.1/stm32cubeide/plugins/com.st.stm32cube.ide.mcu.externaltools.gnu-tools-for-stm32.10.3-2021.10.win32_1.0.200.202301161003/tools/bin/../lib/gcc/arm-none-eabi/10.3.1/thumb/v7e-m+fp/hard/crti.o
LOAD c:/st/stm32cubeide_1.12.1/stm32cubeide/plugins/com.st.stm32cube.ide.mcu.externaltools.gnu-tools-for-stm32.10.3-2021.10.win32_1.0.200.202301161003/tools/bin/../lib/gcc/arm-none-eabi/10.3.1/thumb/v7e-m+fp/hard/crtbegin.o
LOAD c:/st/stm32cubeide_1.12.1/stm32cubeide/plugins/com.st.stm32cube.ide.mcu.externaltools.gnu-tools-for-stm32.10.3-2021.10.win32_1.0.200.202301161003/tools/bin/../lib/gcc/arm-none-eabi/10.3.1/../../../../arm-none-eabi/lib/thumb/v7e-m+fp/hard/crt0.o
LOAD ./Core/Src/ICM20948/Adafruit_BusIO_Register.o
LOAD ./Core/Src/ICM20948/Adafruit_I2CDevice.o
LOAD ./Core/Src/ICM20948/Adafruit_ICM20948.o
LOAD ./Core/Src/ICM20948/Adafruit_ICM20X.o
LOAD ./Core/Src/ICM20948/Adafruit_Sensor.o
LOAD ./Core/Src/Maincpp.o
LOAD ./Core/Src/main.o
LOAD ./Core/Src/stm32f4xx_hal_msp.o
LOAD ./Core/Src/stm32f4xx_it.o
LOAD ./Core/Src/syscalls.o
LOAD ./Core/Src/sysmem.o
LOAD ./Core/Src/system_stm32f4xx.o
LOAD ./Core/Startup/startup_stm32f411vetx.o
LOAD ./Drivers/STM32F4xx_HAL_Driver/Src/stm32f4xx_hal.o
LOAD ./Drivers/STM32F4xx_HAL_Driver/Src/stm32f4xx_hal_cortex.o
LOAD ./Drivers/STM32F4xx_HAL_Driver/Src/stm32f4xx_hal_dma.o
LOAD ./Drivers/STM32F4xx_HAL_Driver/Src/stm32f4xx_hal_dma_ex.o
LOAD ./Drivers/STM32F4xx_HAL_Driver/Src/stm32f4xx_hal_exti.o
LOAD ./Drivers/STM32F4xx_HAL_Driver/Src/stm32f4xx_hal_flash.o
LOAD ./Drivers/STM32F4xx_HAL_Driver/Src/stm32f4xx_hal_flash_ex.o
LOAD ./Drivers/STM32F4xx_HAL_Driver/Src/stm32f4xx_hal_flash_ramfunc.o
LOAD ./Drivers/STM32F4xx_HAL_Driver/Src/stm32f4xx_hal_gpio.o
LOAD ./Drivers/STM32F4xx_HAL_Driver/Src/stm32f4xx_hal_hcd.o
LOAD ./Drivers/STM32F4xx_HAL_Driver/Src/stm32f4xx_hal_i2c.o
LOAD ./Drivers/STM32F4xx_HAL_Driver/Src/stm32f4xx_hal_i2c_ex.o
LOAD ./Drivers/STM32F4xx_HAL_Driver/Src/stm32f4xx_hal_i2s.o
LOAD ./Drivers/STM32F4xx_HAL_Driver/Src/stm32f4xx_hal_i2s_ex.o
LOAD ./Drivers/STM32F4xx_HAL_Driver/Src/stm32f4xx_hal_pwr.o
LOAD ./Drivers/STM32F4xx_HAL_Driver/Src/stm32f4xx_hal_pwr_ex.o
LOAD ./Drivers/STM32F4xx_HAL_Driver/Src/stm32f4xx_hal_rcc.o
LOAD ./Drivers/STM32F4xx_HAL_Driver/Src/stm32f4xx_hal_rcc_ex.o
LOAD ./Drivers/STM32F4xx_HAL_Driver/Src/stm32f4xx_hal_spi.o
LOAD ./Drivers/STM32F4xx_HAL_Driver/Src/stm32f4xx_hal_tim.o
LOAD ./Drivers/STM32F4xx_HAL_Driver/Src/stm32f4xx_hal_tim_ex.o
LOAD ./Drivers/STM32F4xx_HAL_Driver/Src/stm32f4xx_hal_uart.o
LOAD ./Drivers/STM32F4xx_HAL_Driver/Src/stm32f4xx_ll_usb.o
LOAD ./Middlewares/ST/STM32_USB_Host_Library/Class/CDC/Src/usbh_cdc.o
LOAD ./Middlewares/ST/STM32_USB_Host_Library/Core/Src/usbh_core.o
LOAD ./Middlewares/ST/STM32_USB_Host_Library/Core/Src/usbh_ctlreq.o
LOAD ./Middlewares/ST/STM32_USB_Host_Library/Core/Src/usbh_ioreq.o
LOAD ./Middlewares/ST/STM32_USB_Host_Library/Core/Src/usbh_pipes.o
LOAD ./USB_HOST/App/usb_host.o
LOAD ./USB_HOST/Target/usbh_conf.o
LOAD ./USB_HOST/Target/usbh_platform.o
START GROUP
LOAD c:/st/stm32cubeide_1.12.1/stm32cubeide/plugins/com.st.stm32cube.ide.mcu.externaltools.gnu-tools-for-stm32.10.3-2021.10.win32_1.0.200.202301161003/tools/bin/../lib/gcc/arm-none-eabi/10.3.1/../../../../arm-none-eabi/lib/thumb/v7e-m+fp/hard\libstdc++_nano.a
LOAD c:/st/stm32cubeide_1.12.1/stm32cubeide/plugins/com.st.stm32cube.ide.mcu.externaltools.gnu-tools-for-stm32.10.3-2021.10.win32_1.0.200.202301161003/tools/bin/../lib/gcc/arm-none-eabi/10.3.1/../../../../arm-none-eabi/lib/thumb/v7e-m+fp/hard\libsupc++_nano.a
END GROUP
LOAD c:/st/stm32cubeide_1.12.1/stm32cubeide/plugins/com.st.stm32cube.ide.mcu.externaltools.gnu-tools-for-stm32.10.3-2021.10.win32_1.0.200.202301161003/tools/bin/../lib/gcc/arm-none-eabi/10.3.1/../../../../arm-none-eabi/lib/thumb/v7e-m+fp/hard\libstdc++_nano.a
LOAD c:/st/stm32cubeide_1.12.1/stm32cubeide/plugins/com.st.stm32cube.ide.mcu.externaltools.gnu-tools-for-stm32.10.3-2021.10.win32_1.0.200.202301161003/tools/bin/../lib/gcc/arm-none-eabi/10.3.1/../../../../arm-none-eabi/lib/thumb/v7e-m+fp/hard\libm.a
LOAD c:/st/stm32cubeide_1.12.1/stm32cubeide/plugins/com.st.stm32cube.ide.mcu.externaltools.gnu-tools-for-stm32.10.3-2021.10.win32_1.0.200.202301161003/tools/bin/../lib/gcc/arm-none-eabi/10.3.1/../../../../arm-none-eabi/lib/thumb/v7e-m+fp/hard\libc_nano.a
START GROUP
LOAD c:/st/stm32cubeide_1.12.1/stm32cubeide/plugins/com.st.stm32cube.ide.mcu.externaltools.gnu-tools-for-stm32.10.3-2021.10.win32_1.0.200.202301161003/tools/bin/../lib/gcc/arm-none-eabi/10.3.1/thumb/v7e-m+fp/hard\libgcc.a
LOAD c:/st/stm32cubeide_1.12.1/stm32cubeide/plugins/com.st.stm32cube.ide.mcu.externaltools.gnu-tools-for-stm32.10.3-2021.10.win32_1.0.200.202301161003/tools/bin/../lib/gcc/arm-none-eabi/10.3.1/../../../../arm-none-eabi/lib/thumb/v7e-m+fp/hard\libc_nano.a
END GROUP
START GROUP
LOAD c:/st/stm32cubeide_1.12.1/stm32cubeide/plugins/com.st.stm32cube.ide.mcu.externaltools.gnu-tools-for-stm32.10.3-2021.10.win32_1.0.200.202301161003/tools/bin/../lib/gcc/arm-none-eabi/10.3.1/thumb/v7e-m+fp/hard\libgcc.a
LOAD c:/st/stm32cubeide_1.12.1/stm32cubeide/plugins/com.st.stm32cube.ide.mcu.externaltools.gnu-tools-for-stm32.10.3-2021.10.win32_1.0.200.202301161003/tools/bin/../lib/gcc/arm-none-eabi/10.3.1/../../../../arm-none-eabi/lib/thumb/v7e-m+fp/hard\libc_nano.a
LOAD c:/st/stm32cubeide_1.12.1/stm32cubeide/plugins/com.st.stm32cube.ide.mcu.externaltools.gnu-tools-for-stm32.10.3-2021.10.win32_1.0.200.202301161003/tools/bin/../lib/gcc/arm-none-eabi/10.3.1/../../../../arm-none-eabi/lib/thumb/v7e-m+fp/hard\libnosys.a
END GROUP
START GROUP
LOAD c:/st/stm32cubeide_1.12.1/stm32cubeide/plugins/com.st.stm32cube.ide.mcu.externaltools.gnu-tools-for-stm32.10.3-2021.10.win32_1.0.200.202301161003/tools/bin/../lib/gcc/arm-none-eabi/10.3.1/thumb/v7e-m+fp/hard\libgcc.a
LOAD c:/st/stm32cubeide_1.12.1/stm32cubeide/plugins/com.st.stm32cube.ide.mcu.externaltools.gnu-tools-for-stm32.10.3-2021.10.win32_1.0.200.202301161003/tools/bin/../lib/gcc/arm-none-eabi/10.3.1/../../../../arm-none-eabi/lib/thumb/v7e-m+fp/hard\libc_nano.a
LOAD c:/st/stm32cubeide_1.12.1/stm32cubeide/plugins/com.st.stm32cube.ide.mcu.externaltools.gnu-tools-for-stm32.10.3-2021.10.win32_1.0.200.202301161003/tools/bin/../lib/gcc/arm-none-eabi/10.3.1/../../../../arm-none-eabi/lib/thumb/v7e-m+fp/hard\libnosys.a
END GROUP
LOAD c:/st/stm32cubeide_1.12.1/stm32cubeide/plugins/com.st.stm32cube.ide.mcu.externaltools.gnu-tools-for-stm32.10.3-2021.10.win32_1.0.200.202301161003/tools/bin/../lib/gcc/arm-none-eabi/10.3.1/thumb/v7e-m+fp/hard/crtend.o
LOAD c:/st/stm32cubeide_1.12.1/stm32cubeide/plugins/com.st.stm32cube.ide.mcu.externaltools.gnu-tools-for-stm32.10.3-2021.10.win32_1.0.200.202301161003/tools/bin/../lib/gcc/arm-none-eabi/10.3.1/thumb/v7e-m+fp/hard/crtn.o
                0x0000000020020000                _estack = (ORIGIN (RAM) + LENGTH (RAM))
                0x0000000000000200                _Min_Heap_Size = 0x200
                0x0000000000000400                _Min_Stack_Size = 0x400

.isr_vector     0x0000000008000000      0x198
                0x0000000008000000                . = ALIGN (0x4)
 *(.isr_vector)
 .isr_vector    0x0000000008000000      0x198 ./Core/Startup/startup_stm32f411vetx.o
                0x0000000008000000                g_pfnVectors
                0x0000000008000198                . = ALIGN (0x4)

.text           0x0000000008000198     0xb230
                0x0000000008000198                . = ALIGN (0x4)
 *(.text)
 .text          0x0000000008000198       0x40 c:/st/stm32cubeide_1.12.1/stm32cubeide/plugins/com.st.stm32cube.ide.mcu.externaltools.gnu-tools-for-stm32.10.3-2021.10.win32_1.0.200.202301161003/tools/bin/../lib/gcc/arm-none-eabi/10.3.1/thumb/v7e-m+fp/hard/crtbegin.o
 .text          0x00000000080001d8      0x378 c:/st/stm32cubeide_1.12.1/stm32cubeide/plugins/com.st.stm32cube.ide.mcu.externaltools.gnu-tools-for-stm32.10.3-2021.10.win32_1.0.200.202301161003/tools/bin/../lib/gcc/arm-none-eabi/10.3.1/thumb/v7e-m+fp/hard\libgcc.a(_arm_addsubdf3.o)
                0x00000000080001d8                __aeabi_drsub
                0x00000000080001e0                __aeabi_dsub
                0x00000000080001e0                __subdf3
                0x00000000080001e4                __aeabi_dadd
                0x00000000080001e4                __adddf3
                0x000000000800045c                __floatunsidf
                0x000000000800045c                __aeabi_ui2d
                0x000000000800047c                __floatsidf
                0x000000000800047c                __aeabi_i2d
                0x00000000080004a0                __aeabi_f2d
                0x00000000080004a0                __extendsfdf2
                0x00000000080004e4                __floatundidf
                0x00000000080004e4                __aeabi_ul2d
                0x00000000080004f4                __floatdidf
                0x00000000080004f4                __aeabi_l2d
 .text          0x0000000008000550      0x424 c:/st/stm32cubeide_1.12.1/stm32cubeide/plugins/com.st.stm32cube.ide.mcu.externaltools.gnu-tools-for-stm32.10.3-2021.10.win32_1.0.200.202301161003/tools/bin/../lib/gcc/arm-none-eabi/10.3.1/thumb/v7e-m+fp/hard\libgcc.a(_arm_muldivdf3.o)
                0x0000000008000550                __aeabi_dmul
                0x0000000008000550                __muldf3
                0x00000000080007a4                __divdf3
                0x00000000080007a4                __aeabi_ddiv
 .text          0x0000000008000974       0xa0 c:/st/stm32cubeide_1.12.1/stm32cubeide/plugins/com.st.stm32cube.ide.mcu.externaltools.gnu-tools-for-stm32.10.3-2021.10.win32_1.0.200.202301161003/tools/bin/../lib/gcc/arm-none-eabi/10.3.1/thumb/v7e-m+fp/hard\libgcc.a(_arm_truncdfsf2.o)
                0x0000000008000974                __truncdfsf2
                0x0000000008000974                __aeabi_d2f
 .text          0x0000000008000a14       0x30 c:/st/stm32cubeide_1.12.1/stm32cubeide/plugins/com.st.stm32cube.ide.mcu.externaltools.gnu-tools-for-stm32.10.3-2021.10.win32_1.0.200.202301161003/tools/bin/../lib/gcc/arm-none-eabi/10.3.1/thumb/v7e-m+fp/hard\libgcc.a(_aeabi_uldivmod.o)
                0x0000000008000a14                __aeabi_uldivmod
 .text          0x0000000008000a44      0x2d0 c:/st/stm32cubeide_1.12.1/stm32cubeide/plugins/com.st.stm32cube.ide.mcu.externaltools.gnu-tools-for-stm32.10.3-2021.10.win32_1.0.200.202301161003/tools/bin/../lib/gcc/arm-none-eabi/10.3.1/thumb/v7e-m+fp/hard\libgcc.a(_udivmoddi4.o)
                0x0000000008000a44                __udivmoddi4
 .text          0x0000000008000d14        0x4 c:/st/stm32cubeide_1.12.1/stm32cubeide/plugins/com.st.stm32cube.ide.mcu.externaltools.gnu-tools-for-stm32.10.3-2021.10.win32_1.0.200.202301161003/tools/bin/../lib/gcc/arm-none-eabi/10.3.1/thumb/v7e-m+fp/hard\libgcc.a(_dvmd_tls.o)
                0x0000000008000d14                __aeabi_idiv0
                0x0000000008000d14                __aeabi_ldiv0
 *(.text*)
 .text._ZN23Adafruit_BusIO_RegisterC2EP18Adafruit_I2CDevice26_Adafruit_BusIO_SPIRegTypethhh
                0x0000000008000d18       0x4a ./Core/Src/ICM20948/Adafruit_BusIO_Register.o
                0x0000000008000d18                Adafruit_BusIO_Register::Adafruit_BusIO_Register(Adafruit_I2CDevice*, _Adafruit_BusIO_SPIRegType, unsigned short, unsigned char, unsigned char, unsigned char)
                0x0000000008000d18                Adafruit_BusIO_Register::Adafruit_BusIO_Register(Adafruit_I2CDevice*, _Adafruit_BusIO_SPIRegType, unsigned short, unsigned char, unsigned char, unsigned char)
 .text._ZN23Adafruit_BusIO_Register5writeEPhh
                0x0000000008000d62       0x52 ./Core/Src/ICM20948/Adafruit_BusIO_Register.o
                0x0000000008000d62                Adafruit_BusIO_Register::write(unsigned char*, unsigned char)
 .text._ZN23Adafruit_BusIO_Register5writeEmh
                0x0000000008000db4       0x8c ./Core/Src/ICM20948/Adafruit_BusIO_Register.o
                0x0000000008000db4                Adafruit_BusIO_Register::write(unsigned long, unsigned char)
 .text._ZN23Adafruit_BusIO_Register4readEv
                0x0000000008000e40       0x8e ./Core/Src/ICM20948/Adafruit_BusIO_Register.o
                0x0000000008000e40                Adafruit_BusIO_Register::read()
 .text._ZN23Adafruit_BusIO_Register4readEPhh
                0x0000000008000ece       0x56 ./Core/Src/ICM20948/Adafruit_BusIO_Register.o
                0x0000000008000ece                Adafruit_BusIO_Register::read(unsigned char*, unsigned char)
 .text._ZN27Adafruit_BusIO_RegisterBitsC2EP23Adafruit_BusIO_Registerhh
                0x0000000008000f24       0x36 ./Core/Src/ICM20948/Adafruit_BusIO_Register.o
                0x0000000008000f24                Adafruit_BusIO_RegisterBits::Adafruit_BusIO_RegisterBits(Adafruit_BusIO_Register*, unsigned char, unsigned char)
                0x0000000008000f24                Adafruit_BusIO_RegisterBits::Adafruit_BusIO_RegisterBits(Adafruit_BusIO_Register*, unsigned char, unsigned char)
 .text._ZN27Adafruit_BusIO_RegisterBits4readEv
                0x0000000008000f5a       0x3a ./Core/Src/ICM20948/Adafruit_BusIO_Register.o
                0x0000000008000f5a                Adafruit_BusIO_RegisterBits::read()
 .text._ZN27Adafruit_BusIO_RegisterBits5writeEm
                0x0000000008000f94       0x76 ./Core/Src/ICM20948/Adafruit_BusIO_Register.o
                0x0000000008000f94                Adafruit_BusIO_RegisterBits::write(unsigned long)
 .text._ZN23Adafruit_BusIO_Register5widthEv
                0x000000000800100a       0x18 ./Core/Src/ICM20948/Adafruit_BusIO_Register.o
                0x000000000800100a                Adafruit_BusIO_Register::width()
 .text._ZN18Adafruit_I2CDevice13maxBufferSizeEv
                0x0000000008001022       0x18 ./Core/Src/ICM20948/Adafruit_I2CDevice.o
                0x0000000008001022                Adafruit_I2CDevice::maxBufferSize()
 .text._ZN18Adafruit_I2CDeviceC2Eh
                0x000000000800103a       0x2c ./Core/Src/ICM20948/Adafruit_I2CDevice.o
                0x000000000800103a                Adafruit_I2CDevice::Adafruit_I2CDevice(unsigned char)
                0x000000000800103a                Adafruit_I2CDevice::Adafruit_I2CDevice(unsigned char)
 .text._ZN18Adafruit_I2CDevice5beginEb
                0x0000000008001066       0x2c ./Core/Src/ICM20948/Adafruit_I2CDevice.o
                0x0000000008001066                Adafruit_I2CDevice::begin(bool)
 .text._ZN18Adafruit_I2CDevice8detectedEv
                0x0000000008001092       0x42 ./Core/Src/ICM20948/Adafruit_I2CDevice.o
                0x0000000008001092                Adafruit_I2CDevice::detected()
 .text._ZN18Adafruit_I2CDevice5writeEPKhjbS1_j
                0x00000000080010d4       0x36 ./Core/Src/ICM20948/Adafruit_I2CDevice.o
                0x00000000080010d4                Adafruit_I2CDevice::write(unsigned char const*, unsigned int, bool, unsigned char const*, unsigned int)
 .text._ZN18Adafruit_I2CDevice4readEPhjb
                0x000000000800110a       0x8c ./Core/Src/ICM20948/Adafruit_I2CDevice.o
                0x000000000800110a                Adafruit_I2CDevice::read(unsigned char*, unsigned int, bool)
 .text._ZN18Adafruit_I2CDevice5_readEPhjb
                0x0000000008001196       0x1c ./Core/Src/ICM20948/Adafruit_I2CDevice.o
                0x0000000008001196                Adafruit_I2CDevice::_read(unsigned char*, unsigned int, bool)
 .text._ZN18Adafruit_I2CDevice15write_then_readEPKhjPhjb
                0x00000000080011b2       0x4a ./Core/Src/ICM20948/Adafruit_I2CDevice.o
                0x00000000080011b2                Adafruit_I2CDevice::write_then_read(unsigned char const*, unsigned int, unsigned char*, unsigned int, bool)
 .text._ZN17Adafruit_ICM20948C2Ev
                0x00000000080011fc       0x24 ./Core/Src/ICM20948/Adafruit_ICM20948.o
                0x00000000080011fc                Adafruit_ICM20948::Adafruit_ICM20948()
                0x00000000080011fc                Adafruit_ICM20948::Adafruit_ICM20948()
 .text._ZN17Adafruit_ICM209489begin_I2CEhl
                0x0000000008001220       0x88 ./Core/Src/ICM20948/Adafruit_ICM20948.o
                0x0000000008001220                Adafruit_ICM20948::begin_I2C(unsigned char, long)
 .text._ZN17Adafruit_ICM2094820auxI2CBusSetupFailedEv
                0x00000000080012a8       0x4e ./Core/Src/ICM20948/Adafruit_ICM20948.o
                0x00000000080012a8                Adafruit_ICM20948::auxI2CBusSetupFailed()
 .text._ZN17Adafruit_ICM209488getMagIdEv
                0x00000000080012f6       0x1e ./Core/Src/ICM20948/Adafruit_ICM20948.o
                0x00000000080012f6                Adafruit_ICM20948::getMagId()
 .text._ZN17Adafruit_ICM209488setupMagEv
                0x0000000008001314       0xf0 ./Core/Src/ICM20948/Adafruit_ICM20948.o
                0x0000000008001314                Adafruit_ICM20948::setupMag()
 .text._ZN17Adafruit_ICM2094815readMagRegisterEh
                0x0000000008001404       0x22 ./Core/Src/ICM20948/Adafruit_ICM20948.o
                0x0000000008001404                Adafruit_ICM20948::readMagRegister(unsigned char)
 .text._ZN17Adafruit_ICM2094816writeMagRegisterEhh
                0x0000000008001426       0x26 ./Core/Src/ICM20948/Adafruit_ICM20948.o
                0x0000000008001426                Adafruit_ICM20948::writeMagRegister(unsigned char, unsigned char)
 *fill*         0x000000000800144c        0x4 
 .text._ZN17Adafruit_ICM2094811scaleValuesEv
                0x0000000008001450      0x1c0 ./Core/Src/ICM20948/Adafruit_ICM20948.o
                0x0000000008001450                Adafruit_ICM20948::scaleValues()
 .text._ZN17Adafruit_ICM2094813getAccelRangeEv
                0x0000000008001610       0x1a ./Core/Src/ICM20948/Adafruit_ICM20948.o
                0x0000000008001610                Adafruit_ICM20948::getAccelRange()
 .text._ZN17Adafruit_ICM2094812getGyroRangeEv
                0x000000000800162a       0x1a ./Core/Src/ICM20948/Adafruit_ICM20948.o
                0x000000000800162a                Adafruit_ICM20948::getGyroRange()
 .text._ZN17Adafruit_ICM2094814getMagDataRateEv
                0x0000000008001644       0x1e ./Core/Src/ICM20948/Adafruit_ICM20948.o
                0x0000000008001644                Adafruit_ICM20948::getMagDataRate()
 .text._ZN17Adafruit_ICM2094814setMagDataRateE19ak09916_data_rate_t
                0x0000000008001662       0x46 ./Core/Src/ICM20948/Adafruit_ICM20948.o
                0x0000000008001662                Adafruit_ICM20948::setMagDataRate(ak09916_data_rate_t)
 .text._ZN15Adafruit_SensorC2Ev
                0x00000000080016a8       0x20 ./Core/Src/ICM20948/Adafruit_ICM20X.o
                0x00000000080016a8                Adafruit_Sensor::Adafruit_Sensor()
                0x00000000080016a8                Adafruit_Sensor::Adafruit_Sensor()
 .text._ZN15Adafruit_SensorD2Ev
                0x00000000080016c8       0x20 ./Core/Src/ICM20948/Adafruit_ICM20X.o
                0x00000000080016c8                Adafruit_Sensor::~Adafruit_Sensor()
                0x00000000080016c8                Adafruit_Sensor::~Adafruit_Sensor()
 .text._ZN15Adafruit_SensorD0Ev
                0x00000000080016e8       0x20 ./Core/Src/ICM20948/Adafruit_ICM20X.o
                0x00000000080016e8                Adafruit_Sensor::~Adafruit_Sensor()
 .text._ZN15Adafruit_Sensor15enableAutoRangeEb
                0x0000000008001708       0x18 ./Core/Src/ICM20948/Adafruit_ICM20X.o
                0x0000000008001708                Adafruit_Sensor::enableAutoRange(bool)
 .text._ZN29Adafruit_ICM20X_AccelerometerC2EP15Adafruit_ICM20X
                0x0000000008001720       0x3c ./Core/Src/ICM20948/Adafruit_ICM20X.o
                0x0000000008001720                Adafruit_ICM20X_Accelerometer::Adafruit_ICM20X_Accelerometer(Adafruit_ICM20X*)
                0x0000000008001720                Adafruit_ICM20X_Accelerometer::Adafruit_ICM20X_Accelerometer(Adafruit_ICM20X*)
 .text._ZN20Adafruit_ICM20X_GyroC2EP15Adafruit_ICM20X
                0x000000000800175c       0x3c ./Core/Src/ICM20948/Adafruit_ICM20X.o
                0x000000000800175c                Adafruit_ICM20X_Gyro::Adafruit_ICM20X_Gyro(Adafruit_ICM20X*)
                0x000000000800175c                Adafruit_ICM20X_Gyro::Adafruit_ICM20X_Gyro(Adafruit_ICM20X*)
 .text._ZN28Adafruit_ICM20X_MagnetometerC2EP15Adafruit_ICM20X
                0x0000000008001798       0x3c ./Core/Src/ICM20948/Adafruit_ICM20X.o
                0x0000000008001798                Adafruit_ICM20X_Magnetometer::Adafruit_ICM20X_Magnetometer(Adafruit_ICM20X*)
                0x0000000008001798                Adafruit_ICM20X_Magnetometer::Adafruit_ICM20X_Magnetometer(Adafruit_ICM20X*)
 .text._ZN20Adafruit_ICM20X_TempC2EP15Adafruit_ICM20X
                0x00000000080017d4       0x3c ./Core/Src/ICM20948/Adafruit_ICM20X.o
                0x00000000080017d4                Adafruit_ICM20X_Temp::Adafruit_ICM20X_Temp(Adafruit_ICM20X*)
                0x00000000080017d4                Adafruit_ICM20X_Temp::Adafruit_ICM20X_Temp(Adafruit_ICM20X*)
 .text._ZN15Adafruit_ICM20XC2Ev
                0x0000000008001810       0x40 ./Core/Src/ICM20948/Adafruit_ICM20X.o
                0x0000000008001810                Adafruit_ICM20X::Adafruit_ICM20X()
                0x0000000008001810                Adafruit_ICM20X::Adafruit_ICM20X()
 .text._ZN15Adafruit_ICM20XD2Ev
                0x0000000008001850       0x84 ./Core/Src/ICM20948/Adafruit_ICM20X.o
                0x0000000008001850                Adafruit_ICM20X::~Adafruit_ICM20X()
                0x0000000008001850                Adafruit_ICM20X::~Adafruit_ICM20X()
 .text._ZN15Adafruit_ICM20X9begin_I2CEhl
                0x00000000080018d4       0x1c ./Core/Src/ICM20948/Adafruit_ICM20X.o
                0x00000000080018d4                Adafruit_ICM20X::begin_I2C(unsigned char, long)
 .text._ZN15Adafruit_ICM20X5resetEv
                0x00000000080018f0       0x7e ./Core/Src/ICM20948/Adafruit_ICM20X.o
                0x00000000080018f0                Adafruit_ICM20X::reset()
 .text._ZN15Adafruit_ICM20X5_initEl
                0x000000000800196e      0x14c ./Core/Src/ICM20948/Adafruit_ICM20X.o
                0x000000000800196e                Adafruit_ICM20X::_init(long)
 .text._ZN15Adafruit_ICM20X8getEventEP15sensors_event_tS1_S1_S1_
                0x0000000008001aba       0x52 ./Core/Src/ICM20948/Adafruit_ICM20X.o
                0x0000000008001aba                Adafruit_ICM20X::getEvent(sensors_event_t*, sensors_event_t*, sensors_event_t*, sensors_event_t*)
 .text._ZN15Adafruit_ICM20X14fillAccelEventEP15sensors_event_tm
                0x0000000008001b0c       0x78 ./Core/Src/ICM20948/Adafruit_ICM20X.o
                0x0000000008001b0c                Adafruit_ICM20X::fillAccelEvent(sensors_event_t*, unsigned long)
 .text._ZN15Adafruit_ICM20X13fillGyroEventEP15sensors_event_tm
                0x0000000008001b84       0x78 ./Core/Src/ICM20948/Adafruit_ICM20X.o
                0x0000000008001b84                Adafruit_ICM20X::fillGyroEvent(sensors_event_t*, unsigned long)
 .text._ZN15Adafruit_ICM20X12fillMagEventEP15sensors_event_tm
                0x0000000008001bfc       0x4e ./Core/Src/ICM20948/Adafruit_ICM20X.o
                0x0000000008001bfc                Adafruit_ICM20X::fillMagEvent(sensors_event_t*, unsigned long)
 *fill*         0x0000000008001c4a        0x6 
 .text._ZN15Adafruit_ICM20X13fillTempEventEP15sensors_event_tm
                0x0000000008001c50       0x7c ./Core/Src/ICM20948/Adafruit_ICM20X.o
                0x0000000008001c50                Adafruit_ICM20X::fillTempEvent(sensors_event_t*, unsigned long)
 .text._ZN15Adafruit_ICM20X5_readEv
                0x0000000008001ccc      0x126 ./Core/Src/ICM20948/Adafruit_ICM20X.o
                0x0000000008001ccc                Adafruit_ICM20X::_read()
 .text._ZN15Adafruit_ICM20X11scaleValuesEv
                0x0000000008001df2       0x14 ./Core/Src/ICM20948/Adafruit_ICM20X.o
                0x0000000008001df2                Adafruit_ICM20X::scaleValues()
 .text._ZN15Adafruit_ICM20X8_setBankEh
                0x0000000008001e06       0x44 ./Core/Src/ICM20948/Adafruit_ICM20X.o
                0x0000000008001e06                Adafruit_ICM20X::_setBank(unsigned char)
 .text._ZN15Adafruit_ICM20X14readAccelRangeEv
                0x0000000008001e4a       0x60 ./Core/Src/ICM20948/Adafruit_ICM20X.o
                0x0000000008001e4a                Adafruit_ICM20X::readAccelRange()
 .text._ZN15Adafruit_ICM20X15writeAccelRangeEh
                0x0000000008001eaa       0x66 ./Core/Src/ICM20948/Adafruit_ICM20X.o
                0x0000000008001eaa                Adafruit_ICM20X::writeAccelRange(unsigned char)
 .text._ZN15Adafruit_ICM20X13readGyroRangeEv
                0x0000000008001f10       0x60 ./Core/Src/ICM20948/Adafruit_ICM20X.o
                0x0000000008001f10                Adafruit_ICM20X::readGyroRange()
 .text._ZN15Adafruit_ICM20X14writeGyroRangeEh
                0x0000000008001f70       0x66 ./Core/Src/ICM20948/Adafruit_ICM20X.o
                0x0000000008001f70                Adafruit_ICM20X::writeGyroRange(unsigned char)
 .text._ZN15Adafruit_ICM20X19getAccelRateDivisorEv
                0x0000000008001fd6       0x4c ./Core/Src/ICM20948/Adafruit_ICM20X.o
                0x0000000008001fd6                Adafruit_ICM20X::getAccelRateDivisor()
 .text._ZN15Adafruit_ICM20X19setAccelRateDivisorEt
                0x0000000008002022       0x4e ./Core/Src/ICM20948/Adafruit_ICM20X.o
                0x0000000008002022                Adafruit_ICM20X::setAccelRateDivisor(unsigned short)
 .text._ZN15Adafruit_ICM20X18getGyroRateDivisorEv
                0x0000000008002070       0x4c ./Core/Src/ICM20948/Adafruit_ICM20X.o
                0x0000000008002070                Adafruit_ICM20X::getGyroRateDivisor()
 .text._ZN15Adafruit_ICM20X18setGyroRateDivisorEh
                0x00000000080020bc       0x4e ./Core/Src/ICM20948/Adafruit_ICM20X.o
                0x00000000080020bc                Adafruit_ICM20X::setGyroRateDivisor(unsigned char)
 .text._ZN15Adafruit_ICM20X12setI2CBypassEb
                0x000000000800210a       0x56 ./Core/Src/ICM20948/Adafruit_ICM20X.o
                0x000000000800210a                Adafruit_ICM20X::setI2CBypass(bool)
 .text._ZN15Adafruit_ICM20X15enableI2CMasterEb
                0x0000000008002160       0x58 ./Core/Src/ICM20948/Adafruit_ICM20X.o
                0x0000000008002160                Adafruit_ICM20X::enableI2CMaster(bool)
 .text._ZN15Adafruit_ICM20X18configureI2CMasterEv
                0x00000000080021b8       0x44 ./Core/Src/ICM20948/Adafruit_ICM20X.o
                0x00000000080021b8                Adafruit_ICM20X::configureI2CMaster()
 .text._ZN15Adafruit_ICM20X20readExternalRegisterEhh
                0x00000000080021fc       0x2a ./Core/Src/ICM20948/Adafruit_ICM20X.o
                0x00000000080021fc                Adafruit_ICM20X::readExternalRegister(unsigned char, unsigned char)
 .text._ZN15Adafruit_ICM20X21writeExternalRegisterEhhh
                0x0000000008002226       0x40 ./Core/Src/ICM20948/Adafruit_ICM20X.o
                0x0000000008002226                Adafruit_ICM20X::writeExternalRegister(unsigned char, unsigned char, unsigned char)
 .text._ZN15Adafruit_ICM20X28auxillaryRegisterTransactionEbhhh
                0x0000000008002266      0x1d8 ./Core/Src/ICM20948/Adafruit_ICM20X.o
                0x0000000008002266                Adafruit_ICM20X::auxillaryRegisterTransaction(bool, unsigned char, unsigned char, unsigned char)
 .text._ZN15Adafruit_ICM20X14resetI2CMasterEv
                0x000000000800243e       0x78 ./Core/Src/ICM20948/Adafruit_ICM20X.o
                0x000000000800243e                Adafruit_ICM20X::resetI2CMaster()
 *fill*         0x00000000080024b6        0x2 
 .text._ZN29Adafruit_ICM20X_Accelerometer9getSensorEP8sensor_t
                0x00000000080024b8       0x54 ./Core/Src/ICM20948/Adafruit_ICM20X.o
                0x00000000080024b8                Adafruit_ICM20X_Accelerometer::getSensor(sensor_t*)
 .text._ZN29Adafruit_ICM20X_Accelerometer8getEventEP15sensors_event_t
                0x000000000800250c       0x32 ./Core/Src/ICM20948/Adafruit_ICM20X.o
                0x000000000800250c                Adafruit_ICM20X_Accelerometer::getEvent(sensors_event_t*)
 *fill*         0x000000000800253e        0x2 
 .text._ZN20Adafruit_ICM20X_Gyro9getSensorEP8sensor_t
                0x0000000008002540       0x54 ./Core/Src/ICM20948/Adafruit_ICM20X.o
                0x0000000008002540                Adafruit_ICM20X_Gyro::getSensor(sensor_t*)
 .text._ZN20Adafruit_ICM20X_Gyro8getEventEP15sensors_event_t
                0x0000000008002594       0x32 ./Core/Src/ICM20948/Adafruit_ICM20X.o
                0x0000000008002594                Adafruit_ICM20X_Gyro::getEvent(sensors_event_t*)
 *fill*         0x00000000080025c6        0x2 
 .text._ZN28Adafruit_ICM20X_Magnetometer9getSensorEP8sensor_t
                0x00000000080025c8       0x54 ./Core/Src/ICM20948/Adafruit_ICM20X.o
                0x00000000080025c8                Adafruit_ICM20X_Magnetometer::getSensor(sensor_t*)
 .text._ZN28Adafruit_ICM20X_Magnetometer8getEventEP15sensors_event_t
                0x000000000800261c       0x32 ./Core/Src/ICM20948/Adafruit_ICM20X.o
                0x000000000800261c                Adafruit_ICM20X_Magnetometer::getEvent(sensors_event_t*)
 *fill*         0x000000000800264e        0x2 
 .text._ZN20Adafruit_ICM20X_Temp9getSensorEP8sensor_t
                0x0000000008002650       0x54 ./Core/Src/ICM20948/Adafruit_ICM20X.o
                0x0000000008002650                Adafruit_ICM20X_Temp::getSensor(sensor_t*)
 .text._ZN20Adafruit_ICM20X_Temp8getEventEP15sensors_event_t
                0x00000000080026a4       0x32 ./Core/Src/ICM20948/Adafruit_ICM20X.o
                0x00000000080026a4                Adafruit_ICM20X_Temp::getEvent(sensors_event_t*)
 *fill*         0x00000000080026d6        0x2 
 .text._ZN20Adafruit_ICM20X_TempD2Ev
                0x00000000080026d8       0x24 ./Core/Src/ICM20948/Adafruit_ICM20X.o
                0x00000000080026d8                Adafruit_ICM20X_Temp::~Adafruit_ICM20X_Temp()
                0x00000000080026d8                Adafruit_ICM20X_Temp::~Adafruit_ICM20X_Temp()
 .text._ZN20Adafruit_ICM20X_TempD0Ev
                0x00000000080026fc       0x20 ./Core/Src/ICM20948/Adafruit_ICM20X.o
                0x00000000080026fc                Adafruit_ICM20X_Temp::~Adafruit_ICM20X_Temp()
 .text._ZN28Adafruit_ICM20X_MagnetometerD2Ev
                0x000000000800271c       0x24 ./Core/Src/ICM20948/Adafruit_ICM20X.o
                0x000000000800271c                Adafruit_ICM20X_Magnetometer::~Adafruit_ICM20X_Magnetometer()
                0x000000000800271c                Adafruit_ICM20X_Magnetometer::~Adafruit_ICM20X_Magnetometer()
 .text._ZN28Adafruit_ICM20X_MagnetometerD0Ev
                0x0000000008002740       0x20 ./Core/Src/ICM20948/Adafruit_ICM20X.o
                0x0000000008002740                Adafruit_ICM20X_Magnetometer::~Adafruit_ICM20X_Magnetometer()
 .text._ZN20Adafruit_ICM20X_GyroD2Ev
                0x0000000008002760       0x24 ./Core/Src/ICM20948/Adafruit_ICM20X.o
                0x0000000008002760                Adafruit_ICM20X_Gyro::~Adafruit_ICM20X_Gyro()
                0x0000000008002760                Adafruit_ICM20X_Gyro::~Adafruit_ICM20X_Gyro()
 .text._ZN20Adafruit_ICM20X_GyroD0Ev
                0x0000000008002784       0x20 ./Core/Src/ICM20948/Adafruit_ICM20X.o
                0x0000000008002784                Adafruit_ICM20X_Gyro::~Adafruit_ICM20X_Gyro()
 .text._ZN29Adafruit_ICM20X_AccelerometerD2Ev
                0x00000000080027a4       0x24 ./Core/Src/ICM20948/Adafruit_ICM20X.o
                0x00000000080027a4                Adafruit_ICM20X_Accelerometer::~Adafruit_ICM20X_Accelerometer()
                0x00000000080027a4                Adafruit_ICM20X_Accelerometer::~Adafruit_ICM20X_Accelerometer()
 .text._ZN29Adafruit_ICM20X_AccelerometerD0Ev
                0x00000000080027c8       0x20 ./Core/Src/ICM20948/Adafruit_ICM20X.o
                0x00000000080027c8                Adafruit_ICM20X_Accelerometer::~Adafruit_ICM20X_Accelerometer()
 .text._ZN17Adafruit_ICM20948D2Ev
                0x00000000080027e8       0x24 ./Core/Src/main.o
                0x00000000080027e8                Adafruit_ICM20948::~Adafruit_ICM20948()
                0x00000000080027e8                Adafruit_ICM20948::~Adafruit_ICM20948()
 *fill*         0x000000000800280c        0x4 
 .text.main     0x0000000008002810      0x148 ./Core/Src/main.o
                0x0000000008002810                main
 .text._Z18SystemClock_Configv
                0x0000000008002958       0xe4 ./Core/Src/main.o
                0x0000000008002958                SystemClock_Config()
 .text._Z24PeriphCommonClock_Configv
                0x0000000008002a3c       0x4a ./Core/Src/main.o
                0x0000000008002a3c                PeriphCommonClock_Config()
 *fill*         0x0000000008002a86        0x2 
 .text._ZL12MX_I2C1_Initv
                0x0000000008002a88       0x68 ./Core/Src/main.o
 .text._ZL12MX_I2S2_Initv
                0x0000000008002af0       0x68 ./Core/Src/main.o
 .text._ZL12MX_I2S3_Initv
                0x0000000008002b58       0x68 ./Core/Src/main.o
 .text._ZL12MX_SPI1_Initv
                0x0000000008002bc0       0x70 ./Core/Src/main.o
 .text._ZL19MX_USART2_UART_Initv
                0x0000000008002c30       0x5c ./Core/Src/main.o
 .text._ZL12MX_GPIO_Initv
                0x0000000008002c8c      0x19c ./Core/Src/main.o
 .text.Error_Handler
                0x0000000008002e28        0xa ./Core/Src/main.o
                0x0000000008002e28                Error_Handler
 *fill*         0x0000000008002e32        0x2 
 .text._Z41__static_initialization_and_destruction_0ii
                0x0000000008002e34       0x44 ./Core/Src/main.o
 .text._GLOBAL__sub_I_hi2c1
                0x0000000008002e78       0x10 ./Core/Src/main.o
 .text._GLOBAL__sub_D_hi2c1
                0x0000000008002e88       0x10 ./Core/Src/main.o
 .text.HAL_MspInit
                0x0000000008002e98       0x50 ./Core/Src/stm32f4xx_hal_msp.o
                0x0000000008002e98                HAL_MspInit
 .text.HAL_I2C_MspInit
                0x0000000008002ee8       0x90 ./Core/Src/stm32f4xx_hal_msp.o
                0x0000000008002ee8                HAL_I2C_MspInit
 .text.HAL_I2S_MspInit
                0x0000000008002f78      0x19c ./Core/Src/stm32f4xx_hal_msp.o
                0x0000000008002f78                HAL_I2S_MspInit
 .text.HAL_SPI_MspInit
                0x0000000008003114       0x90 ./Core/Src/stm32f4xx_hal_msp.o
                0x0000000008003114                HAL_SPI_MspInit
 .text.HAL_UART_MspInit
                0x00000000080031a4       0xa0 ./Core/Src/stm32f4xx_hal_msp.o
                0x00000000080031a4                HAL_UART_MspInit
 .text.NMI_Handler
                0x0000000008003244        0x6 ./Core/Src/stm32f4xx_it.o
                0x0000000008003244                NMI_Handler
 .text.HardFault_Handler
                0x000000000800324a        0x6 ./Core/Src/stm32f4xx_it.o
                0x000000000800324a                HardFault_Handler
 .text.MemManage_Handler
                0x0000000008003250        0x6 ./Core/Src/stm32f4xx_it.o
                0x0000000008003250                MemManage_Handler
 .text.BusFault_Handler
                0x0000000008003256        0x6 ./Core/Src/stm32f4xx_it.o
                0x0000000008003256                BusFault_Handler
 .text.UsageFault_Handler
                0x000000000800325c        0x6 ./Core/Src/stm32f4xx_it.o
                0x000000000800325c                UsageFault_Handler
 .text.SVC_Handler
                0x0000000008003262        0xe ./Core/Src/stm32f4xx_it.o
                0x0000000008003262                SVC_Handler
 .text.DebugMon_Handler
                0x0000000008003270        0xe ./Core/Src/stm32f4xx_it.o
                0x0000000008003270                DebugMon_Handler
 .text.PendSV_Handler
                0x000000000800327e        0xe ./Core/Src/stm32f4xx_it.o
                0x000000000800327e                PendSV_Handler
 .text.SysTick_Handler
                0x000000000800328c        0xc ./Core/Src/stm32f4xx_it.o
                0x000000000800328c                SysTick_Handler
 .text.USART2_IRQHandler
                0x0000000008003298       0x14 ./Core/Src/stm32f4xx_it.o
                0x0000000008003298                USART2_IRQHandler
 .text.OTG_FS_IRQHandler
                0x00000000080032ac       0x14 ./Core/Src/stm32f4xx_it.o
                0x00000000080032ac                OTG_FS_IRQHandler
 .text._getpid  0x00000000080032c0       0x10 ./Core/Src/syscalls.o
                0x00000000080032c0                _getpid
 .text._kill    0x00000000080032d0       0x20 ./Core/Src/syscalls.o
                0x00000000080032d0                _kill
 .text._exit    0x00000000080032f0       0x14 ./Core/Src/syscalls.o
                0x00000000080032f0                _exit
 .text._sbrk    0x0000000008003304       0x6c ./Core/Src/sysmem.o
                0x0000000008003304                _sbrk
 .text.SystemInit
                0x0000000008003370       0x24 ./Core/Src/system_stm32f4xx.o
                0x0000000008003370                SystemInit
 .text.Reset_Handler
                0x0000000008003394       0x50 ./Core/Startup/startup_stm32f411vetx.o
                0x0000000008003394                Reset_Handler
 .text.Default_Handler
                0x00000000080033e4        0x2 ./Core/Startup/startup_stm32f411vetx.o
                0x00000000080033e4                RTC_Alarm_IRQHandler
                0x00000000080033e4                EXTI2_IRQHandler
                0x00000000080033e4                SPI4_IRQHandler
                0x00000000080033e4                TIM1_CC_IRQHandler
                0x00000000080033e4                DMA2_Stream5_IRQHandler
                0x00000000080033e4                DMA1_Stream5_IRQHandler
                0x00000000080033e4                PVD_IRQHandler
                0x00000000080033e4                SDIO_IRQHandler
                0x00000000080033e4                TAMP_STAMP_IRQHandler
                0x00000000080033e4                EXTI3_IRQHandler
                0x00000000080033e4                TIM1_UP_TIM10_IRQHandler
                0x00000000080033e4                I2C3_ER_IRQHandler
                0x00000000080033e4                EXTI0_IRQHandler
                0x00000000080033e4                I2C2_EV_IRQHandler
                0x00000000080033e4                DMA1_Stream2_IRQHandler
                0x00000000080033e4                FPU_IRQHandler
                0x00000000080033e4                DMA2_Stream2_IRQHandler
                0x00000000080033e4                SPI1_IRQHandler
                0x00000000080033e4                TIM1_BRK_TIM9_IRQHandler
                0x00000000080033e4                DMA2_Stream3_IRQHandler
                0x00000000080033e4                USART6_IRQHandler
                0x00000000080033e4                DMA2_Stream0_IRQHandler
                0x00000000080033e4                TIM4_IRQHandler
                0x00000000080033e4                I2C1_EV_IRQHandler
                0x00000000080033e4                DMA1_Stream6_IRQHandler
                0x00000000080033e4                DMA1_Stream1_IRQHandler
                0x00000000080033e4                TIM3_IRQHandler
                0x00000000080033e4                RCC_IRQHandler
                0x00000000080033e4                Default_Handler
                0x00000000080033e4                EXTI15_10_IRQHandler
                0x00000000080033e4                ADC_IRQHandler
                0x00000000080033e4                DMA1_Stream7_IRQHandler
                0x00000000080033e4                SPI5_IRQHandler
                0x00000000080033e4                TIM5_IRQHandler
                0x00000000080033e4                DMA2_Stream7_IRQHandler
                0x00000000080033e4                I2C3_EV_IRQHandler
                0x00000000080033e4                EXTI9_5_IRQHandler
                0x00000000080033e4                RTC_WKUP_IRQHandler
                0x00000000080033e4                SPI2_IRQHandler
                0x00000000080033e4                DMA1_Stream0_IRQHandler
                0x00000000080033e4                EXTI4_IRQHandler
                0x00000000080033e4                WWDG_IRQHandler
                0x00000000080033e4                TIM2_IRQHandler
                0x00000000080033e4                OTG_FS_WKUP_IRQHandler
                0x00000000080033e4                TIM1_TRG_COM_TIM11_IRQHandler
                0x00000000080033e4                EXTI1_IRQHandler
                0x00000000080033e4                I2C2_ER_IRQHandler
                0x00000000080033e4                DMA2_Stream1_IRQHandler
                0x00000000080033e4                FLASH_IRQHandler
                0x00000000080033e4                DMA2_Stream4_IRQHandler
                0x00000000080033e4                USART1_IRQHandler
                0x00000000080033e4                SPI3_IRQHandler
                0x00000000080033e4                DMA1_Stream4_IRQHandler
                0x00000000080033e4                I2C1_ER_IRQHandler
                0x00000000080033e4                DMA2_Stream6_IRQHandler
                0x00000000080033e4                DMA1_Stream3_IRQHandler
 *fill*         0x00000000080033e6        0x2 
 .text.HAL_Init
                0x00000000080033e8       0x44 ./Drivers/STM32F4xx_HAL_Driver/Src/stm32f4xx_hal.o
                0x00000000080033e8                HAL_Init
 .text.HAL_InitTick
                0x000000000800342c       0x60 ./Drivers/STM32F4xx_HAL_Driver/Src/stm32f4xx_hal.o
                0x000000000800342c                HAL_InitTick
 .text.HAL_IncTick
                0x000000000800348c       0x28 ./Drivers/STM32F4xx_HAL_Driver/Src/stm32f4xx_hal.o
                0x000000000800348c                HAL_IncTick
 .text.HAL_GetTick
                0x00000000080034b4       0x18 ./Drivers/STM32F4xx_HAL_Driver/Src/stm32f4xx_hal.o
                0x00000000080034b4                HAL_GetTick
 .text.HAL_Delay
                0x00000000080034cc       0x48 ./Drivers/STM32F4xx_HAL_Driver/Src/stm32f4xx_hal.o
                0x00000000080034cc                HAL_Delay
 .text.__NVIC_SetPriorityGrouping
                0x0000000008003514       0x48 ./Drivers/STM32F4xx_HAL_Driver/Src/stm32f4xx_hal_cortex.o
 .text.__NVIC_GetPriorityGrouping
                0x000000000800355c       0x1c ./Drivers/STM32F4xx_HAL_Driver/Src/stm32f4xx_hal_cortex.o
 .text.__NVIC_EnableIRQ
                0x0000000008003578       0x3c ./Drivers/STM32F4xx_HAL_Driver/Src/stm32f4xx_hal_cortex.o
 .text.__NVIC_SetPriority
                0x00000000080035b4       0x54 ./Drivers/STM32F4xx_HAL_Driver/Src/stm32f4xx_hal_cortex.o
 .text.NVIC_EncodePriority
                0x0000000008003608       0x66 ./Drivers/STM32F4xx_HAL_Driver/Src/stm32f4xx_hal_cortex.o
 *fill*         0x000000000800366e        0x2 
 .text.SysTick_Config
                0x0000000008003670       0x44 ./Drivers/STM32F4xx_HAL_Driver/Src/stm32f4xx_hal_cortex.o
 .text.HAL_NVIC_SetPriorityGrouping
                0x00000000080036b4       0x16 ./Drivers/STM32F4xx_HAL_Driver/Src/stm32f4xx_hal_cortex.o
                0x00000000080036b4                HAL_NVIC_SetPriorityGrouping
 .text.HAL_NVIC_SetPriority
                0x00000000080036ca       0x38 ./Drivers/STM32F4xx_HAL_Driver/Src/stm32f4xx_hal_cortex.o
                0x00000000080036ca                HAL_NVIC_SetPriority
 .text.HAL_NVIC_EnableIRQ
                0x0000000008003702       0x1c ./Drivers/STM32F4xx_HAL_Driver/Src/stm32f4xx_hal_cortex.o
                0x0000000008003702                HAL_NVIC_EnableIRQ
 .text.HAL_SYSTICK_Config
                0x000000000800371e       0x18 ./Drivers/STM32F4xx_HAL_Driver/Src/stm32f4xx_hal_cortex.o
                0x000000000800371e                HAL_SYSTICK_Config
 .text.HAL_DMA_Abort
                0x0000000008003736       0xe0 ./Drivers/STM32F4xx_HAL_Driver/Src/stm32f4xx_hal_dma.o
                0x0000000008003736                HAL_DMA_Abort
 .text.HAL_DMA_Abort_IT
                0x0000000008003816       0x44 ./Drivers/STM32F4xx_HAL_Driver/Src/stm32f4xx_hal_dma.o
                0x0000000008003816                HAL_DMA_Abort_IT
 *fill*         0x000000000800385a        0x2 
 .text.HAL_GPIO_Init
                0x000000000800385c      0x308 ./Drivers/STM32F4xx_HAL_Driver/Src/stm32f4xx_hal_gpio.o
                0x000000000800385c                HAL_GPIO_Init
 .text.HAL_GPIO_WritePin
                0x0000000008003b64       0x32 ./Drivers/STM32F4xx_HAL_Driver/Src/stm32f4xx_hal_gpio.o
                0x0000000008003b64                HAL_GPIO_WritePin
 .text.HAL_HCD_Init
                0x0000000008003b96       0xc4 ./Drivers/STM32F4xx_HAL_Driver/Src/stm32f4xx_hal_hcd.o
                0x0000000008003b96                HAL_HCD_Init
 .text.HAL_HCD_HC_Init
                0x0000000008003c5a      0x11e ./Drivers/STM32F4xx_HAL_Driver/Src/stm32f4xx_hal_hcd.o
                0x0000000008003c5a                HAL_HCD_HC_Init
 .text.HAL_HCD_HC_Halt
                0x0000000008003d78       0x46 ./Drivers/STM32F4xx_HAL_Driver/Src/stm32f4xx_hal_hcd.o
                0x0000000008003d78                HAL_HCD_HC_Halt
 *fill*         0x0000000008003dbe        0x2 
 .text.HAL_HCD_HC_SubmitRequest
                0x0000000008003dc0      0x2ac ./Drivers/STM32F4xx_HAL_Driver/Src/stm32f4xx_hal_hcd.o
                0x0000000008003dc0                HAL_HCD_HC_SubmitRequest
 .text.HAL_HCD_IRQHandler
                0x000000000800406c      0x216 ./Drivers/STM32F4xx_HAL_Driver/Src/stm32f4xx_hal_hcd.o
                0x000000000800406c                HAL_HCD_IRQHandler
 .text.HAL_HCD_Start
                0x0000000008004282       0x46 ./Drivers/STM32F4xx_HAL_Driver/Src/stm32f4xx_hal_hcd.o
                0x0000000008004282                HAL_HCD_Start
 .text.HAL_HCD_Stop
                0x00000000080042c8       0x3a ./Drivers/STM32F4xx_HAL_Driver/Src/stm32f4xx_hal_hcd.o
                0x00000000080042c8                HAL_HCD_Stop
 .text.HAL_HCD_ResetPort
                0x0000000008004302       0x1c ./Drivers/STM32F4xx_HAL_Driver/Src/stm32f4xx_hal_hcd.o
                0x0000000008004302                HAL_HCD_ResetPort
 .text.HAL_HCD_HC_GetURBState
                0x000000000800431e       0x28 ./Drivers/STM32F4xx_HAL_Driver/Src/stm32f4xx_hal_hcd.o
                0x000000000800431e                HAL_HCD_HC_GetURBState
 .text.HAL_HCD_HC_GetXferCount
                0x0000000008004346       0x28 ./Drivers/STM32F4xx_HAL_Driver/Src/stm32f4xx_hal_hcd.o
                0x0000000008004346                HAL_HCD_HC_GetXferCount
 .text.HAL_HCD_GetCurrentFrame
                0x000000000800436e       0x1c ./Drivers/STM32F4xx_HAL_Driver/Src/stm32f4xx_hal_hcd.o
                0x000000000800436e                HAL_HCD_GetCurrentFrame
 .text.HAL_HCD_GetCurrentSpeed
                0x000000000800438a       0x1c ./Drivers/STM32F4xx_HAL_Driver/Src/stm32f4xx_hal_hcd.o
                0x000000000800438a                HAL_HCD_GetCurrentSpeed
 .text.HCD_HC_IN_IRQHandler
                0x00000000080043a6      0x6aa ./Drivers/STM32F4xx_HAL_Driver/Src/stm32f4xx_hal_hcd.o
 .text.HCD_HC_OUT_IRQHandler
                0x0000000008004a50      0x6d2 ./Drivers/STM32F4xx_HAL_Driver/Src/stm32f4xx_hal_hcd.o
 .text.HCD_RXQLVL_IRQHandler
                0x0000000008005122      0x1a4 ./Drivers/STM32F4xx_HAL_Driver/Src/stm32f4xx_hal_hcd.o
 .text.HCD_Port_IRQHandler
                0x00000000080052c6       0xe6 ./Drivers/STM32F4xx_HAL_Driver/Src/stm32f4xx_hal_hcd.o
 .text.HAL_I2C_Init
                0x00000000080053ac      0x288 ./Drivers/STM32F4xx_HAL_Driver/Src/stm32f4xx_hal_i2c.o
                0x00000000080053ac                HAL_I2C_Init
 .text.HAL_I2S_Init
                0x0000000008005634      0x280 ./Drivers/STM32F4xx_HAL_Driver/Src/stm32f4xx_hal_i2s.o
                0x0000000008005634                HAL_I2S_Init
 .text.HAL_I2S_TxCpltCallback
                0x00000000080058b4       0x14 ./Drivers/STM32F4xx_HAL_Driver/Src/stm32f4xx_hal_i2s.o
                0x00000000080058b4                HAL_I2S_TxCpltCallback
 .text.HAL_I2S_RxCpltCallback
                0x00000000080058c8       0x14 ./Drivers/STM32F4xx_HAL_Driver/Src/stm32f4xx_hal_i2s.o
                0x00000000080058c8                HAL_I2S_RxCpltCallback
 .text.HAL_I2S_ErrorCallback
                0x00000000080058dc       0x14 ./Drivers/STM32F4xx_HAL_Driver/Src/stm32f4xx_hal_i2s.o
                0x00000000080058dc                HAL_I2S_ErrorCallback
 .text.I2S_Transmit_IT
                0x00000000080058f0       0x5c ./Drivers/STM32F4xx_HAL_Driver/Src/stm32f4xx_hal_i2s.o
 .text.I2S_Receive_IT
                0x000000000800594c       0x5e ./Drivers/STM32F4xx_HAL_Driver/Src/stm32f4xx_hal_i2s.o
 .text.I2S_IRQHandler
                0x00000000080059aa      0x114 ./Drivers/STM32F4xx_HAL_Driver/Src/stm32f4xx_hal_i2s.o
 *fill*         0x0000000008005abe        0x2 
 .text.HAL_I2SEx_FullDuplex_IRQHandler
                0x0000000008005ac0      0x2a8 ./Drivers/STM32F4xx_HAL_Driver/Src/stm32f4xx_hal_i2s_ex.o
                0x0000000008005ac0                HAL_I2SEx_FullDuplex_IRQHandler
 .text.HAL_I2SEx_TxRxCpltCallback
                0x0000000008005d68       0x14 ./Drivers/STM32F4xx_HAL_Driver/Src/stm32f4xx_hal_i2s_ex.o
                0x0000000008005d68                HAL_I2SEx_TxRxCpltCallback
 .text.I2SEx_TxISR_I2S
                0x0000000008005d7c       0x62 ./Drivers/STM32F4xx_HAL_Driver/Src/stm32f4xx_hal_i2s_ex.o
 *fill*         0x0000000008005dde        0x2 
 .text.I2SEx_TxISR_I2SExt
                0x0000000008005de0       0x98 ./Drivers/STM32F4xx_HAL_Driver/Src/stm32f4xx_hal_i2s_ex.o
 .text.I2SEx_RxISR_I2S
                0x0000000008005e78       0x64 ./Drivers/STM32F4xx_HAL_Driver/Src/stm32f4xx_hal_i2s_ex.o
 .text.I2SEx_RxISR_I2SExt
                0x0000000008005edc       0x98 ./Drivers/STM32F4xx_HAL_Driver/Src/stm32f4xx_hal_i2s_ex.o
 .text.HAL_RCC_OscConfig
                0x0000000008005f74      0x4f0 ./Drivers/STM32F4xx_HAL_Driver/Src/stm32f4xx_hal_rcc.o
                0x0000000008005f74                HAL_RCC_OscConfig
 .text.HAL_RCC_ClockConfig
                0x0000000008006464      0x1cc ./Drivers/STM32F4xx_HAL_Driver/Src/stm32f4xx_hal_rcc.o
                0x0000000008006464                HAL_RCC_ClockConfig
 .text.HAL_RCC_GetSysClockFreq
                0x0000000008006630      0x20c ./Drivers/STM32F4xx_HAL_Driver/Src/stm32f4xx_hal_rcc.o
                0x0000000008006630                HAL_RCC_GetSysClockFreq
 .text.HAL_RCC_GetHCLKFreq
                0x000000000800683c       0x18 ./Drivers/STM32F4xx_HAL_Driver/Src/stm32f4xx_hal_rcc.o
                0x000000000800683c                HAL_RCC_GetHCLKFreq
 .text.HAL_RCC_GetPCLK1Freq
                0x0000000008006854       0x28 ./Drivers/STM32F4xx_HAL_Driver/Src/stm32f4xx_hal_rcc.o
                0x0000000008006854                HAL_RCC_GetPCLK1Freq
 .text.HAL_RCC_GetPCLK2Freq
                0x000000000800687c       0x28 ./Drivers/STM32F4xx_HAL_Driver/Src/stm32f4xx_hal_rcc.o
                0x000000000800687c                HAL_RCC_GetPCLK2Freq
 .text.HAL_RCCEx_PeriphCLKConfig
                0x00000000080068a4      0x1e0 ./Drivers/STM32F4xx_HAL_Driver/Src/stm32f4xx_hal_rcc_ex.o
                0x00000000080068a4                HAL_RCCEx_PeriphCLKConfig
 .text.HAL_RCCEx_GetPeriphCLKFreq
                0x0000000008006a84       0xc0 ./Drivers/STM32F4xx_HAL_Driver/Src/stm32f4xx_hal_rcc_ex.o
                0x0000000008006a84                HAL_RCCEx_GetPeriphCLKFreq
 .text.HAL_SPI_Init
                0x0000000008006b44      0x112 ./Drivers/STM32F4xx_HAL_Driver/Src/stm32f4xx_hal_spi.o
                0x0000000008006b44                HAL_SPI_Init
 .text.HAL_UART_Init
                0x0000000008006c56       0x9a ./Drivers/STM32F4xx_HAL_Driver/Src/stm32f4xx_hal_uart.o
                0x0000000008006c56                HAL_UART_Init
 .text.HAL_UART_IRQHandler
                0x0000000008006cf0      0x51c ./Drivers/STM32F4xx_HAL_Driver/Src/stm32f4xx_hal_uart.o
                0x0000000008006cf0                HAL_UART_IRQHandler
 .text.HAL_UART_TxCpltCallback
                0x000000000800720c       0x14 ./Drivers/STM32F4xx_HAL_Driver/Src/stm32f4xx_hal_uart.o
                0x000000000800720c                HAL_UART_TxCpltCallback
 .text.HAL_UART_RxCpltCallback
                0x0000000008007220       0x14 ./Drivers/STM32F4xx_HAL_Driver/Src/stm32f4xx_hal_uart.o
                0x0000000008007220                HAL_UART_RxCpltCallback
 .text.HAL_UART_ErrorCallback
                0x0000000008007234       0x14 ./Drivers/STM32F4xx_HAL_Driver/Src/stm32f4xx_hal_uart.o
                0x0000000008007234                HAL_UART_ErrorCallback
 .text.HAL_UARTEx_RxEventCallback
                0x0000000008007248       0x18 ./Drivers/STM32F4xx_HAL_Driver/Src/stm32f4xx_hal_uart.o
                0x0000000008007248                HAL_UARTEx_RxEventCallback
 .text.UART_EndRxTransfer
                0x0000000008007260       0xc6 ./Drivers/STM32F4xx_HAL_Driver/Src/stm32f4xx_hal_uart.o
 .text.UART_DMAAbortOnError
                0x0000000008007326       0x28 ./Drivers/STM32F4xx_HAL_Driver/Src/stm32f4xx_hal_uart.o
 .text.UART_Transmit_IT
                0x000000000800734e       0xa0 ./Drivers/STM32F4xx_HAL_Driver/Src/stm32f4xx_hal_uart.o
 .text.UART_EndTransmit_IT
                0x00000000080073ee       0x30 ./Drivers/STM32F4xx_HAL_Driver/Src/stm32f4xx_hal_uart.o
 .text.UART_Receive_IT
                0x000000000800741e      0x176 ./Drivers/STM32F4xx_HAL_Driver/Src/stm32f4xx_hal_uart.o
 .text.UART_SetConfig
                0x0000000008007594      0x4e8 ./Drivers/STM32F4xx_HAL_Driver/Src/stm32f4xx_hal_uart.o
 .text.USB_CoreInit
                0x0000000008007a7c       0xc2 ./Drivers/STM32F4xx_HAL_Driver/Src/stm32f4xx_ll_usb.o
                0x0000000008007a7c                USB_CoreInit
 .text.USB_EnableGlobalInt
                0x0000000008007b3e       0x22 ./Drivers/STM32F4xx_HAL_Driver/Src/stm32f4xx_ll_usb.o
                0x0000000008007b3e                USB_EnableGlobalInt
 .text.USB_DisableGlobalInt
                0x0000000008007b60       0x22 ./Drivers/STM32F4xx_HAL_Driver/Src/stm32f4xx_ll_usb.o
                0x0000000008007b60                USB_DisableGlobalInt
 .text.USB_SetCurrentMode
                0x0000000008007b82       0x98 ./Drivers/STM32F4xx_HAL_Driver/Src/stm32f4xx_ll_usb.o
                0x0000000008007b82                USB_SetCurrentMode
 *fill*         0x0000000008007c1a        0x2 
 .text.USB_FlushTxFifo
                0x0000000008007c1c       0x68 ./Drivers/STM32F4xx_HAL_Driver/Src/stm32f4xx_ll_usb.o
                0x0000000008007c1c                USB_FlushTxFifo
 .text.USB_FlushRxFifo
                0x0000000008007c84       0x60 ./Drivers/STM32F4xx_HAL_Driver/Src/stm32f4xx_ll_usb.o
                0x0000000008007c84                USB_FlushRxFifo
 .text.USB_WritePacket
                0x0000000008007ce4       0x7c ./Drivers/STM32F4xx_HAL_Driver/Src/stm32f4xx_ll_usb.o
                0x0000000008007ce4                USB_WritePacket
 .text.USB_ReadPacket
                0x0000000008007d60       0xb0 ./Drivers/STM32F4xx_HAL_Driver/Src/stm32f4xx_ll_usb.o
                0x0000000008007d60                USB_ReadPacket
 .text.USB_ReadInterrupts
                0x0000000008007e10       0x26 ./Drivers/STM32F4xx_HAL_Driver/Src/stm32f4xx_ll_usb.o
                0x0000000008007e10                USB_ReadInterrupts
 .text.USB_GetMode
                0x0000000008007e36       0x1c ./Drivers/STM32F4xx_HAL_Driver/Src/stm32f4xx_ll_usb.o
                0x0000000008007e36                USB_GetMode
 *fill*         0x0000000008007e52        0x2 
 .text.USB_CoreReset
                0x0000000008007e54       0x68 ./Drivers/STM32F4xx_HAL_Driver/Src/stm32f4xx_ll_usb.o
 .text.USB_HostInit
                0x0000000008007ebc      0x180 ./Drivers/STM32F4xx_HAL_Driver/Src/stm32f4xx_ll_usb.o
                0x0000000008007ebc                USB_HostInit
 .text.USB_InitFSLSPClkSel
                0x000000000800803c       0x74 ./Drivers/STM32F4xx_HAL_Driver/Src/stm32f4xx_ll_usb.o
                0x000000000800803c                USB_InitFSLSPClkSel
 .text.USB_ResetPort
                0x00000000080080b0       0x54 ./Drivers/STM32F4xx_HAL_Driver/Src/stm32f4xx_ll_usb.o
                0x00000000080080b0                USB_ResetPort
 .text.USB_DriveVbus
                0x0000000008008104       0x72 ./Drivers/STM32F4xx_HAL_Driver/Src/stm32f4xx_ll_usb.o
                0x0000000008008104                USB_DriveVbus
 .text.USB_GetHostSpeed
                0x0000000008008176       0x2e ./Drivers/STM32F4xx_HAL_Driver/Src/stm32f4xx_ll_usb.o
                0x0000000008008176                USB_GetHostSpeed
 .text.USB_GetCurrentFrame
                0x00000000080081a4       0x22 ./Drivers/STM32F4xx_HAL_Driver/Src/stm32f4xx_ll_usb.o
                0x00000000080081a4                USB_GetCurrentFrame
 *fill*         0x00000000080081c6        0x2 
 .text.USB_HC_Init
                0x00000000080081c8      0x244 ./Drivers/STM32F4xx_HAL_Driver/Src/stm32f4xx_ll_usb.o
                0x00000000080081c8                USB_HC_Init
 .text.USB_HC_StartXfer
                0x000000000800840c      0x284 ./Drivers/STM32F4xx_HAL_Driver/Src/stm32f4xx_ll_usb.o
                0x000000000800840c                USB_HC_StartXfer
 .text.USB_HC_ReadInterrupt
                0x0000000008008690       0x22 ./Drivers/STM32F4xx_HAL_Driver/Src/stm32f4xx_ll_usb.o
                0x0000000008008690                USB_HC_ReadInterrupt
 .text.USB_HC_Halt
                0x00000000080086b2      0x1f8 ./Drivers/STM32F4xx_HAL_Driver/Src/stm32f4xx_ll_usb.o
                0x00000000080086b2                USB_HC_Halt
 *fill*         0x00000000080088aa        0x2 
 .text.USB_DoPing
                0x00000000080088ac       0x78 ./Drivers/STM32F4xx_HAL_Driver/Src/stm32f4xx_ll_usb.o
                0x00000000080088ac                USB_DoPing
 .text.USB_StopHost
                0x0000000008008924      0x124 ./Drivers/STM32F4xx_HAL_Driver/Src/stm32f4xx_ll_usb.o
                0x0000000008008924                USB_StopHost
 .text.USBH_CDC_InterfaceInit
                0x0000000008008a48      0x2ac ./Middlewares/ST/STM32_USB_Host_Library/Class/CDC/Src/usbh_cdc.o
 .text.USBH_CDC_InterfaceDeInit
                0x0000000008008cf4       0xb2 ./Middlewares/ST/STM32_USB_Host_Library/Class/CDC/Src/usbh_cdc.o
 .text.USBH_CDC_ClassRequest
                0x0000000008008da6       0x3e ./Middlewares/ST/STM32_USB_Host_Library/Class/CDC/Src/usbh_cdc.o
 .text.USBH_CDC_Process
                0x0000000008008de4      0x12c ./Middlewares/ST/STM32_USB_Host_Library/Class/CDC/Src/usbh_cdc.o
 .text.USBH_CDC_SOFProcess
                0x0000000008008f10       0x16 ./Middlewares/ST/STM32_USB_Host_Library/Class/CDC/Src/usbh_cdc.o
 .text.GetLineCoding
                0x0000000008008f26       0x3e ./Middlewares/ST/STM32_USB_Host_Library/Class/CDC/Src/usbh_cdc.o
 .text.SetLineCoding
                0x0000000008008f64       0x3e ./Middlewares/ST/STM32_USB_Host_Library/Class/CDC/Src/usbh_cdc.o
 .text.CDC_ProcessTransmission
                0x0000000008008fa2       0xec ./Middlewares/ST/STM32_USB_Host_Library/Class/CDC/Src/usbh_cdc.o
 .text.CDC_ProcessReception
                0x000000000800908e       0xb6 ./Middlewares/ST/STM32_USB_Host_Library/Class/CDC/Src/usbh_cdc.o
 .text.USBH_CDC_TransmitCallback
                0x0000000008009144       0x14 ./Middlewares/ST/STM32_USB_Host_Library/Class/CDC/Src/usbh_cdc.o
                0x0000000008009144                USBH_CDC_TransmitCallback
 .text.USBH_CDC_ReceiveCallback
                0x0000000008009158       0x14 ./Middlewares/ST/STM32_USB_Host_Library/Class/CDC/Src/usbh_cdc.o
                0x0000000008009158                USBH_CDC_ReceiveCallback
 .text.USBH_CDC_LineCodingChanged
                0x000000000800916c       0x14 ./Middlewares/ST/STM32_USB_Host_Library/Class/CDC/Src/usbh_cdc.o
                0x000000000800916c                USBH_CDC_LineCodingChanged
 .text.USBH_Init
                0x0000000008009180       0x74 ./Middlewares/ST/STM32_USB_Host_Library/Core/Src/usbh_core.o
                0x0000000008009180                USBH_Init
 .text.DeInitStateMachine
                0x00000000080091f4       0xa8 ./Middlewares/ST/STM32_USB_Host_Library/Core/Src/usbh_core.o
 .text.USBH_RegisterClass
                0x000000000800929c       0x54 ./Middlewares/ST/STM32_USB_Host_Library/Core/Src/usbh_core.o
                0x000000000800929c                USBH_RegisterClass
 .text.USBH_SelectInterface
                0x00000000080092f0       0x38 ./Middlewares/ST/STM32_USB_Host_Library/Core/Src/usbh_core.o
                0x00000000080092f0                USBH_SelectInterface
 .text.USBH_FindInterface
                0x0000000008009328       0x8c ./Middlewares/ST/STM32_USB_Host_Library/Core/Src/usbh_core.o
                0x0000000008009328                USBH_FindInterface
 .text.USBH_Start
                0x00000000080093b4       0x20 ./Middlewares/ST/STM32_USB_Host_Library/Core/Src/usbh_core.o
                0x00000000080093b4                USBH_Start
 .text.USBH_Process
                0x00000000080093d4      0x3d8 ./Middlewares/ST/STM32_USB_Host_Library/Core/Src/usbh_core.o
                0x00000000080093d4                USBH_Process
 .text.USBH_HandleEnum
                0x00000000080097ac      0x3c8 ./Middlewares/ST/STM32_USB_Host_Library/Core/Src/usbh_core.o
 .text.USBH_LL_SetTimer
                0x0000000008009b74       0x1e ./Middlewares/ST/STM32_USB_Host_Library/Core/Src/usbh_core.o
                0x0000000008009b74                USBH_LL_SetTimer
 .text.USBH_LL_IncTimer
                0x0000000008009b92       0x24 ./Middlewares/ST/STM32_USB_Host_Library/Core/Src/usbh_core.o
                0x0000000008009b92                USBH_LL_IncTimer
 .text.USBH_HandleSof
                0x0000000008009bb6       0x30 ./Middlewares/ST/STM32_USB_Host_Library/Core/Src/usbh_core.o
 .text.USBH_LL_PortEnabled
                0x0000000008009be6       0x1c ./Middlewares/ST/STM32_USB_Host_Library/Core/Src/usbh_core.o
                0x0000000008009be6                USBH_LL_PortEnabled
 .text.USBH_LL_PortDisabled
                0x0000000008009c02       0x1c ./Middlewares/ST/STM32_USB_Host_Library/Core/Src/usbh_core.o
                0x0000000008009c02                USBH_LL_PortDisabled
 .text.USBH_LL_Connect
                0x0000000008009c1e       0x2e ./Middlewares/ST/STM32_USB_Host_Library/Core/Src/usbh_core.o
                0x0000000008009c1e                USBH_LL_Connect
 .text.USBH_LL_Disconnect
                0x0000000008009c4c       0x48 ./Middlewares/ST/STM32_USB_Host_Library/Core/Src/usbh_core.o
                0x0000000008009c4c                USBH_LL_Disconnect
 .text.USBH_Get_DevDesc
                0x0000000008009c94       0x50 ./Middlewares/ST/STM32_USB_Host_Library/Core/Src/usbh_ctlreq.o
                0x0000000008009c94                USBH_Get_DevDesc
 .text.USBH_Get_CfgDesc
                0x0000000008009ce4       0x48 ./Middlewares/ST/STM32_USB_Host_Library/Core/Src/usbh_ctlreq.o
                0x0000000008009ce4                USBH_Get_CfgDesc
 .text.USBH_Get_StringDesc
                0x0000000008009d2c       0x56 ./Middlewares/ST/STM32_USB_Host_Library/Core/Src/usbh_ctlreq.o
                0x0000000008009d2c                USBH_Get_StringDesc
 .text.USBH_GetDescriptor
                0x0000000008009d82       0x6a ./Middlewares/ST/STM32_USB_Host_Library/Core/Src/usbh_ctlreq.o
                0x0000000008009d82                USBH_GetDescriptor
 .text.USBH_SetAddress
                0x0000000008009dec       0x48 ./Middlewares/ST/STM32_USB_Host_Library/Core/Src/usbh_ctlreq.o
                0x0000000008009dec                USBH_SetAddress
 .text.USBH_SetCfg
                0x0000000008009e34       0x46 ./Middlewares/ST/STM32_USB_Host_Library/Core/Src/usbh_ctlreq.o
                0x0000000008009e34                USBH_SetCfg
 .text.USBH_SetFeature
                0x0000000008009e7a       0x48 ./Middlewares/ST/STM32_USB_Host_Library/Core/Src/usbh_ctlreq.o
                0x0000000008009e7a                USBH_SetFeature
 .text.USBH_ClrFeature
                0x0000000008009ec2       0x48 ./Middlewares/ST/STM32_USB_Host_Library/Core/Src/usbh_ctlreq.o
                0x0000000008009ec2                USBH_ClrFeature
 .text.USBH_ParseDevDesc
                0x0000000008009f0a      0x122 ./Middlewares/ST/STM32_USB_Host_Library/Core/Src/usbh_ctlreq.o
 .text.USBH_ParseCfgDesc
                0x000000000800a02c      0x1ec ./Middlewares/ST/STM32_USB_Host_Library/Core/Src/usbh_ctlreq.o
 .text.USBH_ParseInterfaceDesc
                0x000000000800a218       0x5e ./Middlewares/ST/STM32_USB_Host_Library/Core/Src/usbh_ctlreq.o
 .text.USBH_ParseEPDesc
                0x000000000800a276      0x14a ./Middlewares/ST/STM32_USB_Host_Library/Core/Src/usbh_ctlreq.o
 .text.USBH_ParseStringDesc
                0x000000000800a3c0       0x66 ./Middlewares/ST/STM32_USB_Host_Library/Core/Src/usbh_ctlreq.o
 .text.USBH_GetNextDesc
                0x000000000800a426       0x36 ./Middlewares/ST/STM32_USB_Host_Library/Core/Src/usbh_ctlreq.o
                0x000000000800a426                USBH_GetNextDesc
 .text.USBH_CtlReq
                0x000000000800a45c       0x7a ./Middlewares/ST/STM32_USB_Host_Library/Core/Src/usbh_ctlreq.o
                0x000000000800a45c                USBH_CtlReq
 *fill*         0x000000000800a4d6        0x2 
 .text.USBH_HandleControl
                0x000000000800a4d8      0x2e8 ./Middlewares/ST/STM32_USB_Host_Library/Core/Src/usbh_ctlreq.o
 .text.USBH_CtlSendSetup
                0x000000000800a7c0       0x34 ./Middlewares/ST/STM32_USB_Host_Library/Core/Src/usbh_ioreq.o
                0x000000000800a7c0                USBH_CtlSendSetup
 .text.USBH_CtlSendData
                0x000000000800a7f4       0x4a ./Middlewares/ST/STM32_USB_Host_Library/Core/Src/usbh_ioreq.o
                0x000000000800a7f4                USBH_CtlSendData
 .text.USBH_CtlReceiveData
                0x000000000800a83e       0x3c ./Middlewares/ST/STM32_USB_Host_Library/Core/Src/usbh_ioreq.o
                0x000000000800a83e                USBH_CtlReceiveData
 .text.USBH_BulkSendData
                0x000000000800a87a       0x4a ./Middlewares/ST/STM32_USB_Host_Library/Core/Src/usbh_ioreq.o
                0x000000000800a87a                USBH_BulkSendData
 .text.USBH_BulkReceiveData
                0x000000000800a8c4       0x3c ./Middlewares/ST/STM32_USB_Host_Library/Core/Src/usbh_ioreq.o
                0x000000000800a8c4                USBH_BulkReceiveData
 .text.USBH_OpenPipe
                0x000000000800a900       0x3e ./Middlewares/ST/STM32_USB_Host_Library/Core/Src/usbh_pipes.o
                0x000000000800a900                USBH_OpenPipe
 .text.USBH_ClosePipe
                0x000000000800a93e       0x20 ./Middlewares/ST/STM32_USB_Host_Library/Core/Src/usbh_pipes.o
                0x000000000800a93e                USBH_ClosePipe
 .text.USBH_AllocPipe
                0x000000000800a95e       0x42 ./Middlewares/ST/STM32_USB_Host_Library/Core/Src/usbh_pipes.o
                0x000000000800a95e                USBH_AllocPipe
 .text.USBH_FreePipe
                0x000000000800a9a0       0x3c ./Middlewares/ST/STM32_USB_Host_Library/Core/Src/usbh_pipes.o
                0x000000000800a9a0                USBH_FreePipe
 .text.USBH_GetFreePipe
                0x000000000800a9dc       0x48 ./Middlewares/ST/STM32_USB_Host_Library/Core/Src/usbh_pipes.o
 .text.MX_USB_HOST_Init
                0x000000000800aa24       0x4c ./USB_HOST/App/usb_host.o
                0x000000000800aa24                MX_USB_HOST_Init
 .text.MX_USB_HOST_Process
                0x000000000800aa70       0x14 ./USB_HOST/App/usb_host.o
                0x000000000800aa70                MX_USB_HOST_Process
 .text.USBH_UserProcess
                0x000000000800aa84       0x5c ./USB_HOST/App/usb_host.o
 .text.HAL_HCD_MspInit
                0x000000000800aae0       0xc4 ./USB_HOST/Target/usbh_conf.o
                0x000000000800aae0                HAL_HCD_MspInit
 .text.HAL_HCD_SOF_Callback
                0x000000000800aba4       0x1c ./USB_HOST/Target/usbh_conf.o
                0x000000000800aba4                HAL_HCD_SOF_Callback
 .text.HAL_HCD_Connect_Callback
                0x000000000800abc0       0x1c ./USB_HOST/Target/usbh_conf.o
                0x000000000800abc0                HAL_HCD_Connect_Callback
 .text.HAL_HCD_Disconnect_Callback
                0x000000000800abdc       0x1c ./USB_HOST/Target/usbh_conf.o
                0x000000000800abdc                HAL_HCD_Disconnect_Callback
 .text.HAL_HCD_HC_NotifyURBChange_Callback
                0x000000000800abf8       0x1c ./USB_HOST/Target/usbh_conf.o
                0x000000000800abf8                HAL_HCD_HC_NotifyURBChange_Callback
 .text.HAL_HCD_PortEnabled_Callback
                0x000000000800ac14       0x1c ./USB_HOST/Target/usbh_conf.o
                0x000000000800ac14                HAL_HCD_PortEnabled_Callback
 .text.HAL_HCD_PortDisabled_Callback
                0x000000000800ac30       0x1c ./USB_HOST/Target/usbh_conf.o
                0x000000000800ac30                HAL_HCD_PortDisabled_Callback
 .text.USBH_LL_Init
                0x000000000800ac4c       0x78 ./USB_HOST/Target/usbh_conf.o
                0x000000000800ac4c                USBH_LL_Init
 .text.USBH_LL_Start
                0x000000000800acc4       0x36 ./USB_HOST/Target/usbh_conf.o
                0x000000000800acc4                USBH_LL_Start
 .text.USBH_LL_Stop
                0x000000000800acfa       0x36 ./USB_HOST/Target/usbh_conf.o
                0x000000000800acfa                USBH_LL_Stop
 .text.USBH_LL_GetSpeed
                0x000000000800ad30       0x4e ./USB_HOST/Target/usbh_conf.o
                0x000000000800ad30                USBH_LL_GetSpeed
 .text.USBH_LL_ResetPort
                0x000000000800ad7e       0x36 ./USB_HOST/Target/usbh_conf.o
                0x000000000800ad7e                USBH_LL_ResetPort
 .text.USBH_LL_GetLastXferSize
                0x000000000800adb4       0x26 ./USB_HOST/Target/usbh_conf.o
                0x000000000800adb4                USBH_LL_GetLastXferSize
 .text.USBH_LL_OpenPipe
                0x000000000800adda       0x5e ./USB_HOST/Target/usbh_conf.o
                0x000000000800adda                USBH_LL_OpenPipe
 .text.USBH_LL_ClosePipe
                0x000000000800ae38       0x3e ./USB_HOST/Target/usbh_conf.o
                0x000000000800ae38                USBH_LL_ClosePipe
 .text.USBH_LL_SubmitURB
                0x000000000800ae76       0x62 ./USB_HOST/Target/usbh_conf.o
                0x000000000800ae76                USBH_LL_SubmitURB
 .text.USBH_LL_GetURBState
                0x000000000800aed8       0x26 ./USB_HOST/Target/usbh_conf.o
                0x000000000800aed8                USBH_LL_GetURBState
 .text.USBH_LL_DriverVBUS
                0x000000000800aefe       0x2e ./USB_HOST/Target/usbh_conf.o
                0x000000000800aefe                USBH_LL_DriverVBUS
 .text.USBH_LL_SetToggle
                0x000000000800af2c       0x60 ./USB_HOST/Target/usbh_conf.o
                0x000000000800af2c                USBH_LL_SetToggle
 .text.USBH_Delay
                0x000000000800af8c       0x16 ./USB_HOST/Target/usbh_conf.o
                0x000000000800af8c                USBH_Delay
 *fill*         0x000000000800afa2        0x2 
 .text.USBH_Get_USB_Status
                0x000000000800afa4       0x58 ./USB_HOST/Target/usbh_conf.o
                0x000000000800afa4                USBH_Get_USB_Status
 .text.MX_DriverVbusFS
                0x000000000800affc       0x38 ./USB_HOST/Target/usbh_platform.o
                0x000000000800affc                MX_DriverVbusFS
 .text._ZdlPvj  0x000000000800b034        0x4 c:/st/stm32cubeide_1.12.1/stm32cubeide/plugins/com.st.stm32cube.ide.mcu.externaltools.gnu-tools-for-stm32.10.3-2021.10.win32_1.0.200.202301161003/tools/bin/../lib/gcc/arm-none-eabi/10.3.1/../../../../arm-none-eabi/lib/thumb/v7e-m+fp/hard\libstdc++_nano.a(del_ops.o)
                0x000000000800b034                operator delete(void*, unsigned int)
 .text._Znwj    0x000000000800b038       0x22 c:/st/stm32cubeide_1.12.1/stm32cubeide/plugins/com.st.stm32cube.ide.mcu.externaltools.gnu-tools-for-stm32.10.3-2021.10.win32_1.0.200.202301161003/tools/bin/../lib/gcc/arm-none-eabi/10.3.1/../../../../arm-none-eabi/lib/thumb/v7e-m+fp/hard\libstdc++_nano.a(new_op.o)
                0x000000000800b038                operator new(unsigned int)
 .text.__cxa_pure_virtual
                0x000000000800b05a        0x6 c:/st/stm32cubeide_1.12.1/stm32cubeide/plugins/com.st.stm32cube.ide.mcu.externaltools.gnu-tools-for-stm32.10.3-2021.10.win32_1.0.200.202301161003/tools/bin/../lib/gcc/arm-none-eabi/10.3.1/../../../../arm-none-eabi/lib/thumb/v7e-m+fp/hard\libstdc++_nano.a(pure.o)
                0x000000000800b05a                __cxa_pure_virtual
 .text._ZdlPv   0x000000000800b060        0x4 c:/st/stm32cubeide_1.12.1/stm32cubeide/plugins/com.st.stm32cube.ide.mcu.externaltools.gnu-tools-for-stm32.10.3-2021.10.win32_1.0.200.202301161003/tools/bin/../lib/gcc/arm-none-eabi/10.3.1/../../../../arm-none-eabi/lib/thumb/v7e-m+fp/hard\libstdc++_nano.a(del_op.o)
                0x000000000800b060                operator delete(void*)
 .text._ZN10__cxxabiv111__terminateEPFvvE
                0x000000000800b064        0x8 c:/st/stm32cubeide_1.12.1/stm32cubeide/plugins/com.st.stm32cube.ide.mcu.externaltools.gnu-tools-for-stm32.10.3-2021.10.win32_1.0.200.202301161003/tools/bin/../lib/gcc/arm-none-eabi/10.3.1/../../../../arm-none-eabi/lib/thumb/v7e-m+fp/hard\libstdc++_nano.a(eh_terminate.o)
                0x000000000800b064                __cxxabiv1::__terminate(void (*)())
 .text._ZSt13get_terminatev
                0x000000000800b06c       0x10 c:/st/stm32cubeide_1.12.1/stm32cubeide/plugins/com.st.stm32cube.ide.mcu.externaltools.gnu-tools-for-stm32.10.3-2021.10.win32_1.0.200.202301161003/tools/bin/../lib/gcc/arm-none-eabi/10.3.1/../../../../arm-none-eabi/lib/thumb/v7e-m+fp/hard\libstdc++_nano.a(eh_terminate.o)
                0x000000000800b06c                std::get_terminate()
 .text._ZSt9terminatev
                0x000000000800b07c        0xa c:/st/stm32cubeide_1.12.1/stm32cubeide/plugins/com.st.stm32cube.ide.mcu.externaltools.gnu-tools-for-stm32.10.3-2021.10.win32_1.0.200.202301161003/tools/bin/../lib/gcc/arm-none-eabi/10.3.1/../../../../arm-none-eabi/lib/thumb/v7e-m+fp/hard\libstdc++_nano.a(eh_terminate.o)
                0x000000000800b07c                std::terminate()
 *fill*         0x000000000800b086        0x2 
 .text._ZSt15get_new_handlerv
                0x000000000800b088       0x10 c:/st/stm32cubeide_1.12.1/stm32cubeide/plugins/com.st.stm32cube.ide.mcu.externaltools.gnu-tools-for-stm32.10.3-2021.10.win32_1.0.200.202301161003/tools/bin/../lib/gcc/arm-none-eabi/10.3.1/../../../../arm-none-eabi/lib/thumb/v7e-m+fp/hard\libstdc++_nano.a(new_handler.o)
                0x000000000800b088                std::get_new_handler()
 .text.abort    0x000000000800b098        0xe c:/st/stm32cubeide_1.12.1/stm32cubeide/plugins/com.st.stm32cube.ide.mcu.externaltools.gnu-tools-for-stm32.10.3-2021.10.win32_1.0.200.202301161003/tools/bin/../lib/gcc/arm-none-eabi/10.3.1/../../../../arm-none-eabi/lib/thumb/v7e-m+fp/hard\libc_nano.a(lib_a-abort.o)
                0x000000000800b098                abort
 *fill*         0x000000000800b0a6        0x2 
 .text.__errno  0x000000000800b0a8        0xc c:/st/stm32cubeide_1.12.1/stm32cubeide/plugins/com.st.stm32cube.ide.mcu.externaltools.gnu-tools-for-stm32.10.3-2021.10.win32_1.0.200.202301161003/tools/bin/../lib/gcc/arm-none-eabi/10.3.1/../../../../arm-none-eabi/lib/thumb/v7e-m+fp/hard\libc_nano.a(lib_a-errno.o)
                0x000000000800b0a8                __errno
 .text.__libc_init_array
                0x000000000800b0b4       0x48 c:/st/stm32cubeide_1.12.1/stm32cubeide/plugins/com.st.stm32cube.ide.mcu.externaltools.gnu-tools-for-stm32.10.3-2021.10.win32_1.0.200.202301161003/tools/bin/../lib/gcc/arm-none-eabi/10.3.1/../../../../arm-none-eabi/lib/thumb/v7e-m+fp/hard\libc_nano.a(lib_a-init.o)
                0x000000000800b0b4                __libc_init_array
 .text.malloc   0x000000000800b0fc       0x10 c:/st/stm32cubeide_1.12.1/stm32cubeide/plugins/com.st.stm32cube.ide.mcu.externaltools.gnu-tools-for-stm32.10.3-2021.10.win32_1.0.200.202301161003/tools/bin/../lib/gcc/arm-none-eabi/10.3.1/../../../../arm-none-eabi/lib/thumb/v7e-m+fp/hard\libc_nano.a(lib_a-malloc.o)
                0x000000000800b0fc                malloc
 .text.free     0x000000000800b10c       0x10 c:/st/stm32cubeide_1.12.1/stm32cubeide/plugins/com.st.stm32cube.ide.mcu.externaltools.gnu-tools-for-stm32.10.3-2021.10.win32_1.0.200.202301161003/tools/bin/../lib/gcc/arm-none-eabi/10.3.1/../../../../arm-none-eabi/lib/thumb/v7e-m+fp/hard\libc_nano.a(lib_a-malloc.o)
                0x000000000800b10c                free
 .text.memset   0x000000000800b11c       0x10 c:/st/stm32cubeide_1.12.1/stm32cubeide/plugins/com.st.stm32cube.ide.mcu.externaltools.gnu-tools-for-stm32.10.3-2021.10.win32_1.0.200.202301161003/tools/bin/../lib/gcc/arm-none-eabi/10.3.1/../../../../arm-none-eabi/lib/thumb/v7e-m+fp/hard\libc_nano.a(lib_a-memset.o)
                0x000000000800b11c                memset
 .text._free_r  0x000000000800b12c       0x98 c:/st/stm32cubeide_1.12.1/stm32cubeide/plugins/com.st.stm32cube.ide.mcu.externaltools.gnu-tools-for-stm32.10.3-2021.10.win32_1.0.200.202301161003/tools/bin/../lib/gcc/arm-none-eabi/10.3.1/../../../../arm-none-eabi/lib/thumb/v7e-m+fp/hard\libc_nano.a(lib_a-nano-freer.o)
                0x000000000800b12c                _free_r
 .text.sbrk_aligned
                0x000000000800b1c4       0x40 c:/st/stm32cubeide_1.12.1/stm32cubeide/plugins/com.st.stm32cube.ide.mcu.externaltools.gnu-tools-for-stm32.10.3-2021.10.win32_1.0.200.202301161003/tools/bin/../lib/gcc/arm-none-eabi/10.3.1/../../../../arm-none-eabi/lib/thumb/v7e-m+fp/hard\libc_nano.a(lib_a-nano-mallocr.o)
 .text._malloc_r
                0x000000000800b204       0xe8 c:/st/stm32cubeide_1.12.1/stm32cubeide/plugins/com.st.stm32cube.ide.mcu.externaltools.gnu-tools-for-stm32.10.3-2021.10.win32_1.0.200.202301161003/tools/bin/../lib/gcc/arm-none-eabi/10.3.1/../../../../arm-none-eabi/lib/thumb/v7e-m+fp/hard\libc_nano.a(lib_a-nano-mallocr.o)
                0x000000000800b204                _malloc_r
 .text._sbrk_r  0x000000000800b2ec       0x20 c:/st/stm32cubeide_1.12.1/stm32cubeide/plugins/com.st.stm32cube.ide.mcu.externaltools.gnu-tools-for-stm32.10.3-2021.10.win32_1.0.200.202301161003/tools/bin/../lib/gcc/arm-none-eabi/10.3.1/../../../../arm-none-eabi/lib/thumb/v7e-m+fp/hard\libc_nano.a(lib_a-sbrkr.o)
                0x000000000800b2ec                _sbrk_r
 .text._raise_r
                0x000000000800b30c       0x50 c:/st/stm32cubeide_1.12.1/stm32cubeide/plugins/com.st.stm32cube.ide.mcu.externaltools.gnu-tools-for-stm32.10.3-2021.10.win32_1.0.200.202301161003/tools/bin/../lib/gcc/arm-none-eabi/10.3.1/../../../../arm-none-eabi/lib/thumb/v7e-m+fp/hard\libc_nano.a(lib_a-signal.o)
                0x000000000800b30c                _raise_r
 .text.raise    0x000000000800b35c       0x10 c:/st/stm32cubeide_1.12.1/stm32cubeide/plugins/com.st.stm32cube.ide.mcu.externaltools.gnu-tools-for-stm32.10.3-2021.10.win32_1.0.200.202301161003/tools/bin/../lib/gcc/arm-none-eabi/10.3.1/../../../../arm-none-eabi/lib/thumb/v7e-m+fp/hard\libc_nano.a(lib_a-signal.o)
                0x000000000800b35c                raise
 .text._kill_r  0x000000000800b36c       0x24 c:/st/stm32cubeide_1.12.1/stm32cubeide/plugins/com.st.stm32cube.ide.mcu.externaltools.gnu-tools-for-stm32.10.3-2021.10.win32_1.0.200.202301161003/tools/bin/../lib/gcc/arm-none-eabi/10.3.1/../../../../arm-none-eabi/lib/thumb/v7e-m+fp/hard\libc_nano.a(lib_a-signalr.o)
                0x000000000800b36c                _kill_r
 .text._getpid_r
                0x000000000800b390        0x4 c:/st/stm32cubeide_1.12.1/stm32cubeide/plugins/com.st.stm32cube.ide.mcu.externaltools.gnu-tools-for-stm32.10.3-2021.10.win32_1.0.200.202301161003/tools/bin/../lib/gcc/arm-none-eabi/10.3.1/../../../../arm-none-eabi/lib/thumb/v7e-m+fp/hard\libc_nano.a(lib_a-signalr.o)
                0x000000000800b390                _getpid_r
 .text.__malloc_lock
                0x000000000800b394        0xc c:/st/stm32cubeide_1.12.1/stm32cubeide/plugins/com.st.stm32cube.ide.mcu.externaltools.gnu-tools-for-stm32.10.3-2021.10.win32_1.0.200.202301161003/tools/bin/../lib/gcc/arm-none-eabi/10.3.1/../../../../arm-none-eabi/lib/thumb/v7e-m+fp/hard\libc_nano.a(lib_a-mlock.o)
                0x000000000800b394                __malloc_lock
 .text.__malloc_unlock
                0x000000000800b3a0        0xc c:/st/stm32cubeide_1.12.1/stm32cubeide/plugins/com.st.stm32cube.ide.mcu.externaltools.gnu-tools-for-stm32.10.3-2021.10.win32_1.0.200.202301161003/tools/bin/../lib/gcc/arm-none-eabi/10.3.1/../../../../arm-none-eabi/lib/thumb/v7e-m+fp/hard\libc_nano.a(lib_a-mlock.o)
                0x000000000800b3a0                __malloc_unlock
 .text.__retarget_lock_acquire_recursive
                0x000000000800b3ac        0x2 c:/st/stm32cubeide_1.12.1/stm32cubeide/plugins/com.st.stm32cube.ide.mcu.externaltools.gnu-tools-for-stm32.10.3-2021.10.win32_1.0.200.202301161003/tools/bin/../lib/gcc/arm-none-eabi/10.3.1/../../../../arm-none-eabi/lib/thumb/v7e-m+fp/hard\libc_nano.a(lib_a-lock.o)
                0x000000000800b3ac                __retarget_lock_acquire_recursive
 .text.__retarget_lock_release_recursive
                0x000000000800b3ae        0x2 c:/st/stm32cubeide_1.12.1/stm32cubeide/plugins/com.st.stm32cube.ide.mcu.externaltools.gnu-tools-for-stm32.10.3-2021.10.win32_1.0.200.202301161003/tools/bin/../lib/gcc/arm-none-eabi/10.3.1/../../../../arm-none-eabi/lib/thumb/v7e-m+fp/hard\libc_nano.a(lib_a-lock.o)
                0x000000000800b3ae                __retarget_lock_release_recursive
 *(.glue_7)
 .glue_7        0x000000000800b3b0        0x0 linker stubs
 *(.glue_7t)
 .glue_7t       0x000000000800b3b0        0x0 linker stubs
 *(.eh_frame)
 .eh_frame      0x000000000800b3b0        0x0 c:/st/stm32cubeide_1.12.1/stm32cubeide/plugins/com.st.stm32cube.ide.mcu.externaltools.gnu-tools-for-stm32.10.3-2021.10.win32_1.0.200.202301161003/tools/bin/../lib/gcc/arm-none-eabi/10.3.1/thumb/v7e-m+fp/hard/crtbegin.o
 *(.init)
 .init          0x000000000800b3b0        0x4 c:/st/stm32cubeide_1.12.1/stm32cubeide/plugins/com.st.stm32cube.ide.mcu.externaltools.gnu-tools-for-stm32.10.3-2021.10.win32_1.0.200.202301161003/tools/bin/../lib/gcc/arm-none-eabi/10.3.1/thumb/v7e-m+fp/hard/crti.o
                0x000000000800b3b0                _init
 .init          0x000000000800b3b4        0x8 c:/st/stm32cubeide_1.12.1/stm32cubeide/plugins/com.st.stm32cube.ide.mcu.externaltools.gnu-tools-for-stm32.10.3-2021.10.win32_1.0.200.202301161003/tools/bin/../lib/gcc/arm-none-eabi/10.3.1/thumb/v7e-m+fp/hard/crtn.o
 *(.fini)
 .fini          0x000000000800b3bc        0x4 c:/st/stm32cubeide_1.12.1/stm32cubeide/plugins/com.st.stm32cube.ide.mcu.externaltools.gnu-tools-for-stm32.10.3-2021.10.win32_1.0.200.202301161003/tools/bin/../lib/gcc/arm-none-eabi/10.3.1/thumb/v7e-m+fp/hard/crti.o
                0x000000000800b3bc                _fini
 .fini          0x000000000800b3c0        0x8 c:/st/stm32cubeide_1.12.1/stm32cubeide/plugins/com.st.stm32cube.ide.mcu.externaltools.gnu-tools-for-stm32.10.3-2021.10.win32_1.0.200.202301161003/tools/bin/../lib/gcc/arm-none-eabi/10.3.1/thumb/v7e-m+fp/hard/crtn.o
                0x000000000800b3c8                . = ALIGN (0x4)
                0x000000000800b3c8                _etext = .

.vfp11_veneer   0x000000000800b3c8        0x0
 .vfp11_veneer  0x000000000800b3c8        0x0 linker stubs

.v4_bx          0x000000000800b3c8        0x0
 .v4_bx         0x000000000800b3c8        0x0 linker stubs

.iplt           0x000000000800b3c8        0x0
 .iplt          0x000000000800b3c8        0x0 c:/st/stm32cubeide_1.12.1/stm32cubeide/plugins/com.st.stm32cube.ide.mcu.externaltools.gnu-tools-for-stm32.10.3-2021.10.win32_1.0.200.202301161003/tools/bin/../lib/gcc/arm-none-eabi/10.3.1/thumb/v7e-m+fp/hard/crtbegin.o

.rodata         0x000000000800b3c8       0xc8
                0x000000000800b3c8                . = ALIGN (0x4)
 *(.rodata)
 .rodata        0x000000000800b3c8        0x4 ./Middlewares/ST/STM32_USB_Host_Library/Class/CDC/Src/usbh_cdc.o
 *(.rodata*)
 .rodata._ZTV17Adafruit_ICM20948
                0x000000000800b3cc       0x10 ./Core/Src/ICM20948/Adafruit_ICM20948.o
                0x000000000800b3cc                vtable for Adafruit_ICM20948
 .rodata._ZTV15Adafruit_ICM20X
                0x000000000800b3dc       0x10 ./Core/Src/ICM20948/Adafruit_ICM20X.o
                0x000000000800b3dc                vtable for Adafruit_ICM20X
 .rodata._ZTV20Adafruit_ICM20X_Temp
                0x000000000800b3ec       0x1c ./Core/Src/ICM20948/Adafruit_ICM20X.o
                0x000000000800b3ec                vtable for Adafruit_ICM20X_Temp
 .rodata._ZTV28Adafruit_ICM20X_Magnetometer
                0x000000000800b408       0x1c ./Core/Src/ICM20948/Adafruit_ICM20X.o
                0x000000000800b408                vtable for Adafruit_ICM20X_Magnetometer
 .rodata._ZTV20Adafruit_ICM20X_Gyro
                0x000000000800b424       0x1c ./Core/Src/ICM20948/Adafruit_ICM20X.o
                0x000000000800b424                vtable for Adafruit_ICM20X_Gyro
 .rodata._ZTV29Adafruit_ICM20X_Accelerometer
                0x000000000800b440       0x1c ./Core/Src/ICM20948/Adafruit_ICM20X.o
                0x000000000800b440                vtable for Adafruit_ICM20X_Accelerometer
 .rodata._ZTV15Adafruit_Sensor
                0x000000000800b45c       0x1c ./Core/Src/ICM20948/Adafruit_ICM20X.o
                0x000000000800b45c                vtable for Adafruit_Sensor
 .rodata.AHBPrescTable
                0x000000000800b478       0x10 ./Core/Src/system_stm32f4xx.o
                0x000000000800b478                AHBPrescTable
 .rodata.APBPrescTable
                0x000000000800b488        0x8 ./Core/Src/system_stm32f4xx.o
                0x000000000800b488                APBPrescTable
                0x000000000800b490                . = ALIGN (0x4)

.ARM.extab      0x000000000800b490        0x0
                0x000000000800b490                . = ALIGN (0x4)
 *(.ARM.extab* .gnu.linkonce.armextab.*)
                0x000000000800b490                . = ALIGN (0x4)

.ARM            0x000000000800b490        0x8
                0x000000000800b490                . = ALIGN (0x4)
                0x000000000800b490                __exidx_start = .
 *(.ARM.exidx*)
 .ARM.exidx     0x000000000800b490        0x8 c:/st/stm32cubeide_1.12.1/stm32cubeide/plugins/com.st.stm32cube.ide.mcu.externaltools.gnu-tools-for-stm32.10.3-2021.10.win32_1.0.200.202301161003/tools/bin/../lib/gcc/arm-none-eabi/10.3.1/thumb/v7e-m+fp/hard\libgcc.a(_udivmoddi4.o)
                0x000000000800b498                __exidx_end = .
                0x000000000800b498                . = ALIGN (0x4)

.rel.dyn        0x000000000800b498        0x0
 .rel.iplt      0x000000000800b498        0x0 c:/st/stm32cubeide_1.12.1/stm32cubeide/plugins/com.st.stm32cube.ide.mcu.externaltools.gnu-tools-for-stm32.10.3-2021.10.win32_1.0.200.202301161003/tools/bin/../lib/gcc/arm-none-eabi/10.3.1/thumb/v7e-m+fp/hard/crtbegin.o

.preinit_array  0x000000000800b498        0x0
                0x000000000800b498                . = ALIGN (0x4)
                0x000000000800b498                PROVIDE (__preinit_array_start = .)
 *(.preinit_array*)
                0x000000000800b498                PROVIDE (__preinit_array_end = .)
                0x000000000800b498                . = ALIGN (0x4)

.init_array     0x000000000800b498        0x8
                0x000000000800b498                . = ALIGN (0x4)
                0x000000000800b498                PROVIDE (__init_array_start = .)
 *(SORT_BY_NAME(.init_array.*))
 *(.init_array*)
 .init_array    0x000000000800b498        0x4 c:/st/stm32cubeide_1.12.1/stm32cubeide/plugins/com.st.stm32cube.ide.mcu.externaltools.gnu-tools-for-stm32.10.3-2021.10.win32_1.0.200.202301161003/tools/bin/../lib/gcc/arm-none-eabi/10.3.1/thumb/v7e-m+fp/hard/crtbegin.o
 .init_array    0x000000000800b49c        0x4 ./Core/Src/main.o
                0x000000000800b4a0                PROVIDE (__init_array_end = .)
                0x000000000800b4a0                . = ALIGN (0x4)

.fini_array     0x000000000800b4a0        0x8
                0x000000000800b4a0                . = ALIGN (0x4)
                [!provide]                        PROVIDE (__fini_array_start = .)
 *(SORT_BY_NAME(.fini_array.*))
 *(.fini_array*)
 .fini_array    0x000000000800b4a0        0x4 c:/st/stm32cubeide_1.12.1/stm32cubeide/plugins/com.st.stm32cube.ide.mcu.externaltools.gnu-tools-for-stm32.10.3-2021.10.win32_1.0.200.202301161003/tools/bin/../lib/gcc/arm-none-eabi/10.3.1/thumb/v7e-m+fp/hard/crtbegin.o
 .fini_array    0x000000000800b4a4        0x4 ./Core/Src/main.o
                [!provide]                        PROVIDE (__fini_array_end = .)
                0x000000000800b4a8                . = ALIGN (0x4)
                0x000000000800b4a8                _sidata = LOADADDR (.data)

.data           0x0000000020000000       0x94 load address 0x000000000800b4a8
                0x0000000020000000                . = ALIGN (0x4)
                0x0000000020000000                _sdata = .
 *(.data)
 *(.data*)
 .data.SystemCoreClock
                0x0000000020000000        0x4 ./Core/Src/system_stm32f4xx.o
                0x0000000020000000                SystemCoreClock
 .data.uwTickPrio
                0x0000000020000004        0x4 ./Drivers/STM32F4xx_HAL_Driver/Src/stm32f4xx_hal.o
                0x0000000020000004                uwTickPrio
 .data.uwTickFreq
                0x0000000020000008        0x1 ./Drivers/STM32F4xx_HAL_Driver/Src/stm32f4xx_hal.o
                0x0000000020000008                uwTickFreq
 *fill*         0x0000000020000009        0x3 
 .data.CDC_Class
                0x000000002000000c       0x20 ./Middlewares/ST/STM32_USB_Host_Library/Class/CDC/Src/usbh_cdc.o
                0x000000002000000c                CDC_Class
 .data._ZN10__cxxabiv119__terminate_handlerE
                0x000000002000002c        0x4 c:/st/stm32cubeide_1.12.1/stm32cubeide/plugins/com.st.stm32cube.ide.mcu.externaltools.gnu-tools-for-stm32.10.3-2021.10.win32_1.0.200.202301161003/tools/bin/../lib/gcc/arm-none-eabi/10.3.1/../../../../arm-none-eabi/lib/thumb/v7e-m+fp/hard\libstdc++_nano.a(eh_term_handler.o)
                0x000000002000002c                __cxxabiv1::__terminate_handler
 .data._impure_ptr
                0x0000000020000030        0x4 c:/st/stm32cubeide_1.12.1/stm32cubeide/plugins/com.st.stm32cube.ide.mcu.externaltools.gnu-tools-for-stm32.10.3-2021.10.win32_1.0.200.202301161003/tools/bin/../lib/gcc/arm-none-eabi/10.3.1/../../../../arm-none-eabi/lib/thumb/v7e-m+fp/hard\libc_nano.a(lib_a-impure.o)
                0x0000000020000030                _impure_ptr
 .data.impure_data
                0x0000000020000034       0x60 c:/st/stm32cubeide_1.12.1/stm32cubeide/plugins/com.st.stm32cube.ide.mcu.externaltools.gnu-tools-for-stm32.10.3-2021.10.win32_1.0.200.202301161003/tools/bin/../lib/gcc/arm-none-eabi/10.3.1/../../../../arm-none-eabi/lib/thumb/v7e-m+fp/hard\libc_nano.a(lib_a-impure.o)
 *(.RamFunc)
 *(.RamFunc*)
                0x0000000020000094                . = ALIGN (0x4)
                0x0000000020000094                _edata = .

.igot.plt       0x0000000020000094        0x0 load address 0x000000000800b53c
 .igot.plt      0x0000000020000094        0x0 c:/st/stm32cubeide_1.12.1/stm32cubeide/plugins/com.st.stm32cube.ide.mcu.externaltools.gnu-tools-for-stm32.10.3-2021.10.win32_1.0.200.202301161003/tools/bin/../lib/gcc/arm-none-eabi/10.3.1/thumb/v7e-m+fp/hard/crtbegin.o
                0x0000000020000094                . = ALIGN (0x4)

.bss            0x0000000020000094      0x8f8 load address 0x000000000800b53c
                0x0000000020000094                _sbss = .
                0x0000000020000094                __bss_start__ = _sbss
 *(.bss)
 .bss           0x0000000020000094       0x1c c:/st/stm32cubeide_1.12.1/stm32cubeide/plugins/com.st.stm32cube.ide.mcu.externaltools.gnu-tools-for-stm32.10.3-2021.10.win32_1.0.200.202301161003/tools/bin/../lib/gcc/arm-none-eabi/10.3.1/thumb/v7e-m+fp/hard/crtbegin.o
 *(.bss*)
 .bss.hi2c1     0x00000000200000b0       0x54 ./Core/Src/main.o
                0x00000000200000b0                hi2c1
 .bss.hi2s2     0x0000000020000104       0x48 ./Core/Src/main.o
                0x0000000020000104                hi2s2
 .bss.hi2s3     0x000000002000014c       0x48 ./Core/Src/main.o
                0x000000002000014c                hi2s3
 .bss.hspi1     0x0000000020000194       0x58 ./Core/Src/main.o
                0x0000000020000194                hspi1
 .bss.huart2    0x00000000200001ec       0x44 ./Core/Src/main.o
                0x00000000200001ec                huart2
 .bss.icm       0x0000000020000230       0x60 ./Core/Src/main.o
                0x0000000020000230                icm
 .bss.__sbrk_heap_end
                0x0000000020000290        0x4 ./Core/Src/sysmem.o
 .bss.uwTick    0x0000000020000294        0x4 ./Drivers/STM32F4xx_HAL_Driver/Src/stm32f4xx_hal.o
                0x0000000020000294                uwTick
 .bss.hUsbHostFS
                0x0000000020000298      0x3d8 ./USB_HOST/App/usb_host.o
                0x0000000020000298                hUsbHostFS
 .bss.Appli_state
                0x0000000020000670        0x1 ./USB_HOST/App/usb_host.o
                0x0000000020000670                Appli_state
 *fill*         0x0000000020000671        0x3 
 .bss.hhcd_USB_OTG_FS
                0x0000000020000674      0x304 ./USB_HOST/Target/usbh_conf.o
                0x0000000020000674                hhcd_USB_OTG_FS
 .bss._ZN12_GLOBAL__N_113__new_handlerE