Archive member included to satisfy reference by file (symbol)

C:/ST/STM32CubeIDE_1.16.0/STM32CubeIDE/plugins/com.st.stm32cube.ide.mcu.externaltools.gnu-tools-for-stm32.12.3.rel1.win32_1.0.200.202406191623/tools/bin/../lib/gcc/arm-none-eabi/12.3.1/../../../../arm-none-eabi/lib/thumb/v7e-m+fp/hard\libstdc++_nano.a(new_op.o)
                              ./Core/Src/Rocket/Rocket.o (operator new(unsigned int))
C:/ST/STM32CubeIDE_1.16.0/STM32CubeIDE/plugins/com.st.stm32cube.ide.mcu.externaltools.gnu-tools-for-stm32.12.3.rel1.win32_1.0.200.202406191623/tools/bin/../lib/gcc/arm-none-eabi/12.3.1/../../../../arm-none-eabi/lib/thumb/v7e-m+fp/hard\libstdc++_nano.a(new_handler.o)
                              C:/ST/STM32CubeIDE_1.16.0/STM32CubeIDE/plugins/com.st.stm32cube.ide.mcu.externaltools.gnu-tools-for-stm32.12.3.rel1.win32_1.0.200.202406191623/tools/bin/../lib/gcc/arm-none-eabi/12.3.1/../../../../arm-none-eabi/lib/thumb/v7e-m+fp/hard\libstdc++_nano.a(new_op.o) (std::get_new_handler())
C:/ST/STM32CubeIDE_1.16.0/STM32CubeIDE/plugins/com.st.stm32cube.ide.mcu.externaltools.gnu-tools-for-stm32.12.3.rel1.win32_1.0.200.202406191623/tools/bin/../lib/gcc/arm-none-eabi/12.3.1/../../../../arm-none-eabi/lib/thumb/v7e-m+fp/hard\libm.a(libm_a-w_pow.o)
                              ./Core/Src/HardwareDriver/BMP388/BMP388.o (pow)
C:/ST/STM32CubeIDE_1.16.0/STM32CubeIDE/plugins/com.st.stm32cube.ide.mcu.externaltools.gnu-tools-for-stm32.12.3.rel1.win32_1.0.200.202406191623/tools/bin/../lib/gcc/arm-none-eabi/12.3.1/../../../../arm-none-eabi/lib/thumb/v7e-m+fp/hard\libm.a(libm_a-s_finite.o)
                              C:/ST/STM32CubeIDE_1.16.0/STM32CubeIDE/plugins/com.st.stm32cube.ide.mcu.externaltools.gnu-tools-for-stm32.12.3.rel1.win32_1.0.200.202406191623/tools/bin/../lib/gcc/arm-none-eabi/12.3.1/../../../../arm-none-eabi/lib/thumb/v7e-m+fp/hard\libm.a(libm_a-w_pow.o) (finite)
C:/ST/STM32CubeIDE_1.16.0/STM32CubeIDE/plugins/com.st.stm32cube.ide.mcu.externaltools.gnu-tools-for-stm32.12.3.rel1.win32_1.0.200.202406191623/tools/bin/../lib/gcc/arm-none-eabi/12.3.1/../../../../arm-none-eabi/lib/thumb/v7e-m+fp/hard\libm.a(libm_a-e_pow.o)
                              C:/ST/STM32CubeIDE_1.16.0/STM32CubeIDE/plugins/com.st.stm32cube.ide.mcu.externaltools.gnu-tools-for-stm32.12.3.rel1.win32_1.0.200.202406191623/tools/bin/../lib/gcc/arm-none-eabi/12.3.1/../../../../arm-none-eabi/lib/thumb/v7e-m+fp/hard\libm.a(libm_a-w_pow.o) (__ieee754_pow)
C:/ST/STM32CubeIDE_1.16.0/STM32CubeIDE/plugins/com.st.stm32cube.ide.mcu.externaltools.gnu-tools-for-stm32.12.3.rel1.win32_1.0.200.202406191623/tools/bin/../lib/gcc/arm-none-eabi/12.3.1/../../../../arm-none-eabi/lib/thumb/v7e-m+fp/hard\libm.a(libm_a-s_fabs.o)
                              C:/ST/STM32CubeIDE_1.16.0/STM32CubeIDE/plugins/com.st.stm32cube.ide.mcu.externaltools.gnu-tools-for-stm32.12.3.rel1.win32_1.0.200.202406191623/tools/bin/../lib/gcc/arm-none-eabi/12.3.1/../../../../arm-none-eabi/lib/thumb/v7e-m+fp/hard\libm.a(libm_a-e_pow.o) (fabs)
C:/ST/STM32CubeIDE_1.16.0/STM32CubeIDE/plugins/com.st.stm32cube.ide.mcu.externaltools.gnu-tools-for-stm32.12.3.rel1.win32_1.0.200.202406191623/tools/bin/../lib/gcc/arm-none-eabi/12.3.1/../../../../arm-none-eabi/lib/thumb/v7e-m+fp/hard\libm.a(libm_a-s_scalbn.o)
                              C:/ST/STM32CubeIDE_1.16.0/STM32CubeIDE/plugins/com.st.stm32cube.ide.mcu.externaltools.gnu-tools-for-stm32.12.3.rel1.win32_1.0.200.202406191623/tools/bin/../lib/gcc/arm-none-eabi/12.3.1/../../../../arm-none-eabi/lib/thumb/v7e-m+fp/hard\libm.a(libm_a-e_pow.o) (scalbn)
C:/ST/STM32CubeIDE_1.16.0/STM32CubeIDE/plugins/com.st.stm32cube.ide.mcu.externaltools.gnu-tools-for-stm32.12.3.rel1.win32_1.0.200.202406191623/tools/bin/../lib/gcc/arm-none-eabi/12.3.1/../../../../arm-none-eabi/lib/thumb/v7e-m+fp/hard\libm.a(libm_a-math_err.o)
                              C:/ST/STM32CubeIDE_1.16.0/STM32CubeIDE/plugins/com.st.stm32cube.ide.mcu.externaltools.gnu-tools-for-stm32.12.3.rel1.win32_1.0.200.202406191623/tools/bin/../lib/gcc/arm-none-eabi/12.3.1/../../../../arm-none-eabi/lib/thumb/v7e-m+fp/hard\libm.a(libm_a-e_pow.o) (__math_uflow)
C:/ST/STM32CubeIDE_1.16.0/STM32CubeIDE/plugins/com.st.stm32cube.ide.mcu.externaltools.gnu-tools-for-stm32.12.3.rel1.win32_1.0.200.202406191623/tools/bin/../lib/gcc/arm-none-eabi/12.3.1/../../../../arm-none-eabi/lib/thumb/v7e-m+fp/hard\libm.a(libm_a-e_sqrt.o)
                              C:/ST/STM32CubeIDE_1.16.0/STM32CubeIDE/plugins/com.st.stm32cube.ide.mcu.externaltools.gnu-tools-for-stm32.12.3.rel1.win32_1.0.200.202406191623/tools/bin/../lib/gcc/arm-none-eabi/12.3.1/../../../../arm-none-eabi/lib/thumb/v7e-m+fp/hard\libm.a(libm_a-e_pow.o) (__ieee754_sqrt)
C:/ST/STM32CubeIDE_1.16.0/STM32CubeIDE/plugins/com.st.stm32cube.ide.mcu.externaltools.gnu-tools-for-stm32.12.3.rel1.win32_1.0.200.202406191623/tools/bin/../lib/gcc/arm-none-eabi/12.3.1/../../../../arm-none-eabi/lib/thumb/v7e-m+fp/hard\libc_nano.a(libc_a-abort.o)
[...]
Memory Configuration

Name             Origin             Length             Attributes
RAM              0x20000000         0x00020000         xrw
FLASH            0x08000000         0x00080000         xr
*default*        0x00000000         0xffffffff

Linker script and memory map

LOAD C:/ST/STM32CubeIDE_1.16.0/STM32CubeIDE/plugins/com.st.stm32cube.ide.mcu.externaltools.gnu-tools-for-stm32.12.3.rel1.win32_1.0.200.202406191623/tools/bin/../lib/gcc/arm-none-eabi/12.3.1/thumb/v7e-m+fp/hard/crti.o
LOAD C:/ST/STM32CubeIDE_1.16.0/STM32CubeIDE/plugins/com.st.stm32cube.ide.mcu.externaltools.gnu-tools-for-stm32.12.3.rel1.win32_1.0.200.202406191623/tools/bin/../lib/gcc/arm-none-eabi/12.3.1/thumb/v7e-m+fp/hard/crtbegin.o
LOAD C:/ST/STM32CubeIDE_1.16.0/STM32CubeIDE/plugins/com.st.stm32cube.ide.mcu.externaltools.gnu-tools-for-stm32.12.3.rel1.win32_1.0.200.202406191623/tools/bin/../lib/gcc/arm-none-eabi/12.3.1/../../../../arm-none-eabi/lib/thumb/v7e-m+fp/hard/crt0.o
LOAD ./Core/Src/Devices/SmokeBomb/SmokeBomb.o
LOAD ./Core/Src/Devices/Thermocouple/Thermocouple.o
LOAD ./Core/Src/HardwareDriver/BMP388/BMP388.o
LOAD ./Core/Src/HardwareDriver/BMP388/bmp3.o
LOAD ./Core/Src/HardwareDriver/BN220/BN220.o
LOAD ./Core/Src/HardwareDriver/ICM20948/ICM20948.o
LOAD ./Core/Src/HardwareDriver/XBEE/XBEE.o
LOAD ./Core/Src/Rocket/Rocket.o
LOAD ./Core/Src/Sensors/Accelerometer/Accelerometer.o
LOAD ./Core/Src/Sensors/Altimeter/Altimeter.o
LOAD ./Core/Src/Sensors/GPS/GPS.o
LOAD ./Core/Src/Sensors/Gyroscope/Gyroscope.o
LOAD ./Core/Src/Telecommunication/Telecommunication.o
LOAD ./Core/Src/main.o
LOAD ./Core/Src/stm32f4xx_hal_msp.o
LOAD ./Core/Src/stm32f4xx_it.o
LOAD ./Core/Src/syscalls.o
LOAD ./Core/Src/sysmem.o
LOAD ./Core/Src/system_stm32f4xx.o
LOAD ./Core/Startup/startup_stm32f411vetx.o
LOAD ./Drivers/STM32F4xx_HAL_Driver/Src/stm32f4xx_hal.o
LOAD ./Drivers/STM32F4xx_HAL_Driver/Src/stm32f4xx_hal_adc.o
LOAD ./Drivers/STM32F4xx_HAL_Driver/Src/stm32f4xx_hal_adc_ex.o
LOAD ./Drivers/STM32F4xx_HAL_Driver/Src/stm32f4xx_hal_cortex.o
LOAD ./Drivers/STM32F4xx_HAL_Driver/Src/stm32f4xx_hal_dma.o
LOAD ./Drivers/STM32F4xx_HAL_Driver/Src/stm32f4xx_hal_dma_ex.o
LOAD ./Drivers/STM32F4xx_HAL_Driver/Src/stm32f4xx_hal_exti.o
LOAD ./Drivers/STM32F4xx_HAL_Driver/Src/stm32f4xx_hal_flash.o
LOAD ./Drivers/STM32F4xx_HAL_Driver/Src/stm32f4xx_hal_flash_ex.o
LOAD ./Drivers/STM32F4xx_HAL_Driver/Src/stm32f4xx_hal_flash_ramfunc.o
LOAD ./Drivers/STM32F4xx_HAL_Driver/Src/stm32f4xx_hal_gpio.o
LOAD ./Drivers/STM32F4xx_HAL_Driver/Src/stm32f4xx_hal_i2c.o
LOAD ./Drivers/STM32F4xx_HAL_Driver/Src/stm32f4xx_hal_i2c_ex.o
LOAD ./Drivers/STM32F4xx_HAL_Driver/Src/stm32f4xx_hal_pwr.o
LOAD ./Drivers/STM32F4xx_HAL_Driver/Src/stm32f4xx_hal_pwr_ex.o
LOAD ./Drivers/STM32F4xx_HAL_Driver/Src/stm32f4xx_hal_rcc.o
LOAD ./Drivers/STM32F4xx_HAL_Driver/Src/stm32f4xx_hal_rcc_ex.o
LOAD ./Drivers/STM32F4xx_HAL_Driver/Src/stm32f4xx_hal_tim.o
LOAD ./Drivers/STM32F4xx_HAL_Driver/Src/stm32f4xx_hal_tim_ex.o
LOAD ./Drivers/STM32F4xx_HAL_Driver/Src/stm32f4xx_hal_uart.o
LOAD ./Drivers/STM32F4xx_HAL_Driver/Src/stm32f4xx_ll_adc.o
START GROUP
LOAD C:/ST/STM32CubeIDE_1.16.0/STM32CubeIDE/plugins/com.st.stm32cube.ide.mcu.externaltools.gnu-tools-for-stm32.12.3.rel1.win32_1.0.200.202406191623/tools/bin/../lib/gcc/arm-none-eabi/12.3.1/../../../../arm-none-eabi/lib/thumb/v7e-m+fp/hard\libstdc++_nano.a
LOAD C:/ST/STM32CubeIDE_1.16.0/STM32CubeIDE/plugins/com.st.stm32cube.ide.mcu.externaltools.gnu-tools-for-stm32.12.3.rel1.win32_1.0.200.202406191623/tools/bin/../lib/gcc/arm-none-eabi/12.3.1/../../../../arm-none-eabi/lib/thumb/v7e-m+fp/hard\libsupc++_nano.a
END GROUP
LOAD C:/ST/STM32CubeIDE_1.16.0/STM32CubeIDE/plugins/com.st.stm32cube.ide.mcu.externaltools.gnu-tools-for-stm32.12.3.rel1.win32_1.0.200.202406191623/tools/bin/../lib/gcc/arm-none-eabi/12.3.1/../../../../arm-none-eabi/lib/thumb/v7e-m+fp/hard\libstdc++_nano.a
LOAD C:/ST/STM32CubeIDE_1.16.0/STM32CubeIDE/plugins/com.st.stm32cube.ide.mcu.externaltools.gnu-tools-for-stm32.12.3.rel1.win32_1.0.200.202406191623/tools/bin/../lib/gcc/arm-none-eabi/12.3.1/../../../../arm-none-eabi/lib/thumb/v7e-m+fp/hard\libm.a
LOAD C:/ST/STM32CubeIDE_1.16.0/STM32CubeIDE/plugins/com.st.stm32cube.ide.mcu.externaltools.gnu-tools-for-stm32.12.3.rel1.win32_1.0.200.202406191623/tools/bin/../lib/gcc/arm-none-eabi/12.3.1/../../../../arm-none-eabi/lib/thumb/v7e-m+fp/hard\libc_nano.a
START GROUP
LOAD C:/ST/STM32CubeIDE_1.16.0/STM32CubeIDE/plugins/com.st.stm32cube.ide.mcu.externaltools.gnu-tools-for-stm32.12.3.rel1.win32_1.0.200.202406191623/tools/bin/../lib/gcc/arm-none-eabi/12.3.1/thumb/v7e-m+fp/hard\libgcc.a
LOAD C:/ST/STM32CubeIDE_1.16.0/STM32CubeIDE/plugins/com.st.stm32cube.ide.mcu.externaltools.gnu-tools-for-stm32.12.3.rel1.win32_1.0.200.202406191623/tools/bin/../lib/gcc/arm-none-eabi/12.3.1/../../../../arm-none-eabi/lib/thumb/v7e-m+fp/hard\libc_nano.a
END GROUP
START GROUP
LOAD C:/ST/STM32CubeIDE_1.16.0/STM32CubeIDE/plugins/com.st.stm32cube.ide.mcu.externaltools.gnu-tools-for-stm32.12.3.rel1.win32_1.0.200.202406191623/tools/bin/../lib/gcc/arm-none-eabi/12.3.1/thumb/v7e-m+fp/hard\libgcc.a
LOAD C:/ST/STM32CubeIDE_1.16.0/STM32CubeIDE/plugins/com.st.stm32cube.ide.mcu.externaltools.gnu-tools-for-stm32.12.3.rel1.win32_1.0.200.202406191623/tools/bin/../lib/gcc/arm-none-eabi/12.3.1/../../../../arm-none-eabi/lib/thumb/v7e-m+fp/hard\libc_nano.a
LOAD C:/ST/STM32CubeIDE_1.16.0/STM32CubeIDE/plugins/com.st.stm32cube.ide.mcu.externaltools.gnu-tools-for-stm32.12.3.rel1.win32_1.0.200.202406191623/tools/bin/../lib/gcc/arm-none-eabi/12.3.1/../../../../arm-none-eabi/lib/thumb/v7e-m+fp/hard\libnosys.a
END GROUP
START GROUP
LOAD C:/ST/STM32CubeIDE_1.16.0/STM32CubeIDE/plugins/com.st.stm32cube.ide.mcu.externaltools.gnu-tools-for-stm32.12.3.rel1.win32_1.0.200.202406191623/tools/bin/../lib/gcc/arm-none-eabi/12.3.1/thumb/v7e-m+fp/hard\libgcc.a
LOAD C:/ST/STM32CubeIDE_1.16.0/STM32CubeIDE/plugins/com.st.stm32cube.ide.mcu.externaltools.gnu-tools-for-stm32.12.3.rel1.win32_1.0.200.202406191623/tools/bin/../lib/gcc/arm-none-eabi/12.3.1/../../../../arm-none-eabi/lib/thumb/v7e-m+fp/hard\libc_nano.a
LOAD C:/ST/STM32CubeIDE_1.16.0/STM32CubeIDE/plugins/com.st.stm32cube.ide.mcu.externaltools.gnu-tools-for-stm32.12.3.rel1.win32_1.0.200.202406191623/tools/bin/../lib/gcc/arm-none-eabi/12.3.1/../../../../arm-none-eabi/lib/thumb/v7e-m+fp/hard\libnosys.a
END GROUP
LOAD C:/ST/STM32CubeIDE_1.16.0/STM32CubeIDE/plugins/com.st.stm32cube.ide.mcu.externaltools.gnu-tools-for-stm32.12.3.rel1.win32_1.0.200.202406191623/tools/bin/../lib/gcc/arm-none-eabi/12.3.1/thumb/v7e-m+fp/hard/crtend.o
LOAD C:/ST/STM32CubeIDE_1.16.0/STM32CubeIDE/plugins/com.st.stm32cube.ide.mcu.externaltools.gnu-tools-for-stm32.12.3.rel1.win32_1.0.200.202406191623/tools/bin/../lib/gcc/arm-none-eabi/12.3.1/thumb/v7e-m+fp/hard/crtn.o
                0x20020000                        _estack = (ORIGIN (RAM) + LENGTH (RAM))
                0x00000200                        _Min_Heap_Size = 0x200
                0x00000400                        _Min_Stack_Size = 0x400

.isr_vector     0x08000000      0x198
                0x08000000                        . = ALIGN (0x4)
 *(.isr_vector)
 .isr_vector    0x08000000      0x198 ./Core/Startup/startup_stm32f411vetx.o
                0x08000000                g_pfnVectors
                0x08000198                        . = ALIGN (0x4)

.text           0x08000198     0x88d4
                0x08000198                        . = ALIGN (0x4)
 *(.text)
 .text          0x08000198       0x40 C:/ST/STM32CubeIDE_1.16.0/STM32CubeIDE/plugins/com.st.stm32cube.ide.mcu.externaltools.gnu-tools-for-stm32.12.3.rel1.win32_1.0.200.202406191623/tools/bin/../lib/gcc/arm-none-eabi/12.3.1/thumb/v7e-m+fp/hard/crtbegin.o
 .text          0x080001d8      0x378 C:/ST/STM32CubeIDE_1.16.0/STM32CubeIDE/plugins/com.st.stm32cube.ide.mcu.externaltools.gnu-tools-for-stm32.12.3.rel1.win32_1.0.200.202406191623/tools/bin/../lib/gcc/arm-none-eabi/12.3.1/thumb/v7e-m+fp/hard\libgcc.a(_arm_addsubdf3.o)
                0x080001d8                __aeabi_drsub
                0x080001e0                __aeabi_dsub
                0x080001e0                __subdf3
                0x080001e4                __aeabi_dadd
                0x080001e4                __adddf3
                0x0800045c                __floatunsidf
                0x0800045c                __aeabi_ui2d
                0x0800047c                __floatsidf
                0x0800047c                __aeabi_i2d
                0x080004a0                __aeabi_f2d
                0x080004a0                __extendsfdf2
                0x080004e4                __floatundidf
                0x080004e4                __aeabi_ul2d
                0x080004f4                __floatdidf
                0x080004f4                __aeabi_l2d
 .text          0x08000550      0x424 C:/ST/STM32CubeIDE_1.16.0/STM32CubeIDE/plugins/com.st.stm32cube.ide.mcu.externaltools.gnu-tools-for-stm32.12.3.rel1.win32_1.0.200.202406191623/tools/bin/../lib/gcc/arm-none-eabi/12.3.1/thumb/v7e-m+fp/hard\libgcc.a(_arm_muldivdf3.o)
                0x08000550                __aeabi_dmul
                0x08000550                __muldf3
                0x080007a4                __divdf3
                0x080007a4                __aeabi_ddiv
 .text          0x08000974      0x110 C:/ST/STM32CubeIDE_1.16.0/STM32CubeIDE/plugins/com.st.stm32cube.ide.mcu.externaltools.gnu-tools-for-stm32.12.3.rel1.win32_1.0.200.202406191623/tools/bin/../lib/gcc/arm-none-eabi/12.3.1/thumb/v7e-m+fp/hard\libgcc.a(_arm_cmpdf2.o)
                0x08000974                __gtdf2
                0x08000974                __gedf2
                0x0800097c                __ltdf2
                0x0800097c                __ledf2
                0x08000984                __nedf2
                0x08000984                __eqdf2
                0x08000984                __cmpdf2
                0x08000a00                __aeabi_cdrcmple
                0x08000a10                __aeabi_cdcmpeq
                0x08000a10                __aeabi_cdcmple
                0x08000a20                __aeabi_dcmpeq
                0x08000a34                __aeabi_dcmplt
                0x08000a48                __aeabi_dcmple
                0x08000a5c                __aeabi_dcmpge
                0x08000a70                __aeabi_dcmpgt
 .text          0x08000a84       0x2c C:/ST/STM32CubeIDE_1.16.0/STM32CubeIDE/plugins/com.st.stm32cube.ide.mcu.externaltools.gnu-tools-for-stm32.12.3.rel1.win32_1.0.200.202406191623/tools/bin/../lib/gcc/arm-none-eabi/12.3.1/thumb/v7e-m+fp/hard\libgcc.a(_arm_unorddf2.o)
                0x08000a84                __unorddf2
                0x08000a84                __aeabi_dcmpun
 .text          0x08000ab0       0xa0 C:/ST/STM32CubeIDE_1.16.0/STM32CubeIDE/plugins/com.st.stm32cube.ide.mcu.externaltools.gnu-tools-for-stm32.12.3.rel1.win32_1.0.200.202406191623/tools/bin/../lib/gcc/arm-none-eabi/12.3.1/thumb/v7e-m+fp/hard\libgcc.a(_arm_truncdfsf2.o)
                0x08000ab0                __truncdfsf2
                0x08000ab0                __aeabi_d2f
 .text          0x08000b50       0x30 C:/ST/STM32CubeIDE_1.16.0/STM32CubeIDE/plugins/com.st.stm32cube.ide.mcu.externaltools.gnu-tools-for-stm32.12.3.rel1.win32_1.0.200.202406191623/tools/bin/../lib/gcc/arm-none-eabi/12.3.1/thumb/v7e-m+fp/hard\libgcc.a(_aeabi_uldivmod.o)
                0x08000b50                __aeabi_uldivmod
 .text          0x08000b80      0x2bc C:/ST/STM32CubeIDE_1.16.0/STM32CubeIDE/plugins/com.st.stm32cube.ide.mcu.externaltools.gnu-tools-for-stm32.12.3.rel1.win32_1.0.200.202406191623/tools/bin/../lib/gcc/arm-none-eabi/12.3.1/thumb/v7e-m+fp/hard\libgcc.a(_udivmoddi4.o)
                0x08000b80                __udivmoddi4
 .text          0x08000e3c        0x4 C:/ST/STM32CubeIDE_1.16.0/STM32CubeIDE/plugins/com.st.stm32cube.ide.mcu.externaltools.gnu-tools-for-stm32.12.3.rel1.win32_1.0.200.202406191623/tools/bin/../lib/gcc/arm-none-eabi/12.3.1/thumb/v7e-m+fp/hard\libgcc.a(_dvmd_tls.o)
                0x08000e3c                __aeabi_idiv0
                0x08000e3c                __aeabi_ldiv0
 *(.text*)
 .text._ZN9SmokeBombC2Ev
                0x08000e40       0x16 ./Core/Src/Devices/SmokeBomb/SmokeBomb.o
                0x08000e40                SmokeBomb::SmokeBomb()
                0x08000e40                SmokeBomb::SmokeBomb()
 *fill*         0x08000e56        0x2 
 .text._ZN12ThermocoupleC2EP17ADC_HandleTypeDefh
                0x08000e58       0x48 ./Core/Src/Devices/Thermocouple/Thermocouple.o
                0x08000e58                Thermocouple::Thermocouple(ADC_HandleTypeDef*, unsigned char)
                0x08000e58                Thermocouple::Thermocouple(ADC_HandleTypeDef*, unsigned char)
 .text._ZN16IAltimeterDriverC2Ev
                0x08000ea0       0x20 ./Core/Src/HardwareDriver/BMP388/BMP388.o
                0x08000ea0                IAltimeterDriver::IAltimeterDriver()
                0x08000ea0                IAltimeterDriver::IAltimeterDriver()
 .text._ZN6BMP388C2EP17I2C_HandleTypeDef
                0x08000ec0       0x6c ./Core/Src/HardwareDriver/BMP388/BMP388.o
                0x08000ec0                BMP388::BMP388(I2C_HandleTypeDef*)
                0x08000ec0                BMP388::BMP388(I2C_HandleTypeDef*)
 .text._ZN6BMP3884initEv
                0x08000f2c       0xc2 ./Core/Src/HardwareDriver/BMP388/BMP388.o
                0x08000f2c                BMP388::init()
 *fill*         0x08000fee        0x2 
 .text._ZN6BMP38813readAltimeterEv
                0x08000ff0      0x148 ./Core/Src/HardwareDriver/BMP388/BMP388.o
                0x08000ff0                BMP388::readAltimeter()
 .text._ZN6BMP38818getAltimeterValuesEv
                0x08001138       0x1e ./Core/Src/HardwareDriver/BMP388/BMP388.o
                0x08001138                BMP388::getAltimeterValues()
 .text._ZN6BMP38819SensorAPI_I2Cx_ReadEhPhtPv
                0x08001156       0x62 ./Core/Src/HardwareDriver/BMP388/BMP388.o
                0x08001156                BMP388::SensorAPI_I2Cx_Read(unsigned char, unsigned char*, unsigned short, void*)
 .text._ZN6BMP38820SensorAPI_I2Cx_WriteEhPhtPv
                0x080011b8       0x60 ./Core/Src/HardwareDriver/BMP388/BMP388.o
                0x080011b8                BMP388::SensorAPI_I2Cx_Write(unsigned char, unsigned char*, unsigned short, void*)
 .text._ZN6BMP38813bmp3_delay_usEmPv
                0x08001218       0x42 ./Core/Src/HardwareDriver/BMP388/BMP388.o
                0x08001218                BMP388::bmp3_delay_us(unsigned long, void*)
 .text._ZN6BMP3889bmp3_initEP8bmp3_dev
                0x0800125a       0x9a ./Core/Src/HardwareDriver/BMP388/BMP388.o
                0x0800125a                BMP388::bmp3_init(bmp3_dev*)
 .text._ZN6BMP38814null_ptr_checkEPK8bmp3_dev
                0x080012f4       0x32 ./Core/Src/HardwareDriver/BMP388/BMP388.o
                0x080012f4                BMP388::null_ptr_check(bmp3_dev const*)
 .text._ZN6BMP38813bmp3_get_regsEhPhmP8bmp3_dev
                0x08001326      0x12e ./Core/Src/HardwareDriver/BMP388/BMP388.o
                0x08001326                BMP388::bmp3_get_regs(unsigned char, unsigned char*, unsigned long, bmp3_dev*)
 .text._ZN6BMP38814get_calib_dataEP8bmp3_dev
                0x08001454       0x52 ./Core/Src/HardwareDriver/BMP388/BMP388.o
                0x08001454                BMP388::get_calib_data(bmp3_dev*)
 *fill*         0x080014a6        0x2 
 .text._ZN6BMP38816parse_calib_dataEPKhP8bmp3_dev
                0x080014a8      0x394 ./Core/Src/HardwareDriver/BMP388/BMP388.o
                0x080014a8                BMP388::parse_calib_data(unsigned char const*, bmp3_dev*)
 .text._ZN6BMP38815bmp3_soft_resetEP8bmp3_dev
                0x0800183c       0xa2 ./Core/Src/HardwareDriver/BMP388/BMP388.o
                0x0800183c                BMP388::bmp3_soft_reset(bmp3_dev*)
 .text._ZN6BMP38813bmp3_set_regsEPhPKhmP8bmp3_dev
                0x080018de      0x136 ./Core/Src/HardwareDriver/BMP388/BMP388.o
                0x080018de                BMP388::bmp3_set_regs(unsigned char*, unsigned char const*, unsigned long, bmp3_dev*)
 .text._ZN6BMP38819interleave_reg_addrEPKhPhS1_m
                0x08001a14       0x56 ./Core/Src/HardwareDriver/BMP388/BMP388.o
                0x08001a14                BMP388::interleave_reg_addr(unsigned char const*, unsigned char*, unsigned char const*, unsigned long)
 .text._ZN6BMP38820bmp3_get_sensor_dataEhP9bmp3_dataP8bmp3_dev
                0x08001a6a       0x8a ./Core/Src/HardwareDriver/BMP388/BMP388.o
                0x08001a6a                BMP388::bmp3_get_sensor_data(unsigned char, bmp3_data*, bmp3_dev*)
 .text._ZN6BMP38817parse_sensor_dataEPKhP16bmp3_uncomp_data
                0x08001af4       0x7c ./Core/Src/HardwareDriver/BMP388/BMP388.o
                0x08001af4                BMP388::parse_sensor_data(unsigned char const*, bmp3_uncomp_data*)
 .text._ZN6BMP38815compensate_dataEhPK16bmp3_uncomp_dataP9bmp3_dataP15bmp3_calib_data
                0x08001b70       0xe8 ./Core/Src/HardwareDriver/BMP388/BMP388.o
                0x08001b70                BMP388::compensate_data(unsigned char, bmp3_uncomp_data const*, bmp3_data*, bmp3_calib_data*)
 .text._ZN6BMP38822compensate_temperatureEPdPK16bmp3_uncomp_dataP15bmp3_calib_data
                0x08001c58       0xf8 ./Core/Src/HardwareDriver/BMP388/BMP388.o
                0x08001c58                BMP388::compensate_temperature(double*, bmp3_uncomp_data const*, bmp3_calib_data*)
 .text._ZN6BMP38819compensate_pressureEPdPK16bmp3_uncomp_dataPK15bmp3_calib_data
                0x08001d50      0x2f8 ./Core/Src/HardwareDriver/BMP388/BMP388.o
                0x08001d50                BMP388::compensate_pressure(double*, bmp3_uncomp_data const*, bmp3_calib_data const*)
 .text._ZN6BMP3888pow_bmp3Edh
                0x08002048       0x4c ./Core/Src/HardwareDriver/BMP388/BMP388.o
                0x08002048                BMP388::pow_bmp3(double, unsigned char)
 .text._ZN6BMP38815bmp3_get_statusEP11bmp3_statusP8bmp3_dev
                0x08002094       0x5e ./Core/Src/HardwareDriver/BMP388/BMP388.o
                0x08002094                BMP388::bmp3_get_status(bmp3_status*, bmp3_dev*)
 .text._ZN6BMP38817get_sensor_statusEP11bmp3_statusP8bmp3_dev
                0x080020f2       0x90 ./Core/Src/HardwareDriver/BMP388/BMP388.o
                0x080020f2                BMP388::get_sensor_status(bmp3_status*, bmp3_dev*)
 .text._ZN6BMP38814get_int_statusEP11bmp3_statusP8bmp3_dev
                0x08002182       0x62 ./Core/Src/HardwareDriver/BMP388/BMP388.o
                0x08002182                BMP388::get_int_status(bmp3_status*, bmp3_dev*)
 .text._ZN6BMP38814get_err_statusEP11bmp3_statusP8bmp3_dev
                0x080021e4       0x62 ./Core/Src/HardwareDriver/BMP388/BMP388.o
                0x080021e4                BMP388::get_err_status(bmp3_status*, bmp3_dev*)
 .text._ZN6BMP38824bmp3_set_sensor_settingsEmP13bmp3_settingsP8bmp3_dev
                0x08002246       0xd6 ./Core/Src/HardwareDriver/BMP388/BMP388.o
                0x08002246                BMP388::bmp3_set_sensor_settings(unsigned long, bmp3_settings*, bmp3_dev*)
 .text._ZN6BMP38816bmp3_set_op_modeEP13bmp3_settingsP8bmp3_dev
                0x0800231c       0xb0 ./Core/Src/HardwareDriver/BMP388/BMP388.o
                0x0800231c                BMP388::bmp3_set_op_mode(bmp3_settings*, bmp3_dev*)
 .text._ZN6BMP38820are_settings_changedEmm
                0x080023cc       0x32 ./Core/Src/HardwareDriver/BMP388/BMP388.o
                0x080023cc                BMP388::are_settings_changed(unsigned long, unsigned long)
 .text._ZN6BMP38821set_pwr_ctrl_settingsEmPK13bmp3_settingsP8bmp3_dev
                0x080023fe       0xa6 ./Core/Src/HardwareDriver/BMP388/BMP388.o
                0x080023fe                BMP388::set_pwr_ctrl_settings(unsigned long, bmp3_settings const*, bmp3_dev*)
 .text._ZN6BMP38823set_odr_filter_settingsEmP13bmp3_settingsP8bmp3_dev
                0x080024a4      0x11c ./Core/Src/HardwareDriver/BMP388/BMP388.o
                0x080024a4                BMP388::set_odr_filter_settings(unsigned long, bmp3_settings*, bmp3_dev*)
 .text._ZN6BMP38821set_int_ctrl_settingsEmPK13bmp3_settingsP8bmp3_dev
                0x080025c0       0xfe ./Core/Src/HardwareDriver/BMP388/BMP388.o
                0x080025c0                BMP388::set_int_ctrl_settings(unsigned long, bmp3_settings const*, bmp3_dev*)
 .text._ZN6BMP38820set_advance_settingsEmPK13bmp3_settingsP8bmp3_dev
                0x080026be       0xb0 ./Core/Src/HardwareDriver/BMP388/BMP388.o
                0x080026be                BMP388::set_advance_settings(unsigned long, bmp3_settings const*, bmp3_dev*)
 .text._ZN6BMP38816bmp3_get_op_modeEPhP8bmp3_dev
                0x0800276e       0x4a ./Core/Src/HardwareDriver/BMP388/BMP388.o
                0x0800276e                BMP388::bmp3_get_op_mode(unsigned char*, bmp3_dev*)
 .text._ZN6BMP38819put_device_to_sleepEP8bmp3_dev
                0x080027b8       0x5a ./Core/Src/HardwareDriver/BMP388/BMP388.o
                0x080027b8                BMP388::put_device_to_sleep(bmp3_dev*)
 .text._ZN6BMP38815set_normal_modeEP13bmp3_settingsP8bmp3_dev
                0x08002812       0x70 ./Core/Src/HardwareDriver/BMP388/BMP388.o
                0x08002812                BMP388::set_normal_mode(bmp3_settings*, bmp3_dev*)
 .text._ZN6BMP38816write_power_modeEPK13bmp3_settingsP8bmp3_dev
                0x08002882       0x76 ./Core/Src/HardwareDriver/BMP388/BMP388.o
                0x08002882                BMP388::write_power_mode(bmp3_settings const*, bmp3_dev*)
 .text._ZN6BMP38813fill_osr_dataEmPhS0_S0_PK13bmp3_settings
                0x080028f8       0xb0 ./Core/Src/HardwareDriver/BMP388/BMP388.o
                0x080028f8                BMP388::fill_osr_data(unsigned long, unsigned char*, unsigned char*, unsigned char*, bmp3_settings const*)
 .text._ZN6BMP38813fill_odr_dataEPhS0_S0_P13bmp3_settings
                0x080029a8       0x74 ./Core/Src/HardwareDriver/BMP388/BMP388.o
                0x080029a8                BMP388::fill_odr_data(unsigned char*, unsigned char*, unsigned char*, bmp3_settings*)
 .text._ZN6BMP38816fill_filter_dataEPhS0_S0_PK13bmp3_settings
                0x08002a1c       0x6c ./Core/Src/HardwareDriver/BMP388/BMP388.o
                0x08002a1c                BMP388::fill_filter_data(unsigned char*, unsigned char*, unsigned char*, bmp3_settings const*)
 .text._ZN6BMP38829validate_osr_and_odr_settingsEPK13bmp3_settings
                0x08002a88       0x88 ./Core/Src/HardwareDriver/BMP388/BMP388.o
                0x08002a88                BMP388::validate_osr_and_odr_settings(bmp3_settings const*)
 .text._ZN6BMP38833verify_meas_time_and_odr_durationEmm
                0x08002b10       0x2e ./Core/Src/HardwareDriver/BMP388/BMP388.o
                0x08002b10                BMP388::verify_meas_time_and_odr_duration(unsigned long, unsigned long)
 *fill*         0x08002b3e        0x2 
 .text._ZN6BMP38824calculate_temp_meas_timeEPK13bmp3_settings
                0x08002b40       0x64 ./Core/Src/HardwareDriver/BMP388/BMP388.o
                0x08002b40                BMP388::calculate_temp_meas_time(bmp3_settings const*)
 .text._ZN6BMP38825calculate_press_meas_timeEPK13bmp3_settings
                0x08002ba4       0x64 ./Core/Src/HardwareDriver/BMP388/BMP388.o
                0x08002ba4                BMP388::calculate_press_meas_time(bmp3_settings const*)
 .text._ZN6BMP38829validate_normal_mode_settingsEP13bmp3_settingsP8bmp3_dev
                0x08002c08       0x3a ./Core/Src/HardwareDriver/BMP388/BMP388.o
                0x08002c08                BMP388::validate_normal_mode_settings(bmp3_settings*, bmp3_dev*)
 .text._ZN6BMP38823get_odr_filter_settingsEP13bmp3_settingsP8bmp3_dev
                0x08002c42       0x3e ./Core/Src/HardwareDriver/BMP388/BMP388.o
                0x08002c42                BMP388::get_odr_filter_settings(bmp3_settings*, bmp3_dev*)
 .text._ZN6BMP38825parse_odr_filter_settingsEPKhP24bmp3_odr_filter_settings
                0x08002c80       0x78 ./Core/Src/HardwareDriver/BMP388/BMP388.o
                0x08002c80                BMP388::parse_odr_filter_settings(unsigned char const*, bmp3_odr_filter_settings*)
 .text._ZN10IGPSDriverC2Ev
                0x08002cf8       0x20 ./Core/Src/HardwareDriver/BN220/BN220.o
                0x08002cf8                IGPSDriver::IGPSDriver()
                0x08002cf8                IGPSDriver::IGPSDriver()
 .text._ZN5BN220C2EP20__UART_HandleTypeDef
                0x08002d18       0x5c ./Core/Src/HardwareDriver/BN220/BN220.o
                0x08002d18                BN220::BN220(__UART_HandleTypeDef*)
                0x08002d18                BN220::BN220(__UART_HandleTypeDef*)
 .text._ZN5BN2207readGPSEv
                0x08002d74       0x52 ./Core/Src/HardwareDriver/BN220/BN220.o
                0x08002d74                BN220::readGPS()
 .text._ZN5BN22012getGPSValuesEv
                0x08002dc6       0x32 ./Core/Src/HardwareDriver/BN220/BN220.o
                0x08002dc6                BN220::getGPSValues()
 .text._ZN20IAccelerometerDriverC2Ev
                0x08002df8       0x20 ./Core/Src/HardwareDriver/ICM20948/ICM20948.o
                0x08002df8                IAccelerometerDriver::IAccelerometerDriver()
                0x08002df8                IAccelerometerDriver::IAccelerometerDriver()
 .text._ZN16IGyroscopeDriverC2Ev
                0x08002e18       0x20 ./Core/Src/HardwareDriver/ICM20948/ICM20948.o
                0x08002e18                IGyroscopeDriver::IGyroscopeDriver()
                0x08002e18                IGyroscopeDriver::IGyroscopeDriver()
 .text._ZN8ICM20948C2EP17I2C_HandleTypeDef
                0x08002e38       0x48 ./Core/Src/HardwareDriver/ICM20948/ICM20948.o
                0x08002e38                ICM20948::ICM20948(I2C_HandleTypeDef*)
                0x08002e38                ICM20948::ICM20948(I2C_HandleTypeDef*)
 .text._ZN8ICM209484initEv
                0x08002e80       0xf0 ./Core/Src/HardwareDriver/ICM20948/ICM20948.o
                0x08002e80                ICM20948::init()
 .text._ZN8ICM2094814selectUserBankEh
                0x08002f70       0x20 ./Core/Src/HardwareDriver/ICM20948/ICM20948.o
                0x08002f70                ICM20948::selectUserBank(unsigned char)
 .text._ZN8ICM209488setClockEh
                0x08002f90       0x20 ./Core/Src/HardwareDriver/ICM20948/ICM20948.o
                0x08002f90                ICM20948::setClock(unsigned char)
 .text._ZN8ICM2094817readAccelerometerEv
                0x08002fb0       0xb0 ./Core/Src/HardwareDriver/ICM20948/ICM20948.o
                0x08002fb0                ICM20948::readAccelerometer()
 .text._ZN8ICM2094822getAccelerometerValuesEv
                0x08003060       0x3e ./Core/Src/HardwareDriver/ICM20948/ICM20948.o
                0x08003060                ICM20948::getAccelerometerValues()
 *fill*         0x0800309e        0x2 
 .text._ZN8ICM2094813readGyroscopeEv
                0x080030a0       0xb0 ./Core/Src/HardwareDriver/ICM20948/ICM20948.o
                0x080030a0                ICM20948::readGyroscope()
 .text._ZThn4_N8ICM2094813readGyroscopeEv
                0x08003150        0x8 ./Core/Src/HardwareDriver/ICM20948/ICM20948.o
                0x08003150                non-virtual thunk to ICM20948::readGyroscope()
 .text._ZN8ICM2094818getGyroscopeValuesEv
                0x08003158       0x3e ./Core/Src/HardwareDriver/ICM20948/ICM20948.o
                0x08003158                ICM20948::getGyroscopeValues()
 .text._ZThn4_N8ICM2094818getGyroscopeValuesEv
                0x08003196        0x8 ./Core/Src/HardwareDriver/ICM20948/ICM20948.o
                0x08003196                non-virtual thunk to ICM20948::getGyroscopeValues()
 .text._ZN8ICM2094813writeRegisterEhh
                0x0800319e       0x3c ./Core/Src/HardwareDriver/ICM20948/ICM20948.o
                0x0800319e                ICM20948::writeRegister(unsigned char, unsigned char)
 .text._ZN8ICM2094813readRegistersEhPhh
                0x080031da       0x50 ./Core/Src/HardwareDriver/ICM20948/ICM20948.o
                0x080031da                ICM20948::readRegisters(unsigned char, unsigned char*, unsigned char)
 *fill*         0x0800322a        0x2 
 .text._ZN24ITelecommunicationDriverC2Ev
                0x0800322c       0x20 ./Core/Src/HardwareDriver/XBEE/XBEE.o
                0x0800322c                ITelecommunicationDriver::ITelecommunicationDriver()
                0x0800322c                ITelecommunicationDriver::ITelecommunicationDriver()
 .text._ZN4XBEEC2EP20__UART_HandleTypeDef
                0x0800324c       0x38 ./Core/Src/HardwareDriver/XBEE/XBEE.o
                0x0800324c                XBEE::XBEE(__UART_HandleTypeDef*)
                0x0800324c                XBEE::XBEE(__UART_HandleTypeDef*)
 .text._ZN4XBEE8sendDataEPhh
                0x08003284       0x28 ./Core/Src/HardwareDriver/XBEE/XBEE.o
                0x08003284                XBEE::sendData(unsigned char*, unsigned char)
 .text._ZN4XBEE9fetchDataEPhh
                0x080032ac       0x28 ./Core/Src/HardwareDriver/XBEE/XBEE.o
                0x080032ac                XBEE::fetchData(unsigned char*, unsigned char)
 .text._ZN4XBEE10enableXBEEEv
                0x080032d4       0x6a ./Core/Src/HardwareDriver/XBEE/XBEE.o
                0x080032d4                XBEE::enableXBEE()
 .text._ZN6RocketC2EP17I2C_HandleTypeDefP20__UART_HandleTypeDefS3_P17ADC_HandleTypeDef
                0x0800333e      0x184 ./Core/Src/Rocket/Rocket.o
                0x0800333e                Rocket::Rocket(I2C_HandleTypeDef*, __UART_HandleTypeDef*, __UART_HandleTypeDef*, ADC_HandleTypeDef*)
                0x0800333e                Rocket::Rocket(I2C_HandleTypeDef*, __UART_HandleTypeDef*, __UART_HandleTypeDef*, ADC_HandleTypeDef*)
 .text._ZN6Rocket11initDriversEv
                0x080034c2       0x24 ./Core/Src/Rocket/Rocket.o
                0x080034c2                Rocket::initDrivers()
 .text._ZN6Rocket4initEv
                0x080034e6       0x20 ./Core/Src/Rocket/Rocket.o
                0x080034e6                Rocket::init()
 .text._ZN6Rocket7executeEv
                0x08003506       0x2e ./Core/Src/Rocket/Rocket.o
                0x08003506                Rocket::execute()
 .text._ZN6Rocket18executeIntializingEv
                0x08003534       0x14 ./Core/Src/Rocket/Rocket.o
                0x08003534                Rocket::executeIntializing()
 .text._ZN6Rocket16executeAscendingEv
                0x08003548      0x14a ./Core/Src/Rocket/Rocket.o
                0x08003548                Rocket::executeAscending()
 .text._ZN13AccelerometerC2EP20IAccelerometerDriver
                0x08003692       0x36 ./Core/Src/Sensors/Accelerometer/Accelerometer.o
                0x08003692                Accelerometer::Accelerometer(IAccelerometerDriver*)
                0x08003692                Accelerometer::Accelerometer(IAccelerometerDriver*)
 .text._ZN13Accelerometer9getValuesEv
                0x080036c8       0x54 ./Core/Src/Sensors/Accelerometer/Accelerometer.o
                0x080036c8                Accelerometer::getValues()
 .text._ZN13Accelerometer8fillDataEv
                0x0800371c       0x28 ./Core/Src/Sensors/Accelerometer/Accelerometer.o
                0x0800371c                Accelerometer::fillData()
 .text._ZN9AltimeterC2EP16IAltimeterDriver
                0x08003744       0x1e ./Core/Src/Sensors/Altimeter/Altimeter.o
                0x08003744                Altimeter::Altimeter(IAltimeterDriver*)
                0x08003744                Altimeter::Altimeter(IAltimeterDriver*)
 .text._ZN9Altimeter9getValuesEv
                0x08003762       0x2a ./Core/Src/Sensors/Altimeter/Altimeter.o
                0x08003762                Altimeter::getValues()
 .text._ZN9Altimeter8fillDataEv
                0x0800378c       0x28 ./Core/Src/Sensors/Altimeter/Altimeter.o
                0x0800378c                Altimeter::fillData()
 .text._ZN3GPSC2EP10IGPSDriver
                0x080037b4       0x1e ./Core/Src/Sensors/GPS/GPS.o
                0x080037b4                GPS::GPS(IGPSDriver*)
                0x080037b4                GPS::GPS(IGPSDriver*)
 .text._ZN3GPS9getValuesEv
                0x080037d2       0x26 ./Core/Src/Sensors/GPS/GPS.o
                0x080037d2                GPS::getValues()
 .text._ZN3GPS8fillDataEv
                0x080037f8       0x28 ./Core/Src/Sensors/GPS/GPS.o
                0x080037f8                GPS::fillData()
 .text._ZN9GyroscopeC2EP16IGyroscopeDriver
                0x08003820       0x1e ./Core/Src/Sensors/Gyroscope/Gyroscope.o
                0x08003820                Gyroscope::Gyroscope(IGyroscopeDriver*)
                0x08003820                Gyroscope::Gyroscope(IGyroscopeDriver*)
 .text._ZN9Gyroscope9getValuesEv
                0x0800383e       0x54 ./Core/Src/Sensors/Gyroscope/Gyroscope.o
                0x0800383e                Gyroscope::getValues()
 .text._ZN9Gyroscope8fillDataEv
                0x08003892       0x28 ./Core/Src/Sensors/Gyroscope/Gyroscope.o
                0x08003892                Gyroscope::fillData()
 .text._ZN17TelecommunicationC2EP24ITelecommunicationDriver
                0x080038ba       0x1e ./Core/Src/Telecommunication/Telecommunication.o
                0x080038ba                Telecommunication::Telecommunication(ITelecommunicationDriver*)
                0x080038ba                Telecommunication::Telecommunication(ITelecommunicationDriver*)
 .text._ZN17Telecommunication8sendDataEPhh
                0x080038d8       0x28 ./Core/Src/Telecommunication/Telecommunication.o
                0x080038d8                Telecommunication::sendData(unsigned char*, unsigned char)
 .text.main     0x08003900       0x5c ./Core/Src/main.o
                0x08003900                main
 .text._Z18SystemClock_Configv
                0x0800395c       0xe4 ./Core/Src/main.o
                0x0800395c                SystemClock_Config()
 .text._ZL12MX_ADC1_Initv
                0x08003a40       0xb8 ./Core/Src/main.o
 .text._ZL12MX_I2C1_Initv
                0x08003af8       0x68 ./Core/Src/main.o
 .text._ZL19MX_USART1_UART_Initv
                0x08003b60       0x5c ./Core/Src/main.o
 .text._ZL19MX_USART2_UART_Initv
                0x08003bbc       0x5c ./Core/Src/main.o
 .text._ZL12MX_GPIO_Initv
                0x08003c18      0x198 ./Core/Src/main.o
 .text.Error_Handler
                0x08003db0        0xc ./Core/Src/main.o
                0x08003db0                Error_Handler
 .text.HAL_MspInit
                0x08003dbc       0x50 ./Core/Src/stm32f4xx_hal_msp.o
                0x08003dbc                HAL_MspInit
 .text.HAL_ADC_MspInit
                0x08003e0c       0x88 ./Core/Src/stm32f4xx_hal_msp.o
                0x08003e0c                HAL_ADC_MspInit
 .text.HAL_I2C_MspInit
                0x08003e94       0x90 ./Core/Src/stm32f4xx_hal_msp.o
                0x08003e94                HAL_I2C_MspInit
 .text.HAL_UART_MspInit
                0x08003f24      0x10c ./Core/Src/stm32f4xx_hal_msp.o
                0x08003f24                HAL_UART_MspInit
 .text.NMI_Handler
                0x08004030        0x8 ./Core/Src/stm32f4xx_it.o
                0x08004030                NMI_Handler
 .text.HardFault_Handler
                0x08004038        0x8 ./Core/Src/stm32f4xx_it.o
                0x08004038                HardFault_Handler
 .text.MemManage_Handler
                0x08004040        0x8 ./Core/Src/stm32f4xx_it.o
                0x08004040                MemManage_Handler
 .text.BusFault_Handler
                0x08004048        0x8 ./Core/Src/stm32f4xx_it.o
                0x08004048                BusFault_Handler
 .text.UsageFault_Handler
                0x08004050        0x8 ./Core/Src/stm32f4xx_it.o
                0x08004050                UsageFault_Handler
 .text.SVC_Handler
                0x08004058        0xe ./Core/Src/stm32f4xx_it.o
                0x08004058                SVC_Handler
 .text.DebugMon_Handler
                0x08004066        0xe ./Core/Src/stm32f4xx_it.o
                0x08004066                DebugMon_Handler
 .text.PendSV_Handler
                0x08004074        0xe ./Core/Src/stm32f4xx_it.o
                0x08004074                PendSV_Handler
 .text.SysTick_Handler
                0x08004082        0xc ./Core/Src/stm32f4xx_it.o
                0x08004082                SysTick_Handler
 *fill*         0x0800408e        0x2 
 .text.USART2_IRQHandler
                0x08004090       0x14 ./Core/Src/stm32f4xx_it.o
                0x08004090                USART2_IRQHandler
 .text._getpid  0x080040a4       0x10 ./Core/Src/syscalls.o
                0x080040a4                _getpid
 .text._kill    0x080040b4       0x20 ./Core/Src/syscalls.o
                0x080040b4                _kill
 .text._exit    0x080040d4       0x16 ./Core/Src/syscalls.o
                0x080040d4                _exit
 *fill*         0x080040ea        0x2 
 .text._sbrk    0x080040ec       0x6c ./Core/Src/sysmem.o
                0x080040ec                _sbrk
 .text.SystemInit
                0x08004158       0x24 ./Core/Src/system_stm32f4xx.o
                0x08004158                SystemInit
 .text.Reset_Handler
                0x0800417c       0x50 ./Core/Startup/startup_stm32f411vetx.o
                0x0800417c                Reset_Handler
 .text.Default_Handler
                0x080041cc        0x2 ./Core/Startup/startup_stm32f411vetx.o
                0x080041cc                RTC_Alarm_IRQHandler
                0x080041cc                EXTI2_IRQHandler
                0x080041cc                SPI4_IRQHandler
                0x080041cc                TIM1_CC_IRQHandler
                0x080041cc                DMA2_Stream5_IRQHandler
                0x080041cc                DMA1_Stream5_IRQHandler
                0x080041cc                PVD_IRQHandler
                0x080041cc                SDIO_IRQHandler
                0x080041cc                TAMP_STAMP_IRQHandler
                0x080041cc                EXTI3_IRQHandler
                0x080041cc                TIM1_UP_TIM10_IRQHandler
                0x080041cc                I2C3_ER_IRQHandler
                0x080041cc                EXTI0_IRQHandler
                0x080041cc                I2C2_EV_IRQHandler
                0x080041cc                DMA1_Stream2_IRQHandler
                0x080041cc                FPU_IRQHandler
                0x080041cc                DMA2_Stream2_IRQHandler
                0x080041cc                SPI1_IRQHandler
                0x080041cc                TIM1_BRK_TIM9_IRQHandler
                0x080041cc                DMA2_Stream3_IRQHandler
                0x080041cc                USART6_IRQHandler
                0x080041cc                DMA2_Stream0_IRQHandler
                0x080041cc                TIM4_IRQHandler
                0x080041cc                I2C1_EV_IRQHandler
                0x080041cc                DMA1_Stream6_IRQHandler
                0x080041cc                DMA1_Stream1_IRQHandler
                0x080041cc                TIM3_IRQHandler
                0x080041cc                RCC_IRQHandler
                0x080041cc                Default_Handler
                0x080041cc                EXTI15_10_IRQHandler
                0x080041cc                ADC_IRQHandler
                0x080041cc                DMA1_Stream7_IRQHandler
                0x080041cc                SPI5_IRQHandler
                0x080041cc                TIM5_IRQHandler
                0x080041cc                DMA2_Stream7_IRQHandler
                0x080041cc                I2C3_EV_IRQHandler
                0x080041cc                EXTI9_5_IRQHandler
                0x080041cc                RTC_WKUP_IRQHandler
                0x080041cc                SPI2_IRQHandler
                0x080041cc                DMA1_Stream0_IRQHandler
                0x080041cc                EXTI4_IRQHandler
                0x080041cc                WWDG_IRQHandler
                0x080041cc                TIM2_IRQHandler
                0x080041cc                OTG_FS_WKUP_IRQHandler
                0x080041cc                TIM1_TRG_COM_TIM11_IRQHandler
                0x080041cc                EXTI1_IRQHandler
                0x080041cc                I2C2_ER_IRQHandler
                0x080041cc                DMA2_Stream1_IRQHandler
                0x080041cc                FLASH_IRQHandler
                0x080041cc                DMA2_Stream4_IRQHandler
                0x080041cc                USART1_IRQHandler
                0x080041cc                OTG_FS_IRQHandler
                0x080041cc                SPI3_IRQHandler
                0x080041cc                DMA1_Stream4_IRQHandler
                0x080041cc                I2C1_ER_IRQHandler
                0x080041cc                DMA2_Stream6_IRQHandler
                0x080041cc                DMA1_Stream3_IRQHandler
 *fill*         0x080041ce        0x2 
 .text.HAL_Init
                0x080041d0       0x44 ./Drivers/STM32F4xx_HAL_Driver/Src/stm32f4xx_hal.o
                0x080041d0                HAL_Init
 .text.HAL_InitTick
                0x08004214       0x60 ./Drivers/STM32F4xx_HAL_Driver/Src/stm32f4xx_hal.o
                0x08004214                HAL_InitTick
 .text.HAL_IncTick
                0x08004274       0x28 ./Drivers/STM32F4xx_HAL_Driver/Src/stm32f4xx_hal.o
                0x08004274                HAL_IncTick
 .text.HAL_GetTick
                0x0800429c       0x18 ./Drivers/STM32F4xx_HAL_Driver/Src/stm32f4xx_hal.o
                0x0800429c                HAL_GetTick
 .text.HAL_Delay
                0x080042b4       0x48 ./Drivers/STM32F4xx_HAL_Driver/Src/stm32f4xx_hal.o
                0x080042b4                HAL_Delay
 .text.HAL_ADC_Init
                0x080042fc       0x86 ./Drivers/STM32F4xx_HAL_Driver/Src/stm32f4xx_hal_adc.o
                0x080042fc                HAL_ADC_Init
 *fill*         0x08004382        0x2 
 .text.HAL_ADC_ConfigChannel
                0x08004384      0x264 ./Drivers/STM32F4xx_HAL_Driver/Src/stm32f4xx_hal_adc.o
                0x08004384                HAL_ADC_ConfigChannel
 .text.ADC_Init
                0x080045e8      0x1f8 ./Drivers/STM32F4xx_HAL_Driver/Src/stm32f4xx_hal_adc.o
 .text.__NVIC_SetPriorityGrouping
                0x080047e0       0x48 ./Drivers/STM32F4xx_HAL_Driver/Src/stm32f4xx_hal_cortex.o
 .text.__NVIC_GetPriorityGrouping
                0x08004828       0x1c ./Drivers/STM32F4xx_HAL_Driver/Src/stm32f4xx_hal_cortex.o
 .text.__NVIC_EnableIRQ
                0x08004844       0x3c ./Drivers/STM32F4xx_HAL_Driver/Src/stm32f4xx_hal_cortex.o
 .text.__NVIC_SetPriority
                0x08004880       0x54 ./Drivers/STM32F4xx_HAL_Driver/Src/stm32f4xx_hal_cortex.o
 .text.NVIC_EncodePriority
                0x080048d4       0x66 ./Drivers/STM32F4xx_HAL_Driver/Src/stm32f4xx_hal_cortex.o
 *fill*         0x0800493a        0x2 
 .text.SysTick_Config
                0x0800493c       0x44 ./Drivers/STM32F4xx_HAL_Driver/Src/stm32f4xx_hal_cortex.o
 .text.HAL_NVIC_SetPriorityGrouping
                0x08004980       0x16 ./Drivers/STM32F4xx_HAL_Driver/Src/stm32f4xx_hal_cortex.o
                0x08004980                HAL_NVIC_SetPriorityGrouping
 .text.HAL_NVIC_SetPriority
                0x08004996       0x38 ./Drivers/STM32F4xx_HAL_Driver/Src/stm32f4xx_hal_cortex.o
                0x08004996                HAL_NVIC_SetPriority
 .text.HAL_NVIC_EnableIRQ
                0x080049ce       0x1c ./Drivers/STM32F4xx_HAL_Driver/Src/stm32f4xx_hal_cortex.o
                0x080049ce                HAL_NVIC_EnableIRQ
 .text.HAL_SYSTICK_Config
                0x080049ea       0x18 ./Drivers/STM32F4xx_HAL_Driver/Src/stm32f4xx_hal_cortex.o
                0x080049ea                HAL_SYSTICK_Config
 .text.HAL_DMA_Abort
                0x08004a02       0xe0 ./Drivers/STM32F4xx_HAL_Driver/Src/stm32f4xx_hal_dma.o
                0x08004a02                HAL_DMA_Abort
 .text.HAL_DMA_Abort_IT
                0x08004ae2       0x44 ./Drivers/STM32F4xx_HAL_Driver/Src/stm32f4xx_hal_dma.o
                0x08004ae2                HAL_DMA_Abort_IT
 *fill*         0x08004b26        0x2 
 .text.HAL_GPIO_Init
                0x08004b28      0x308 ./Drivers/STM32F4xx_HAL_Driver/Src/stm32f4xx_hal_gpio.o
                0x08004b28                HAL_GPIO_Init
 .text.HAL_GPIO_WritePin
                0x08004e30       0x32 ./Drivers/STM32F4xx_HAL_Driver/Src/stm32f4xx_hal_gpio.o
                0x08004e30                HAL_GPIO_WritePin
 *fill*         0x08004e62        0x2 
 .text.HAL_I2C_Init
                0x08004e64      0x288 ./Drivers/STM32F4xx_HAL_Driver/Src/stm32f4xx_hal_i2c.o
                0x08004e64                HAL_I2C_Init
 .text.HAL_I2C_Master_Transmit
                0x080050ec      0x1fc ./Drivers/STM32F4xx_HAL_Driver/Src/stm32f4xx_hal_i2c.o
                0x080050ec                HAL_I2C_Master_Transmit
 .text.HAL_I2C_Master_Receive
                0x080052e8      0x464 ./Drivers/STM32F4xx_HAL_Driver/Src/stm32f4xx_hal_i2c.o
                0x080052e8                HAL_I2C_Master_Receive
 .text.I2C_MasterRequestWrite
                0x0800574c      0x104 ./Drivers/STM32F4xx_HAL_Driver/Src/stm32f4xx_hal_i2c.o
 .text.I2C_MasterRequestRead
                0x08005850      0x19c ./Drivers/STM32F4xx_HAL_Driver/Src/stm32f4xx_hal_i2c.o
 .text.I2C_WaitOnFlagUntilTimeout
                0x080059ec       0xf4 ./Drivers/STM32F4xx_HAL_Driver/Src/stm32f4xx_hal_i2c.o
 .text.I2C_WaitOnMasterAddressFlagUntilTimeout
                0x08005ae0      0x140 ./Drivers/STM32F4xx_HAL_Driver/Src/stm32f4xx_hal_i2c.o
 .text.I2C_WaitOnTXEFlagUntilTimeout
                0x08005c20       0x90 ./Drivers/STM32F4xx_HAL_Driver/Src/stm32f4xx_hal_i2c.o
 .text.I2C_WaitOnBTFFlagUntilTimeout
                0x08005cb0       0x90 ./Drivers/STM32F4xx_HAL_Driver/Src/stm32f4xx_hal_i2c.o
 .text.I2C_WaitOnRXNEFlagUntilTimeout
                0x08005d40       0xba ./Drivers/STM32F4xx_HAL_Driver/Src/stm32f4xx_hal_i2c.o
 .text.I2C_IsAcknowledgeFailed
                0x08005dfa       0x5e ./Drivers/STM32F4xx_HAL_Driver/Src/stm32f4xx_hal_i2c.o
 .text.HAL_RCC_OscConfig
                0x08005e58      0x4f0 ./Drivers/STM32F4xx_HAL_Driver/Src/stm32f4xx_hal_rcc.o
                0x08005e58                HAL_RCC_OscConfig
 .text.HAL_RCC_ClockConfig
                0x08006348      0x1cc ./Drivers/STM32F4xx_HAL_Driver/Src/stm32f4xx_hal_rcc.o
                0x08006348                HAL_RCC_ClockConfig
 .text.HAL_RCC_GetSysClockFreq
                0x08006514      0x20c ./Drivers/STM32F4xx_HAL_Driver/Src/stm32f4xx_hal_rcc.o
                0x08006514                HAL_RCC_GetSysClockFreq
 .text.HAL_RCC_GetHCLKFreq
                0x08006720       0x18 ./Drivers/STM32F4xx_HAL_Driver/Src/stm32f4xx_hal_rcc.o
                0x08006720                HAL_RCC_GetHCLKFreq
 .text.HAL_RCC_GetPCLK1Freq
                0x08006738       0x28 ./Drivers/STM32F4xx_HAL_Driver/Src/stm32f4xx_hal_rcc.o
                0x08006738                HAL_RCC_GetPCLK1Freq
 .text.HAL_RCC_GetPCLK2Freq
                0x08006760       0x28 ./Drivers/STM32F4xx_HAL_Driver/Src/stm32f4xx_hal_rcc.o
                0x08006760                HAL_RCC_GetPCLK2Freq
 .text.HAL_UART_Init
                0x08006788       0xa0 ./Drivers/STM32F4xx_HAL_Driver/Src/stm32f4xx_hal_uart.o
                0x08006788                HAL_UART_Init
 .text.HAL_UART_Transmit
                0x08006828      0x116 ./Drivers/STM32F4xx_HAL_Driver/Src/stm32f4xx_hal_uart.o
                0x08006828                HAL_UART_Transmit
 .text.HAL_UART_Receive
                0x0800693e      0x12e ./Drivers/STM32F4xx_HAL_Driver/Src/stm32f4xx_hal_uart.o
                0x0800693e                HAL_UART_Receive
 .text.HAL_UART_IRQHandler
                0x08006a6c      0x524 ./Drivers/STM32F4xx_HAL_Driver/Src/stm32f4xx_hal_uart.o
                0x08006a6c                HAL_UART_IRQHandler
 .text.HAL_UART_TxCpltCallback
                0x08006f90       0x14 ./Drivers/STM32F4xx_HAL_Driver/Src/stm32f4xx_hal_uart.o
                0x08006f90                HAL_UART_TxCpltCallback
 .text.HAL_UART_RxCpltCallback
                0x08006fa4       0x14 ./Drivers/STM32F4xx_HAL_Driver/Src/stm32f4xx_hal_uart.o
                0x08006fa4                HAL_UART_RxCpltCallback
 .text.HAL_UART_ErrorCallback
                0x08006fb8       0x14 ./Drivers/STM32F4xx_HAL_Driver/Src/stm32f4xx_hal_uart.o
                0x08006fb8                HAL_UART_ErrorCallback
 .text.HAL_UARTEx_RxEventCallback
                0x08006fcc       0x18 ./Drivers/STM32F4xx_HAL_Driver/Src/stm32f4xx_hal_uart.o
                0x08006fcc                HAL_UARTEx_RxEventCallback
 .text.UART_WaitOnFlagUntilTimeout
                0x08006fe4       0xb2 ./Drivers/STM32F4xx_HAL_Driver/Src/stm32f4xx_hal_uart.o
 .text.UART_EndRxTransfer
                0x08007096       0xc6 ./Drivers/STM32F4xx_HAL_Driver/Src/stm32f4xx_hal_uart.o
 .text.UART_DMAAbortOnError
                0x0800715c       0x28 ./Drivers/STM32F4xx_HAL_Driver/Src/stm32f4xx_hal_uart.o
 .text.UART_Transmit_IT
                0x08007184       0xa0 ./Drivers/STM32F4xx_HAL_Driver/Src/stm32f4xx_hal_uart.o
 .text.UART_EndTransmit_IT
                0x08007224       0x30 ./Drivers/STM32F4xx_HAL_Driver/Src/stm32f4xx_hal_uart.o
 .text.UART_Receive_IT
                0x08007254      0x17c ./Drivers/STM32F4xx_HAL_Driver/Src/stm32f4xx_hal_uart.o
 .text.UART_SetConfig
                0x080073d0      0x4e8 ./Drivers/STM32F4xx_HAL_Driver/Src/stm32f4xx_hal_uart.o
 .text._Znwj    0x080078b8       0x22 C:/ST/STM32CubeIDE_1.16.0/STM32CubeIDE/plugins/com.st.stm32cube.ide.mcu.externaltools.gnu-tools-for-stm32.12.3.rel1.win32_1.0.200.202406191623/tools/bin/../lib/gcc/arm-none-eabi/12.3.1/../../../../arm-none-eabi/lib/thumb/v7e-m+fp/hard\libstdc++_nano.a(new_op.o)
                0x080078b8                operator new(unsigned int)
 *fill*         0x080078da        0x2 
 .text._ZSt15get_new_handlerv
                0x080078dc       0x10 C:/ST/STM32CubeIDE_1.16.0/STM32CubeIDE/plugins/com.st.stm32cube.ide.mcu.externaltools.gnu-tools-for-stm32.12.3.rel1.win32_1.0.200.202406191623/tools/bin/../lib/gcc/arm-none-eabi/12.3.1/../../../../arm-none-eabi/lib/thumb/v7e-m+fp/hard\libstdc++_nano.a(new_handler.o)
                0x080078dc                std::get_new_handler()
 .text.pow      0x080078ec       0xe0 C:/ST/STM32CubeIDE_1.16.0/STM32CubeIDE/plugins/com.st.stm32cube.ide.mcu.externaltools.gnu-tools-for-stm32.12.3.rel1.win32_1.0.200.202406191623/tools/bin/../lib/gcc/arm-none-eabi/12.3.1/../../../../arm-none-eabi/lib/thumb/v7e-m+fp/hard\libm.a(libm_a-w_pow.o)
                0x080078ec                pow
 .text.finite   0x080079cc       0x16 C:/ST/STM32CubeIDE_1.16.0/STM32CubeIDE/plugins/com.st.stm32cube.ide.mcu.externaltools.gnu-tools-for-stm32.12.3.rel1.win32_1.0.200.202406191623/tools/bin/../lib/gcc/arm-none-eabi/12.3.1/../../../../arm-none-eabi/lib/thumb/v7e-m+fp/hard\libm.a(libm_a-s_finite.o)
                0x080079cc                finite
 *fill*         0x080079e2        0x6 
 .text.__ieee754_pow
                0x080079e8      0xa88 C:/ST/STM32CubeIDE_1.16.0/STM32CubeIDE/plugins/com.st.stm32cube.ide.mcu.externaltools.gnu-tools-for-stm32.12.3.rel1.win32_1.0.200.202406191623/tools/bin/../lib/gcc/arm-none-eabi/12.3.1/../../../../arm-none-eabi/lib/thumb/v7e-m+fp/hard\libm.a(libm_a-e_pow.o)
                0x080079e8                __ieee754_pow
 .text.fabs     0x08008470       0x10 C:/ST/STM32CubeIDE_1.16.0/STM32CubeIDE/plugins/com.st.stm32cube.ide.mcu.externaltools.gnu-tools-for-stm32.12.3.rel1.win32_1.0.200.202406191623/tools/bin/../lib/gcc/arm-none-eabi/12.3.1/../../../../arm-none-eabi/lib/thumb/v7e-m+fp/hard\libm.a(libm_a-s_fabs.o)
                0x08008470                fabs
 .text.scalbn   0x08008480       0xfc C:/ST/STM32CubeIDE_1.16.0/STM32CubeIDE/plugins/com.st.stm32cube.ide.mcu.externaltools.gnu-tools-for-stm32.12.3.rel1.win32_1.0.200.202406191623/tools/bin/../lib/gcc/arm-none-eabi/12.3.1/../../../../arm-none-eabi/lib/thumb/v7e-m+fp/hard\libm.a(libm_a-s_scalbn.o)
                0x08008480                scalbn
 .text.with_errno
                0x0800857c       0x24 C:/ST/STM32CubeIDE_1.16.0/STM32CubeIDE/plugins/com.st.stm32cube.ide.mcu.externaltools.gnu-tools-for-stm32.12.3.rel1.win32_1.0.200.202406191623/tools/bin/../lib/gcc/arm-none-eabi/12.3.1/../../../../arm-none-eabi/lib/thumb/v7e-m+fp/hard\libm.a(libm_a-math_err.o)
 .text.xflow    0x080085a0       0x32 C:/ST/STM32CubeIDE_1.16.0/STM32CubeIDE/plugins/com.st.stm32cube.ide.mcu.externaltools.gnu-tools-for-stm32.12.3.rel1.win32_1.0.200.202406191623/tools/bin/../lib/gcc/arm-none-eabi/12.3.1/../../../../arm-none-eabi/lib/thumb/v7e-m+fp/hard\libm.a(libm_a-math_err.o)
 *fill*         0x080085d2        0x6 
 .text.__math_uflow
                0x080085d8       0x10 C:/ST/STM32CubeIDE_1.16.0/STM32CubeIDE/plugins/com.st.stm32cube.ide.mcu.externaltools.gnu-tools-for-stm32.12.3.rel1.win32_1.0.200.202406191623/tools/bin/../lib/gcc/arm-none-eabi/12.3.1/../../../../arm-none-eabi/lib/thumb/v7e-m+fp/hard\libm.a(libm_a-math_err.o)
                0x080085d8                __math_uflow
 .text.__math_oflow
                0x080085e8       0x10 C:/ST/STM32CubeIDE_1.16.0/STM32CubeIDE/plugins/com.st.stm32cube.ide.mcu.externaltools.gnu-tools-for-stm32.12.3.rel1.win32_1.0.200.202406191623/tools/bin/../lib/gcc/arm-none-eabi/12.3.1/../../../../arm-none-eabi/lib/thumb/v7e-m+fp/hard\libm.a(libm_a-math_err.o)
                0x080085e8                __math_oflow
 .text.__ieee754_sqrt
                0x080085f8      0x1b4 C:/ST/STM32CubeIDE_1.16.0/STM32CubeIDE/plugins/com.st.stm32cube.ide.mcu.externaltools.gnu-tools-for-stm32.12.3.rel1.win32_1.0.200.202406191623/tools/bin/../lib/gcc/arm-none-eabi/12.3.1/../../../../arm-none-eabi/lib/thumb/v7e-m+fp/hard\libm.a(libm_a-e_sqrt.o)
                0x080085f8                __ieee754_sqrt
 .text.abort    0x080087ac        0xe C:/ST/STM32CubeIDE_1.16.0/STM32CubeIDE/plugins/com.st.stm32cube.ide.mcu.externaltools.gnu-tools-for-stm32.12.3.rel1.win32_1.0.200.202406191623/tools/bin/../lib/gcc/arm-none-eabi/12.3.1/../../../../arm-none-eabi/lib/thumb/v7e-m+fp/hard\libc_nano.a(libc_a-abort.o)
                0x080087ac                abort
 *fill*         0x080087ba        0x2 
 .text.malloc   0x080087bc       0x10 C:/ST/STM32CubeIDE_1.16.0/STM32CubeIDE/plugins/com.st.stm32cube.ide.mcu.externaltools.gnu-tools-for-stm32.12.3.rel1.win32_1.0.200.202406191623/tools/bin/../lib/gcc/arm-none-eabi/12.3.1/../../../../arm-none-eabi/lib/thumb/v7e-m+fp/hard\libc_nano.a(libc_a-malloc.o)
                0x080087bc                malloc
 .text.sbrk_aligned
                0x080087cc       0x44 C:/ST/STM32CubeIDE_1.16.0/STM32CubeIDE/plugins/com.st.stm32cube.ide.mcu.externaltools.gnu-tools-for-stm32.12.3.rel1.win32_1.0.200.202406191623/tools/bin/../lib/gcc/arm-none-eabi/12.3.1/../../../../arm-none-eabi/lib/thumb/v7e-m+fp/hard\libc_nano.a(libc_a-mallocr.o)
 .text._malloc_r
                0x08008810      0x100 C:/ST/STM32CubeIDE_1.16.0/STM32CubeIDE/plugins/com.st.stm32cube.ide.mcu.externaltools.gnu-tools-for-stm32.12.3.rel1.win32_1.0.200.202406191623/tools/bin/../lib/gcc/arm-none-eabi/12.3.1/../../../../arm-none-eabi/lib/thumb/v7e-m+fp/hard\libc_nano.a(libc_a-mallocr.o)
                0x08008810                _malloc_r
 .text.__malloc_lock
                0x08008910        0xc C:/ST/STM32CubeIDE_1.16.0/STM32CubeIDE/plugins/com.st.stm32cube.ide.mcu.externaltools.gnu-tools-for-stm32.12.3.rel1.win32_1.0.200.202406191623/tools/bin/../lib/gcc/arm-none-eabi/12.3.1/../../../../arm-none-eabi/lib/thumb/v7e-m+fp/hard\libc_nano.a(libc_a-mlock.o)
                0x08008910                __malloc_lock
 .text.__malloc_unlock
                0x0800891c        0xc C:/ST/STM32CubeIDE_1.16.0/STM32CubeIDE/plugins/com.st.stm32cube.ide.mcu.externaltools.gnu-tools-for-stm32.12.3.rel1.win32_1.0.200.202406191623/tools/bin/../lib/gcc/arm-none-eabi/12.3.1/../../../../arm-none-eabi/lib/thumb/v7e-m+fp/hard\libc_nano.a(libc_a-mlock.o)
                0x0800891c                __malloc_unlock
 .text.memset   0x08008928       0x10 C:/ST/STM32CubeIDE_1.16.0/STM32CubeIDE/plugins/com.st.stm32cube.ide.mcu.externaltools.gnu-tools-for-stm32.12.3.rel1.win32_1.0.200.202406191623/tools/bin/../lib/gcc/arm-none-eabi/12.3.1/../../../../arm-none-eabi/lib/thumb/v7e-m+fp/hard\libc_nano.a(libc_a-memset.o)
                0x08008928                memset
 .text._raise_r
                0x08008938       0x50 C:/ST/STM32CubeIDE_1.16.0/STM32CubeIDE/plugins/com.st.stm32cube.ide.mcu.externaltools.gnu-tools-for-stm32.12.3.rel1.win32_1.0.200.202406191623/tools/bin/../lib/gcc/arm-none-eabi/12.3.1/../../../../arm-none-eabi/lib/thumb/v7e-m+fp/hard\libc_nano.a(libc_a-signal.o)
                0x08008938                _raise_r
 .text.raise    0x08008988       0x10 C:/ST/STM32CubeIDE_1.16.0/STM32CubeIDE/plugins/com.st.stm32cube.ide.mcu.externaltools.gnu-tools-for-stm32.12.3.rel1.win32_1.0.200.202406191623/tools/bin/../lib/gcc/arm-none-eabi/12.3.1/../../../../arm-none-eabi/lib/thumb/v7e-m+fp/hard\libc_nano.a(libc_a-signal.o)
                0x08008988                raise
 .text._kill_r  0x08008998       0x24 C:/ST/STM32CubeIDE_1.16.0/STM32CubeIDE/plugins/com.st.stm32cube.ide.mcu.externaltools.gnu-tools-for-stm32.12.3.rel1.win32_1.0.200.202406191623/tools/bin/../lib/gcc/arm-none-eabi/12.3.1/../../../../arm-none-eabi/lib/thumb/v7e-m+fp/hard\libc_nano.a(libc_a-signalr.o)
                0x08008998                _kill_r
 .text._getpid_r
                0x080089bc        0x4 C:/ST/STM32CubeIDE_1.16.0/STM32CubeIDE/plugins/com.st.stm32cube.ide.mcu.externaltools.gnu-tools-for-stm32.12.3.rel1.win32_1.0.200.202406191623/tools/bin/../lib/gcc/arm-none-eabi/12.3.1/../../../../arm-none-eabi/lib/thumb/v7e-m+fp/hard\libc_nano.a(libc_a-signalr.o)
                0x080089bc                _getpid_r
 .text._sbrk_r  0x080089c0       0x20 C:/ST/STM32CubeIDE_1.16.0/STM32CubeIDE/plugins/com.st.stm32cube.ide.mcu.externaltools.gnu-tools-for-stm32.12.3.rel1.win32_1.0.200.202406191623/tools/bin/../lib/gcc/arm-none-eabi/12.3.1/../../../../arm-none-eabi/lib/thumb/v7e-m+fp/hard\libc_nano.a(libc_a-sbrkr.o)
                0x080089c0                _sbrk_r
 .text.__errno  0x080089e0        0xc C:/ST/STM32CubeIDE_1.16.0/STM32CubeIDE/plugins/com.st.stm32cube.ide.mcu.externaltools.gnu-tools-for-stm32.12.3.rel1.win32_1.0.200.202406191623/tools/bin/../lib/gcc/arm-none-eabi/12.3.1/../../../../arm-none-eabi/lib/thumb/v7e-m+fp/hard\libc_nano.a(libc_a-errno.o)
                0x080089e0                __errno
 .text.__libc_init_array
                0x080089ec       0x48 C:/ST/STM32CubeIDE_1.16.0/STM32CubeIDE/plugins/com.st.stm32cube.ide.mcu.externaltools.gnu-tools-for-stm32.12.3.rel1.win32_1.0.200.202406191623/tools/bin/../lib/gcc/arm-none-eabi/12.3.1/../../../../arm-none-eabi/lib/thumb/v7e-m+fp/hard\libc_nano.a(libc_a-init.o)
                0x080089ec                __libc_init_array
 .text.__retarget_lock_acquire_recursive
                0x08008a34        0x2 C:/ST/STM32CubeIDE_1.16.0/STM32CubeIDE/plugins/com.st.stm32cube.ide.mcu.externaltools.gnu-tools-for-stm32.12.3.rel1.win32_1.0.200.202406191623/tools/bin/../lib/gcc/arm-none-eabi/12.3.1/../../../../arm-none-eabi/lib/thumb/v7e-m+fp/hard\libc_nano.a(libc_a-lock.o)
                0x08008a34                __retarget_lock_acquire_recursive
 .text.__retarget_lock_release_recursive
                0x08008a36        0x2 C:/ST/STM32CubeIDE_1.16.0/STM32CubeIDE/plugins/com.st.stm32cube.ide.mcu.externaltools.gnu-tools-for-stm32.12.3.rel1.win32_1.0.200.202406191623/tools/bin/../lib/gcc/arm-none-eabi/12.3.1/../../../../arm-none-eabi/lib/thumb/v7e-m+fp/hard\libc_nano.a(libc_a-lock.o)
                0x08008a36                __retarget_lock_release_recursive
 .text.memcpy   0x08008a38       0x1c C:/ST/STM32CubeIDE_1.16.0/STM32CubeIDE/plugins/com.st.stm32cube.ide.mcu.externaltools.gnu-tools-for-stm32.12.3.rel1.win32_1.0.200.202406191623/tools/bin/../lib/gcc/arm-none-eabi/12.3.1/../../../../arm-none-eabi/lib/thumb/v7e-m+fp/hard\libc_nano.a(libc_a-memcpy-stub.o)
                0x08008a38                memcpy
 *(.glue_7)
 .glue_7        0x08008a54        0x0 linker stubs
 *(.glue_7t)
 .glue_7t       0x08008a54        0x0 linker stubs
 *(.eh_frame)
 .eh_frame      0x08008a54        0x0 C:/ST/STM32CubeIDE_1.16.0/STM32CubeIDE/plugins/com.st.stm32cube.ide.mcu.externaltools.gnu-tools-for-stm32.12.3.rel1.win32_1.0.200.202406191623/tools/bin/../lib/gcc/arm-none-eabi/12.3.1/thumb/v7e-m+fp/hard/crtbegin.o
 *(.init)
 .init          0x08008a54        0x4 C:/ST/STM32CubeIDE_1.16.0/STM32CubeIDE/plugins/com.st.stm32cube.ide.mcu.externaltools.gnu-tools-for-stm32.12.3.rel1.win32_1.0.200.202406191623/tools/bin/../lib/gcc/arm-none-eabi/12.3.1/thumb/v7e-m+fp/hard/crti.o
                0x08008a54                _init
 .init          0x08008a58        0x8 C:/ST/STM32CubeIDE_1.16.0/STM32CubeIDE/plugins/com.st.stm32cube.ide.mcu.externaltools.gnu-tools-for-stm32.12.3.rel1.win32_1.0.200.202406191623/tools/bin/../lib/gcc/arm-none-eabi/12.3.1/thumb/v7e-m+fp/hard/crtn.o
 *(.fini)
 .fini          0x08008a60        0x4 C:/ST/STM32CubeIDE_1.16.0/STM32CubeIDE/plugins/com.st.stm32cube.ide.mcu.externaltools.gnu-tools-for-stm32.12.3.rel1.win32_1.0.200.202406191623/tools/bin/../lib/gcc/arm-none-eabi/12.3.1/thumb/v7e-m+fp/hard/crti.o
                0x08008a60                _fini
 .fini          0x08008a64        0x8 C:/ST/STM32CubeIDE_1.16.0/STM32CubeIDE/plugins/com.st.stm32cube.ide.mcu.externaltools.gnu-tools-for-stm32.12.3.rel1.win32_1.0.200.202406191623/tools/bin/../lib/gcc/arm-none-eabi/12.3.1/thumb/v7e-m+fp/hard/crtn.o
                0x08008a6c                        . = ALIGN (0x4)
                0x08008a6c                        _etext = .

.vfp11_veneer   0x08008a6c        0x0
 .vfp11_veneer  0x08008a6c        0x0 linker stubs

.v4_bx          0x08008a6c        0x0
 .v4_bx         0x08008a6c        0x0 linker stubs

.iplt           0x08008a6c        0x0
 .iplt          0x08008a6c        0x0 C:/ST/STM32CubeIDE_1.16.0/STM32CubeIDE/plugins/com.st.stm32cube.ide.mcu.externaltools.gnu-tools-for-stm32.12.3.rel1.win32_1.0.200.202406191623/tools/bin/../lib/gcc/arm-none-eabi/12.3.1/thumb/v7e-m+fp/hard/crtbegin.o

.rodata         0x08008a70      0x150
                0x08008a70                        . = ALIGN (0x4)
 *(.rodata)
 .rodata        0x08008a70       0x4c ./Core/Src/HardwareDriver/BMP388/BMP388.o
 .rodata        0x08008abc        0xf ./Core/Src/HardwareDriver/BN220/BN220.o
 *(.rodata*)
 *fill*         0x08008acb        0x1 
 .rodata._ZTV6BMP388
                0x08008acc       0x10 ./Core/Src/HardwareDriver/BMP388/BMP388.o
                0x08008acc                vtable for BMP388
 .rodata._ZTV16IAltimeterDriver
                0x08008adc       0x10 ./Core/Src/HardwareDriver/BMP388/BMP388.o
                0x08008adc                vtable for IAltimeterDriver
 .rodata._ZTV5BN220
                0x08008aec       0x10 ./Core/Src/HardwareDriver/BN220/BN220.o
                0x08008aec                vtable for BN220
 .rodata._ZTV10IGPSDriver
                0x08008afc       0x10 ./Core/Src/HardwareDriver/BN220/BN220.o
                0x08008afc                vtable for IGPSDriver
 .rodata._ZTV8ICM20948
                0x08008b0c       0x28 ./Core/Src/HardwareDriver/ICM20948/ICM20948.o
                0x08008b0c                vtable for ICM20948
 .rodata._ZTV16IGyroscopeDriver
                0x08008b34       0x10 ./Core/Src/HardwareDriver/ICM20948/ICM20948.o
                0x08008b34                vtable for IGyroscopeDriver
 .rodata._ZTV20IAccelerometerDriver
                0x08008b44       0x10 ./Core/Src/HardwareDriver/ICM20948/ICM20948.o
                0x08008b44                vtable for IAccelerometerDriver
 .rodata._ZTV4XBEE
                0x08008b54       0x10 ./Core/Src/HardwareDriver/XBEE/XBEE.o
                0x08008b54                vtable for XBEE
 .rodata._ZTV24ITelecommunicationDriver
                0x08008b64       0x10 ./Core/Src/HardwareDriver/XBEE/XBEE.o
                0x08008b64                vtable for ITelecommunicationDriver
 .rodata.AHBPrescTable
                0x08008b74       0x10 ./Core/Src/system_stm32f4xx.o
                0x08008b74                AHBPrescTable
 .rodata.APBPrescTable
                0x08008b84        0x8 ./Core/Src/system_stm32f4xx.o
                0x08008b84                APBPrescTable
 *fill*         0x08008b8c        0x4 
 .rodata.dp_l   0x08008b90       0x10 C:/ST/STM32CubeIDE_1.16.0/STM32CubeIDE/plugins/com.st.stm32cube.ide.mcu.externaltools.gnu-tools-for-stm32.12.3.rel1.win32_1.0.200.202406191623/tools/bin/../lib/gcc/arm-none-eabi/12.3.1/../../../../arm-none-eabi/lib/thumb/v7e-m+fp/hard\libm.a(libm_a-e_pow.o)
 .rodata.dp_h   0x08008ba0       0x10 C:/ST/STM32CubeIDE_1.16.0/STM32CubeIDE/plugins/com.st.stm32cube.ide.mcu.externaltools.gnu-tools-for-stm32.12.3.rel1.win32_1.0.200.202406191623/tools/bin/../lib/gcc/arm-none-eabi/12.3.1/../../../../arm-none-eabi/lib/thumb/v7e-m+fp/hard\libm.a(libm_a-e_pow.o)
 .rodata.bp     0x08008bb0       0x10 C:/ST/STM32CubeIDE_1.16.0/STM32CubeIDE/plugins/com.st.stm32cube.ide.mcu.externaltools.gnu-tools-for-stm32.12.3.rel1.win32_1.0.200.202406191623/tools/bin/../lib/gcc/arm-none-eabi/12.3.1/../../../../arm-none-eabi/lib/thumb/v7e-m+fp/hard\libm.a(libm_a-e_pow.o)
                0x08008bc0                        . = ALIGN (0x4)

.ARM.extab      0x08008bc0        0x0
                0x08008bc0                        . = ALIGN (0x4)
 *(.ARM.extab* .gnu.linkonce.armextab.*)
                0x08008bc0                        . = ALIGN (0x4)

.ARM            0x08008bc0        0x8
                0x08008bc0                        . = ALIGN (0x4)
                0x08008bc0                        __exidx_start = .
 *(.ARM.exidx*)
 .ARM.exidx     0x08008bc0        0x8 C:/ST/STM32CubeIDE_1.16.0/STM32CubeIDE/plugins/com.st.stm32cube.ide.mcu.externaltools.gnu-tools-for-stm32.12.3.rel1.win32_1.0.200.202406191623/tools/bin/../lib/gcc/arm-none-eabi/12.3.1/thumb/v7e-m+fp/hard\libgcc.a(_udivmoddi4.o)
                0x08008bc8                        __exidx_end = .
                0x08008bc8                        . = ALIGN (0x4)

.preinit_array  0x08008bc8        0x0
                0x08008bc8                        . = ALIGN (0x4)
                0x08008bc8                        PROVIDE (__preinit_array_start = .)
 *(.preinit_array*)
                0x08008bc8                        PROVIDE (__preinit_array_end = .)
                0x08008bc8                        . = ALIGN (0x4)

.init_array     0x08008bc8        0x4
                0x08008bc8                        . = ALIGN (0x4)
                0x08008bc8                        PROVIDE (__init_array_start = .)
 *(SORT_BY_NAME(.init_array.*))
 *(.init_array*)
 .init_array    0x08008bc8        0x4 C:/ST/STM32CubeIDE_1.16.0/STM32CubeIDE/plugins/com.st.stm32cube.ide.mcu.externaltools.gnu-tools-for-stm32.12.3.rel1.win32_1.0.200.202406191623/tools/bin/../lib/gcc/arm-none-eabi/12.3.1/thumb/v7e-m+fp/hard/crtbegin.o
                0x08008bcc                        PROVIDE (__init_array_end = .)
                0x08008bcc                        . = ALIGN (0x4)

.fini_array     0x08008bcc        0x4
                0x08008bcc                        . = ALIGN (0x4)
                [!provide]                        PROVIDE (__fini_array_start = .)
 *(SORT_BY_NAME(.fini_array.*))
 *(.fini_array*)
 .fini_array    0x08008bcc        0x4 C:/ST/STM32CubeIDE_1.16.0/STM32CubeIDE/plugins/com.st.stm32cube.ide.mcu.externaltools.gnu-tools-for-stm32.12.3.rel1.win32_1.0.200.202406191623/tools/bin/../lib/gcc/arm-none-eabi/12.3.1/thumb/v7e-m+fp/hard/crtbegin.o
                [!provide]                        PROVIDE (__fini_array_end = .)
                0x08008bd0                        . = ALIGN (0x4)
                0x08008bd0                        _sidata = LOADADDR (.data)

.rel.dyn        0x08008bd0        0x0
 .rel.iplt      0x08008bd0        0x0 C:/ST/STM32CubeIDE_1.16.0/STM32CubeIDE/plugins/com.st.stm32cube.ide.mcu.externaltools.gnu-tools-for-stm32.12.3.rel1.win32_1.0.200.202406191623/tools/bin/../lib/gcc/arm-none-eabi/12.3.1/thumb/v7e-m+fp/hard/crtbegin.o

.data           0x20000000       0x70 load address 0x08008bd0
                0x20000000                        . = ALIGN (0x4)
                0x20000000                        _sdata = .
 *(.data)
 *(.data*)
 .data.SystemCoreClock
                0x20000000        0x4 ./Core/Src/system_stm32f4xx.o
                0x20000000                SystemCoreClock
 .data.uwTickPrio
                0x20000004        0x4 ./Drivers/STM32F4xx_HAL_Driver/Src/stm32f4xx_hal.o
                0x20000004                uwTickPrio
 .data.uwTickFreq
                0x20000008        0x1 ./Drivers/STM32F4xx_HAL_Driver/Src/stm32f4xx_hal.o
                0x20000008                uwTickFreq
 *fill*         0x20000009        0x7 
 .data.tiny     0x20000010        0x8 C:/ST/STM32CubeIDE_1.16.0/STM32CubeIDE/plugins/com.st.stm32cube.ide.mcu.externaltools.gnu-tools-for-stm32.12.3.rel1.win32_1.0.200.202406191623/tools/bin/../lib/gcc/arm-none-eabi/12.3.1/../../../../arm-none-eabi/lib/thumb/v7e-m+fp/hard\libm.a(libm_a-e_sqrt.o)
 .data.one      0x20000018        0x8 C:/ST/STM32CubeIDE_1.16.0/STM32CubeIDE/plugins/com.st.stm32cube.ide.mcu.externaltools.gnu-tools-for-stm32.12.3.rel1.win32_1.0.200.202406191623/tools/bin/../lib/gcc/arm-none-eabi/12.3.1/../../../../arm-none-eabi/lib/thumb/v7e-m+fp/hard\libm.a(libm_a-e_sqrt.o)
 .data._impure_ptr
                0x20000020        0x4 C:/ST/STM32CubeIDE_1.16.0/STM32CubeIDE/plugins/com.st.stm32cube.ide.mcu.externaltools.gnu-tools-for-stm32.12.3.rel1.win32_1.0.200.202406191623/tools/bin/../lib/gcc/arm-none-eabi/12.3.1/../../../../arm-none-eabi/lib/thumb/v7e-m+fp/hard\libc_nano.a(libc_a-impure.o)
                0x20000020                _impure_ptr
 .data._impure_data
                0x20000024       0x4c C:/ST/STM32CubeIDE_1.16.0/STM32CubeIDE/plugins/com.st.stm32cube.ide.mcu.externaltools.gnu-tools-for-stm32.12.3.rel1.win32_1.0.200.202406191623/tools/bin/../lib/gcc/arm-none-eabi/12.3.1/../../../../arm-none-eabi/lib/thumb/v7e-m+fp/hard\libc_nano.a(libc_a-impure.o)
                0x20000024                _impure_data
 *(.RamFunc)
 *(.RamFunc*)
                0x20000070                        . = ALIGN (0x4)
                0x20000070                        _edata = .

.igot.plt       0x20000070        0x0 load address 0x08008c40
 .igot.plt      0x20000070        0x0 C:/ST/STM32CubeIDE_1.16.0/STM32CubeIDE/plugins/com.st.stm32cube.ide.mcu.externaltools.gnu-tools-for-stm32.12.3.rel1.win32_1.0.200.202406191623/tools/bin/../lib/gcc/arm-none-eabi/12.3.1/thumb/v7e-m+fp/hard/crtbegin.o
                0x20000070                        . = ALIGN (0x4)

.bss            0x20000070      0x29c load address 0x08008c40
                0x20000070                        _sbss = .
                0x20000070                        __bss_start__ = _sbss
 *(.bss)
 .bss           0x20000070       0x1c C:/ST/STM32CubeIDE_1.16.0/STM32CubeIDE/plugins/com.st.stm32cube.ide.mcu.externaltools.gnu-tools-for-stm32.12.3.rel1.win32_1.0.200.202406191623/tools/bin/../lib/gcc/arm-none-eabi/12.3.1/thumb/v7e-m+fp/hard/crtbegin.o
 *(.bss*)
 .bss.hadc1     0x2000008c       0x48 ./Core/Src/main.o
                0x2000008c                hadc1
 .bss.hi2c1     0x200000d4       0x54 ./Core/Src/main.o
                0x200000d4                hi2c1
 .bss.huart1    0x20000128       0x48 ./Core/Src/main.o
                0x20000128                huart1
 .bss.huart2    0x20000170       0x48 ./Core/Src/main.o
                0x20000170                huart2
 .bss.__sbrk_heap_end
                0x200001b8        0x4 ./Core/Src/sysmem.o
 .bss.uwTick    0x200001bc        0x4 ./Drivers/STM32F4xx_HAL_Driver/Src/stm32f4xx_hal.o
                0x200001bc                uwTick
 .bss._ZN12_GLOBAL__N_113__new_handlerE
                0x200001c0        0x4 C:/ST/STM32CubeIDE_1.16.0/STM32CubeIDE/plugins/com.st.stm32cube.ide.mcu.externaltools.gnu-tools-for-stm32.12.3.rel1.win32_1.0.200.202406191623/tools/bin/../lib/gcc/arm-none-eabi/12.3.1/../../../../arm-none-eabi/lib/thumb/v7e-m+fp/hard\libstdc++_nano.a(new_handler.o)
 .bss.__malloc_sbrk_start
                0x200001c4        0x4 C:/ST/STM32CubeIDE_1.16.0/STM32CubeIDE/plugins/com.st.stm32cube.ide.mcu.externaltools.gnu-tools-for-stm32.12.3.rel1.win32_1.0.200.202406191623/tools/bin/../lib/gcc/arm-none-eabi/12.3.1/../../../../arm-none-eabi/lib/thumb/v7e-m+fp/hard\libc_nano.a(libc_a-mallocr.o)
                0x200001c4                __malloc_sbrk_start
 .bss.__malloc_free_list
                0x200001c8        0x4 C:/ST/STM32CubeIDE_1.16.0/STM32CubeIDE/plugins/com.st.stm32cube.ide.mcu.externaltools.gnu-tools-for-stm32.12.3.rel1.win32_1.0.200.202406191623/tools/bin/../lib/gcc/arm-none-eabi/12.3.1/../../../../arm-none-eabi/lib/thumb/v7e-m+fp/hard\libc_nano.a(libc_a-mallocr.o)
                0x200001c8                __malloc_free_list
 .bss.__sf      0x200001cc      0x138 C:/ST/STM32CubeIDE_1.16.0/STM32CubeIDE/plugins/com.st.stm32cube.ide.mcu.externaltools.gnu-tools-for-stm32.12.3.rel1.win32_1.0.200.202406191623/tools/bin/../lib/gcc/arm-none-eabi/12.3.1/../../../../arm-none-eabi/lib/thumb/v7e-m+fp/hard\libc_nano.a(libc_a-findfp.o)
                0x200001cc                __sf
 .bss.errno     0x20000304        0x4 C:/ST/STM32CubeIDE_1.16.0/STM32CubeIDE/plugins/com.st.stm32cube.ide.mcu.externaltools.gnu-tools-for-stm32.12.3.rel1.win32_1.0.200.202406191623/tools/bin/../lib/gcc/arm-none-eabi/12.3.1/../../../../arm-none-eabi/lib/thumb/v7e-m+fp/hard\libc_nano.a(libc_a-reent.o)
                0x20000304                errno
 .bss.__lock___malloc_recursive_mutex
                0x20000308        0x1 C:/ST/STM32CubeIDE_1.16.0/STM32CubeIDE/plugins/com.st.stm32cube.ide.mcu.externaltools.gnu-tools-for-stm32.12.3.rel1.win32_1.0.200.202406191623/tools/bin/../lib/gcc/arm-none-eabi/12.3.1/../../../../arm-none-eabi/lib/thumb/v7e-m+fp/hard\libc_nano.a(libc_a-lock.o)
                0x20000308                __lock___malloc_recursive_mutex
 *(COMMON)
                0x2000030c                        . = ALIGN (0x4)
 *fill*         0x20000309        0x3 
                0x2000030c                        _ebss = .
                0x2000030c                        __bss_end__ = _ebss

._user_heap_stack
                0x2000030c      0x604 load address 0x08008c40
                0x20000310                        . = ALIGN (0x8)
 *fill*         0x2000030c        0x4 
                [!provide]                        PROVIDE (end = .)
                0x20000310                        PROVIDE (_end = .)
                0x20000510                        . = (. + _Min_Heap_Size)
 *fill*         0x20000310      0x200 
                0x20000910                        . = (. + _Min_Stack_Size)
 *fill*         0x20000510      0x400 
                0x20000910                        . = ALIGN (0x8)

/DISCARD/
 libc.a(*)
 libm.a(*)
 libgcc.a(*)

.ARM.attributes
                0x00000000       0x30
 *(.ARM.attributes)
 .ARM.attributes
                0x00000000       0x22 C:/ST/STM32CubeIDE_1.16.0/STM32CubeIDE/plugins/com.st.stm32cube.ide.mcu.externaltools.gnu-tools-for-stm32.12.3.rel1.win32_1.0.200.202406191623/tools/bin/../lib/gcc/arm-none-eabi/12.3.1/thumb/v7e-m+fp/hard/crti.o
 .ARM.attributes
                0x00000022       0x34 C:/ST/STM32CubeIDE_1.16.0/STM32CubeIDE/plugins/com.st.stm32cube.ide.mcu.externaltools.gnu-tools-for-stm32.12.3.rel1.win32_1.0.200.202406191623/tools/bin/../lib/gcc/arm-none-eabi/12.3.1/thumb/v7e-m+fp/hard/crtbegin.o
 .ARM.attributes
                0x00000056       0x34 ./Core/Src/Devices/SmokeBomb/SmokeBomb.o
 .ARM.attributes
                0x0000008a       0x34 ./Core/Src/Devices/Thermocouple/Thermocouple.o
 .ARM.attributes
                0x000000be       0x34 ./Core/Src/HardwareDriver/BMP388/BMP388.o
 .ARM.attributes
                0x000000f2       0x34 ./Core/Src/HardwareDriver/BN220/BN220.o
 .ARM.attributes
                0x00000126       0x34 ./Core/Src/HardwareDriver/ICM20948/ICM20948.o
 .ARM.attributes
                0x0000015a       0x34 ./Core/Src/HardwareDriver/XBEE/XBEE.o
 .ARM.attributes
                0x0000018e       0x34 ./Core/Src/Rocket/Rocket.o
 .ARM.attributes
                0x000001c2       0x34 ./Core/Src/Sensors/Accelerometer/Accelerometer.o
 .ARM.attributes
                0x000001f6       0x34 ./Core/Src/Sensors/Altimeter/Altimeter.o
 .ARM.attributes
                0x0000022a       0x34 ./Core/Src/Sensors/GPS/GPS.o
 .ARM.attributes
                0x0000025e       0x34 ./Core/Src/Sensors/Gyroscope/Gyroscope.o
 .ARM.attributes
                0x00000292       0x34 ./Core/Src/Telecommunication/Telecommunication.o
 .ARM.attributes
                0x000002c6       0x34 ./Core/Src/main.o
 .ARM.attributes
                0x000002fa       0x34 ./Core/Src/stm32f4xx_hal_msp.o
 .ARM.attributes
                0x0000032e       0x34 ./Core/Src/stm32f4xx_it.o
 .ARM.attributes
                0x00000362       0x34 ./Core/Src/syscalls.o
 .ARM.attributes
                0x00000396       0x34 ./Core/Src/sysmem.o
 .ARM.attributes
                0x000003ca       0x34 ./Core/Src/system_stm32f4xx.o
 .ARM.attributes
                0x000003fe       0x21 ./Core/Startup/startup_stm32f411vetx.o
 .ARM.attributes
                0x0000041f       0x34 ./Drivers/STM32F4xx_HAL_Driver/Src/stm32f4xx_hal.o
 .ARM.attributes
                0x00000453       0x34 ./Drivers/STM32F4xx_HAL_Driver/Src/stm32f4xx_hal_adc.o
 .ARM.attributes
                0x00000487       0x34 ./Drivers/STM32F4xx_HAL_Driver/Src/stm32f4xx_hal_cortex.o
 .ARM.attributes
                0x000004bb       0x34 ./Drivers/STM32F4xx_HAL_Driver/Src/stm32f4xx_hal_dma.o
 .ARM.attributes
                0x000004ef       0x34 ./Drivers/STM32F4xx_HAL_Driver/Src/stm32f4xx_hal_gpio.o
 .ARM.attributes
                0x00000523       0x34 ./Drivers/STM32F4xx_HAL_Driver/Src/stm32f4xx_hal_i2c.o
 .ARM.attributes
                0x00000557       0x34 ./Drivers/STM32F4xx_HAL_Driver/Src/stm32f4xx_hal_rcc.o
 .ARM.attributes
                0x0000058b       0x34 ./Drivers/STM32F4xx_HAL_Driver/Src/stm32f4xx_hal_uart.o
 .ARM.attributes
                0x000005bf       0x34 C:/ST/STM32CubeIDE_1.16.0/STM32CubeIDE/plugins/com.st.stm32cube.ide.mcu.externaltools.gnu-tools-for-stm32.12.3.rel1.win32_1.0.200.202406191623/tools/bin/../lib/gcc/arm-none-eabi/12.3.1/../../../../arm-none-eabi/lib/thumb/v7e-m+fp/hard\libstdc++_nano.a(new_op.o)
 .ARM.attributes
                0x000005f3       0x34 C:/ST/STM32CubeIDE_1.16.0/STM32CubeIDE/plugins/com.st.stm32cube.ide.mcu.externaltools.gnu-tools-for-stm32.12.3.rel1.win32_1.0.200.202406191623/tools/bin/../lib/gcc/arm-none-eabi/12.3.1/../../../../arm-none-eabi/lib/thumb/v7e-m+fp/hard\libstdc++_nano.a(new_handler.o)
 .ARM.attributes
                0x00000627       0x34 C:/ST/STM32CubeIDE_1.16.0/STM32CubeIDE/plugins/com.st.stm32cube.ide.mcu.externaltools.gnu-tools-for-stm32.12.3.rel1.win32_1.0.200.202406191623/tools/bin/../lib/gcc/arm-none-eabi/12.3.1/../../../../arm-none-eabi/lib/thumb/v7e-m+fp/hard\libm.a(libm_a-w_pow.o)
 .ARM.attributes
                0x0000065b       0x34 C:/ST/STM32CubeIDE_1.16.0/STM32CubeIDE/plugins/com.st.stm32cube.ide.mcu.externaltools.gnu-tools-for-stm32.12.3.rel1.win32_1.0.200.202406191623/tools/bin/../lib/gcc/arm-none-eabi/12.3.1/../../../../arm-none-eabi/lib/thumb/v7e-m+fp/hard\libm.a(libm_a-s_finite.o)
 .ARM.attributes
                0x0000068f       0x34 C:/ST/STM32CubeIDE_1.16.0/STM32CubeIDE/plugins/com.st.stm32cube.ide.mcu.externaltools.gnu-tools-for-stm32.12.3.rel1.win32_1.0.200.202406191623/tools/bin/../lib/gcc/arm-none-eabi/12.3.1/../../../../arm-none-eabi/lib/thumb/v7e-m+fp/hard\libm.a(libm_a-e_pow.o)
 .ARM.attributes
                0x000006c3       0x34 C:/ST/STM32CubeIDE_1.16.0/STM32CubeIDE/plugins/com.st.stm32cube.ide.mcu.externaltools.gnu-tools-for-stm32.12.3.rel1.win32_1.0.200.202406191623/tools/bin/../lib/gcc/arm-none-eabi/12.3.1/../../../../arm-none-eabi/lib/thumb/v7e-m+fp/hard\libm.a(libm_a-s_fabs.o)
 .ARM.attributes
                0x000006f7       0x34 C:/ST/STM32CubeIDE_1.16.0/STM32CubeIDE/plugins/com.st.stm32cube.ide.mcu.externaltools.gnu-tools-for-stm32.12.3.rel1.win32_1.0.200.202406191623/tools/bin/../lib/gcc/arm-none-eabi/12.3.1/../../../../arm-none-eabi/lib/thumb/v7e-m+fp/hard\libm.a(libm_a-s_scalbn.o)
 .ARM.attributes
                0x0000072b       0x34 C:/ST/STM32CubeIDE_1.16.0/STM32CubeIDE/plugins/com.st.stm32cube.ide.mcu.externaltools.gnu-tools-for-stm32.12.3.rel1.win32_1.0.200.202406191623/tools/bin/../lib/gcc/arm-none-eabi/12.3.1/../../../../arm-none-eabi/lib/thumb/v7e-m+fp/hard\libm.a(libm_a-math_err.o)
 .ARM.attributes
                0x0000075f       0x34 C:/ST/STM32CubeIDE_1.16.0/STM32CubeIDE/plugins/com.st.stm32cube.ide.mcu.externaltools.gnu-tools-for-stm32.12.3.rel1.win32_1.0.200.202406191623/tools/bin/../lib/gcc/arm-none-eabi/12.3.1/../../../../arm-none-eabi/lib/thumb/v7e-m+fp/hard\libm.a(libm_a-e_sqrt.o)
 .ARM.attributes
                0x00000793       0x34 C:/ST/STM32CubeIDE_1.16.0/STM32CubeIDE/plugins/com.st.stm32cube.ide.mcu.externaltools.gnu-tools-for-stm32.12.3.rel1.win32_1.0.200.202406191623/tools/bin/../lib/gcc/arm-none-eabi/12.3.1/../../../../arm-none-eabi/lib/thumb/v7e-m+fp/hard\libc_nano.a(libc_a-abort.o)
 .ARM.attributes
                0x000007c7       0x34 C:/ST/STM32CubeIDE_1.16.0/STM32CubeIDE/plugins/com.st.stm32cube.ide.mcu.externaltools.gnu-tools-for-stm32.12.3.rel1.win32_1.0.200.202406191623/tools/bin/../lib/gcc/arm-none-eabi/12.3.1/../../../../arm-none-eabi/lib/thumb/v7e-m+fp/hard\libc_nano.a(libc_a-malloc.o)
 .ARM.attributes
                0x000007fb       0x34 C:/ST/STM32CubeIDE_1.16.0/STM32CubeIDE/plugins/com.st.stm32cube.ide.mcu.externaltools.gnu-tools-for-stm32.12.3.rel1.win32_1.0.200.202406191623/tools/bin/../lib/gcc/arm-none-eabi/12.3.1/../../../../arm-none-eabi/lib/thumb/v7e-m+fp/hard\libc_nano.a(libc_a-mallocr.o)
 .ARM.attributes
                0x0000082f       0x34 C:/ST/STM32CubeIDE_1.16.0/STM32CubeIDE/plugins/com.st.stm32cube.ide.mcu.externaltools.gnu-tools-for-stm32.12.3.rel1.win32_1.0.200.202406191623/tools/bin/../lib/gcc/arm-none-eabi/12.3.1/../../../../arm-none-eabi/lib/thumb/v7e-m+fp/hard\libc_nano.a(libc_a-mlock.o)
 .ARM.attributes
                0x00000863       0x34 C:/ST/STM32CubeIDE_1.16.0/STM32CubeIDE/plugins/com.st.stm32cube.ide.mcu.externaltools.gnu-tools-for-stm32.12.3.rel1.win32_1.0.200.202406191623/tools/bin/../lib/gcc/arm-none-eabi/12.3.1/../../../../arm-none-eabi/lib/thumb/v7e-m+fp/hard\libc_nano.a(libc_a-findfp.o)
 .ARM.attributes
                0x00000897       0x34 C:/ST/STM32CubeIDE_1.16.0/STM32CubeIDE/plugins/com.st.stm32cube.ide.mcu.externaltools.gnu-tools-for-stm32.12.3.rel1.win32_1.0.200.202406191623/tools/bin/../lib/gcc/arm-none-eabi/12.3.1/../../../../arm-none-eabi/lib/thumb/v7e-m+fp/hard\libc_nano.a(libc_a-memset.o)
 .ARM.attributes
                0x000008cb       0x34 C:/ST/STM32CubeIDE_1.16.0/STM32CubeIDE/plugins/com.st.stm32cube.ide.mcu.externaltools.gnu-tools-for-stm32.12.3.rel1.win32_1.0.200.202406191623/tools/bin/../lib/gcc/arm-none-eabi/12.3.1/../../../../arm-none-eabi/lib/thumb/v7e-m+fp/hard\libc_nano.a(libc_a-signal.o)
 .ARM.attributes
                0x000008ff       0x34 C:/ST/STM32CubeIDE_1.16.0/STM32CubeIDE/plugins/com.st.stm32cube.ide.mcu.externaltools.gnu-tools-for-stm32.12.3.rel1.win32_1.0.200.202406191623/tools/bin/../lib/gcc/arm-none-eabi/12.3.1/../../../../arm-none-eabi/lib/thumb/v7e-m+fp/hard\libc_nano.a(libc_a-reent.o)
 .ARM.attributes
                0x00000933       0x34 C:/ST/STM32CubeIDE_1.16.0/STM32CubeIDE/plugins/com.st.stm32cube.ide.mcu.externaltools.gnu-tools-for-stm32.12.3.rel1.win32_1.0.200.202406191623/tools/bin/../lib/gcc/arm-none-eabi/12.3.1/../../../../arm-none-eabi/lib/thumb/v7e-m+fp/hard\libc_nano.a(libc_a-impure.o)
 .ARM.attributes
                0x00000967       0x34 C:/ST/STM32CubeIDE_1.16.0/STM32CubeIDE/plugins/com.st.stm32cube.ide.mcu.externaltools.gnu-tools-for-stm32.12.3.rel1.win32_1.0.200.202406191623/tools/bin/../lib/gcc/arm-none-eabi/12.3.1/../../../../arm-none-eabi/lib/thumb/v7e-m+fp/hard\libc_nano.a(libc_a-signalr.o)
 .ARM.attributes
                0x0000099b       0x34 C:/ST/STM32CubeIDE_1.16.0/STM32CubeIDE/plugins/com.st.stm32cube.ide.mcu.externaltools.gnu-tools-for-stm32.12.3.rel1.win32_1.0.200.202406191623/tools/bin/../lib/gcc/arm-none-eabi/12.3.1/../../../../arm-none-eabi/lib/thumb/v7e-m+fp/hard\libc_nano.a(libc_a-sbrkr.o)
 .ARM.attributes
                0x000009cf       0x34 C:/ST/STM32CubeIDE_1.16.0/STM32CubeIDE/plugins/com.st.stm32cube.ide.mcu.externaltools.gnu-tools-for-stm32.12.3.rel1.win32_1.0.200.202406191623/tools/bin/../lib/gcc/arm-none-eabi/12.3.1/../../../../arm-none-eabi/lib/thumb/v7e-m+fp/hard\libc_nano.a(libc_a-errno.o)
 .ARM.attributes
                0x00000a03       0x34 C:/ST/STM32CubeIDE_1.16.0/STM32CubeIDE/plugins/com.st.stm32cube.ide.mcu.externaltools.gnu-tools-for-stm32.12.3.rel1.win32_1.0.200.202406191623/tools/bin/../lib/gcc/arm-none-eabi/12.3.1/../../../../arm-none-eabi/lib/thumb/v7e-m+fp/hard\libc_nano.a(libc_a-init.o)
 .ARM.attributes
                0x00000a37       0x34 C:/ST/STM32CubeIDE_1.16.0/STM32CubeIDE/plugins/com.st.stm32cube.ide.mcu.externaltools.gnu-tools-for-stm32.12.3.rel1.win32_1.0.200.202406191623/tools/bin/../lib/gcc/arm-none-eabi/12.3.1/../../../../arm-none-eabi/lib/thumb/v7e-m+fp/hard\libc_nano.a(libc_a-lock.o)
 .ARM.attributes
                0x00000a6b       0x34 C:/ST/STM32CubeIDE_1.16.0/STM32CubeIDE/plugins/com.st.stm32cube.ide.mcu.externaltools.gnu-tools-for-stm32.12.3.rel1.win32_1.0.200.202406191623/tools/bin/../lib/gcc/arm-none-eabi/12.3.1/../../../../arm-none-eabi/lib/thumb/v7e-m+fp/hard\libc_nano.a(libc_a-memcpy-stub.o)
 .ARM.attributes
                0x00000a9f       0x22 C:/ST/STM32CubeIDE_1.16.0/STM32CubeIDE/plugins/com.st.stm32cube.ide.mcu.externaltools.gnu-tools-for-stm32.12.3.rel1.win32_1.0.200.202406191623/tools/bin/../lib/gcc/arm-none-eabi/12.3.1/thumb/v7e-m+fp/hard\libgcc.a(_arm_addsubdf3.o)
 .ARM.attributes
                0x00000ac1       0x22 C:/ST/STM32CubeIDE_1.16.0/STM32CubeIDE/plugins/com.st.stm32cube.ide.mcu.externaltools.gnu-tools-for-stm32.12.3.rel1.win32_1.0.200.202406191623/tools/bin/../lib/gcc/arm-none-eabi/12.3.1/thumb/v7e-m+fp/hard\libgcc.a(_arm_muldivdf3.o)
 .ARM.attributes
                0x00000ae3       0x22 C:/ST/STM32CubeIDE_1.16.0/STM32CubeIDE/plugins/com.st.stm32cube.ide.mcu.externaltools.gnu-tools-for-stm32.12.3.rel1.win32_1.0.200.202406191623/tools/bin/../lib/gcc/arm-none-eabi/12.3.1/thumb/v7e-m+fp/hard\libgcc.a(_arm_cmpdf2.o)
 .ARM.attributes
                0x00000b05       0x22 C:/ST/STM32CubeIDE_1.16.0/STM32CubeIDE/plugins/com.st.stm32cube.ide.mcu.externaltools.gnu-tools-for-stm32.12.3.rel1.win32_1.0.200.202406191623/tools/bin/../lib/gcc/arm-none-eabi/12.3.1/thumb/v7e-m+fp/hard\libgcc.a(_arm_unorddf2.o)
 .ARM.attributes
                0x00000b27       0x22 C:/ST/STM32CubeIDE_1.16.0/STM32CubeIDE/plugins/com.st.stm32cube.ide.mcu.externaltools.gnu-tools-for-stm32.12.3.rel1.win32_1.0.200.202406191623/tools/bin/../lib/gcc/arm-none-eabi/12.3.1/thumb/v7e-m+fp/hard\libgcc.a(_arm_truncdfsf2.o)
 .ARM.attributes
                0x00000b49       0x22 C:/ST/STM32CubeIDE_1.16.0/STM32CubeIDE/plugins/com.st.stm32cube.ide.mcu.externaltools.gnu-tools-for-stm32.12.3.rel1.win32_1.0.200.202406191623/tools/bin/../lib/gcc/arm-none-eabi/12.3.1/thumb/v7e-m+fp/hard\libgcc.a(_aeabi_uldivmod.o)
 .ARM.attributes
                0x00000b6b       0x34 C:/ST/STM32CubeIDE_1.16.0/STM32CubeIDE/plugins/com.st.stm32cube.ide.mcu.externaltools.gnu-tools-for-stm32.12.3.rel1.win32_1.0.200.202406191623/tools/bin/../lib/gcc/arm-none-eabi/12.3.1/thumb/v7e-m+fp/hard\libgcc.a(_udivmoddi4.o)
 .ARM.attributes
                0x00000b9f       0x22 C:/ST/STM32CubeIDE_1.16.0/STM32CubeIDE/plugins/com.st.stm32cube.ide.mcu.externaltools.gnu-tools-for-stm32.12.3.rel1.win32_1.0.200.202406191623/tools/bin/../lib/gcc/arm-none-eabi/12.3.1/thumb/v7e-m+fp/hard\libgcc.a(_dvmd_tls.o)
 .ARM.attributes
                0x00000bc1       0x22 C:/ST/STM32CubeIDE_1.16.0/STM32CubeIDE/plugins/com.st.stm32cube.ide.mcu.externaltools.gnu-tools-for-stm32.12.3.rel1.win32_1.0.200.202406191623/tools/bin/../lib/gcc/arm-none-eabi/12.3.1/thumb/v7e-m+fp/hard/crtn.o
OUTPUT(Sirius_Test_Slave.elf elf32-littlearm)
LOAD linker stubs
LOAD C:/ST/STM32CubeIDE_1.16.0/STM32CubeIDE/plugins/com.st.stm32cube.ide.mcu.externaltools.gnu-tools-for-stm32.12.3.rel1.win32_1.0.200.202406191623/tools/bin/../lib/gcc/arm-none-eabi/12.3.1/../../../../arm-none-eabi/lib/thumb/v7e-m+fp/hard\libc.a
LOAD C:/ST/STM32CubeIDE_1.16.0/STM32CubeIDE/plugins/com.st.stm32cube.ide.mcu.externaltools.gnu-tools-for-stm32.12.3.rel1.win32_1.0.200.202406191623/tools/bin/../lib/gcc/arm-none-eabi/12.3.1/../../../../arm-none-eabi/lib/thumb/v7e-m+fp/hard\libm.a
LOAD C:/ST/STM32CubeIDE_1.16.0/STM32CubeIDE/plugins/com.st.stm32cube.ide.mcu.externaltools.gnu-tools-for-stm32.12.3.rel1.win32_1.0.200.202406191623/tools/bin/../lib/gcc/arm-none-eabi/12.3.1/thumb/v7e-m+fp/hard\libgcc.a

.debug_info     0x00000000    0x159a7
 .debug_info    0x00000000      0x2a4 ./Core/Src/Devices/SmokeBomb/SmokeBomb.o
 .debug_info    0x000002a4      0x849 ./Core/Src/Devices/Thermocouple/Thermocouple.o
 .debug_info    0x00000aed     0x2a9e ./Core/Src/HardwareDriver/BMP388/BMP388.o
 .debug_info    0x0000358b      0xaa0 ./Core/Src/HardwareDriver/BN220/BN220.o
 .debug_info    0x0000402b     0x10a1 ./Core/Src/HardwareDriver/ICM20948/ICM20948.o
 .debug_info    0x000050cc      0x9b2 ./Core/Src/HardwareDriver/XBEE/XBEE.o
 .debug_info    0x00005a7e     0x1cd1 ./Core/Src/Rocket/Rocket.o
 .debug_info    0x0000774f      0x368 ./Core/Src/Sensors/Accelerometer/Accelerometer.o
 .debug_info    0x00007ab7      0x2a8 ./Core/Src/Sensors/Altimeter/Altimeter.o
 .debug_info    0x00007d5f      0x34e ./Core/Src/Sensors/GPS/GPS.o
 .debug_info    0x000080ad      0x2b5 ./Core/Src/Sensors/Gyroscope/Gyroscope.o
 .debug_info    0x00008362      0x2de ./Core/Src/Telecommunication/Telecommunication.o
 .debug_info    0x00008640     0x1fad ./Core/Src/main.o
 .debug_info    0x0000a5ed     0x1158 ./Core/Src/stm32f4xx_hal_msp.o
 .debug_info    0x0000b745      0x640 ./Core/Src/stm32f4xx_it.o
 .debug_info    0x0000bd85      0x6a3 ./Core/Src/syscalls.o
 .debug_info    0x0000c428      0x168 ./Core/Src/sysmem.o
 .debug_info    0x0000c590      0x53e ./Core/Src/system_stm32f4xx.o
 .debug_info    0x0000cace       0x30 ./Core/Startup/startup_stm32f411vetx.o
 .debug_info    0x0000cafe      0x8c4 ./Drivers/STM32F4xx_HAL_Driver/Src/stm32f4xx_hal.o
 .debug_info    0x0000d3c2      0xcd1 ./Drivers/STM32F4xx_HAL_Driver/Src/stm32f4xx_hal_adc.o
 .debug_info    0x0000e093      0xcc7 ./Drivers/STM32F4xx_HAL_Driver/Src/stm32f4xx_hal_cortex.o
 .debug_info    0x0000ed5a      0x8e6 ./Drivers/STM32F4xx_HAL_Driver/Src/stm32f4xx_hal_dma.o
 .debug_info    0x0000f640      0x6f9 ./Drivers/STM32F4xx_HAL_Driver/Src/stm32f4xx_hal_gpio.o
 .debug_info    0x0000fd39     0x2426 ./Drivers/STM32F4xx_HAL_Driver/Src/stm32f4xx_hal_i2c.o
 .debug_info    0x0001215f      0x8f2 ./Drivers/STM32F4xx_HAL_Driver/Src/stm32f4xx_hal_rcc.o
 .debug_info    0x00012a51     0x2f56 ./Drivers/STM32F4xx_HAL_Driver/Src/stm32f4xx_hal_uart.o

.debug_abbrev   0x00000000     0x3e99
 .debug_abbrev  0x00000000      0x1b4 ./Core/Src/Devices/SmokeBomb/SmokeBomb.o
 .debug_abbrev  0x000001b4      0x1bd ./Core/Src/Devices/Thermocouple/Thermocouple.o
 .debug_abbrev  0x00000371      0x51f ./Core/Src/HardwareDriver/BMP388/BMP388.o
 .debug_abbrev  0x00000890      0x375 ./Core/Src/HardwareDriver/BN220/BN220.o
 .debug_abbrev  0x00000c05      0x387 ./Core/Src/HardwareDriver/ICM20948/ICM20948.o
 .debug_abbrev  0x00000f8c      0x2f0 ./Core/Src/HardwareDriver/XBEE/XBEE.o
 .debug_abbrev  0x0000127c      0x39a ./Core/Src/Rocket/Rocket.o
 .debug_abbrev  0x00001616      0x236 ./Core/Src/Sensors/Accelerometer/Accelerometer.o
 .debug_abbrev  0x0000184c      0x1b6 ./Core/Src/Sensors/Altimeter/Altimeter.o
 .debug_abbrev  0x00001a02      0x1d1 ./Core/Src/Sensors/GPS/GPS.o
 .debug_abbrev  0x00001bd3      0x1b6 ./Core/Src/Sensors/Gyroscope/Gyroscope.o
 .debug_abbrev  0x00001d89      0x191 ./Core/Src/Telecommunication/Telecommunication.o
 .debug_abbrev  0x00001f1a      0x442 ./Core/Src/main.o
 .debug_abbrev  0x0000235c      0x20a ./Core/Src/stm32f4xx_hal_msp.o
 .debug_abbrev  0x00002566      0x182 ./Core/Src/stm32f4xx_it.o
 .debug_abbrev  0x000026e8      0x1b6 ./Core/Src/syscalls.o
 .debug_abbrev  0x0000289e       0xbc ./Core/Src/sysmem.o
 .debug_abbrev  0x0000295a      0x11a ./Core/Src/system_stm32f4xx.o
 .debug_abbrev  0x00002a74       0x24 ./Core/Startup/startup_stm32f411vetx.o
 .debug_abbrev  0x00002a98      0x24b ./Drivers/STM32F4xx_HAL_Driver/Src/stm32f4xx_hal.o
 .debug_abbrev  0x00002ce3      0x20e ./Drivers/STM32F4xx_HAL_Driver/Src/stm32f4xx_hal_adc.o
 .debug_abbrev  0x00002ef1      0x328 ./Drivers/STM32F4xx_HAL_Driver/Src/stm32f4xx_hal_cortex.o
 .debug_abbrev  0x00003219      0x221 ./Drivers/STM32F4xx_HAL_Driver/Src/stm32f4xx_hal_dma.o
 .debug_abbrev  0x0000343a      0x1d3 ./Drivers/STM32F4xx_HAL_Driver/Src/stm32f4xx_hal_gpio.o
 .debug_abbrev  0x0000360d      0x2bc ./Drivers/STM32F4xx_HAL_Driver/Src/stm32f4xx_hal_i2c.o
 .debug_abbrev  0x000038c9      0x2b5 ./Drivers/STM32F4xx_HAL_Driver/Src/stm32f4xx_hal_rcc.o
 .debug_abbrev  0x00003b7e      0x31b ./Drivers/STM32F4xx_HAL_Driver/Src/stm32f4xx_hal_uart.o

.debug_aranges  0x00000000      0xfd8
 .debug_aranges
                0x00000000       0x28 ./Core/Src/Devices/SmokeBomb/SmokeBomb.o
 .debug_aranges
                0x00000028       0x30 ./Core/Src/Devices/Thermocouple/Thermocouple.o
 .debug_aranges
                0x00000058      0x190 ./Core/Src/HardwareDriver/BMP388/BMP388.o
 .debug_aranges
                0x000001e8       0x40 ./Core/Src/HardwareDriver/BN220/BN220.o
 .debug_aranges
                0x00000228       0xb8 ./Core/Src/HardwareDriver/ICM20948/ICM20948.o
 .debug_aranges
                0x000002e0       0x40 ./Core/Src/HardwareDriver/XBEE/XBEE.o
 .debug_aranges
                0x00000320       0x58 ./Core/Src/Rocket/Rocket.o
 .debug_aranges
                0x00000378       0x40 ./Core/Src/Sensors/Accelerometer/Accelerometer.o
 .debug_aranges
                0x000003b8       0x38 ./Core/Src/Sensors/Altimeter/Altimeter.o
 .debug_aranges
                0x000003f0       0x38 ./Core/Src/Sensors/GPS/GPS.o
 .debug_aranges
                0x00000428       0x38 ./Core/Src/Sensors/Gyroscope/Gyroscope.o
 .debug_aranges