../Core/Src/Sensors/ICM20948/ICM20948.c:31:6:ICM_Constructor	16	static
../Core/Src/Sensors/ICM20948/ICM20948.c:36:6:ICM_readBytes	32	static
../Core/Src/Sensors/ICM20948/ICM20948.c:47:6:ICM_WriteBytes	24	static
../Core/Src/Sensors/ICM20948/ICM20948.c:59:6:ICM_ReadOneByte	32	static
../Core/Src/Sensors/ICM20948/ICM20948.c:78:6:ICM_WriteOneByte	32	static
../Core/Src/Sensors/ICM20948/ICM20948.c:99:6:i2c_Mag_write	16	static
../Core/Src/Sensors/ICM20948/ICM20948.c:115:18:ICM_Mag_Read	24	static
../Core/Src/Sensors/ICM20948/ICM20948.c:132:8:ICM20948_READ_MAG	32	static
../Core/Src/Sensors/ICM20948/ICM20948.c:156:6:ICM_ReadMag	32	static
../Core/Src/Sensors/ICM20948/ICM20948.c:179:6:ICM_PowerOn	8	static
../Core/Src/Sensors/ICM20948/ICM20948.c:200:10:ICM_Initialize	8	static
../Core/Src/Sensors/ICM20948/ICM20948.c:260:6:ICM_ReadAccelGyro	48	static
../Core/Src/Sensors/ICM20948/ICM20948.c:297:6:ICM_SelectBank	16	static
../Core/Src/Sensors/ICM20948/ICM20948.c:300:6:ICM_Disable_I2C	8	static
../Core/Src/Sensors/ICM20948/ICM20948.c:309:6:ICM_SetClock	16	static
../Core/Src/Sensors/ICM20948/ICM20948.c:312:6:ICM_AccelGyroOff	8	static
../Core/Src/Sensors/ICM20948/ICM20948.c:316:6:ICM_AccelGyroOn	8	static
../Core/Src/Sensors/ICM20948/ICM20948.c:320:9:ICM_WHOAMI	16	static
../Core/Src/Sensors/ICM20948/ICM20948.c:325:6:ICM_SetGyroRateLPF	16	static
../Core/Src/Sensors/ICM20948/ICM20948.c:329:9:ICM_GetAccelRange	16	static
