../Core/Src/ICM20948/Adafruit_BusIO_Register.cpp:18:1:Adafruit_BusIO_Register::Adafruit_BusIO_Register(Adafruit_I2CDevice*, uint16_t, uint8_t, uint8_t, uint8_t)	24	static
../Core/Src/ICM20948/Adafruit_BusIO_Register.cpp:84:1:Adafruit_BusIO_Register::Adafruit_BusIO_Register(Adafruit_I2CDevice*, Adafruit_BusIO_SPIRegType, uint16_t, uint8_t, uint8_t, uint8_t)	24	static
../Core/Src/ICM20948/Adafruit_BusIO_Register.cpp:104:6:bool Adafruit_BusIO_Register::write(uint8_t*, uint8_t)	40	static
../Core/Src/ICM20948/Adafruit_BusIO_Register.cpp:148:6:bool Adafruit_BusIO_Register::write(uint32_t, uint8_t)	32	static
../Core/Src/ICM20948/Adafruit_BusIO_Register.cpp:175:10:uint32_t Adafruit_BusIO_Register::read()	24	static
../Core/Src/ICM20948/Adafruit_BusIO_Register.cpp:198:10:uint32_t Adafruit_BusIO_Register::readCached()	16	static
../Core/Src/ICM20948/Adafruit_BusIO_Register.cpp:207:6:bool Adafruit_BusIO_Register::read(uint8_t*, uint8_t)	48	static
../Core/Src/ICM20948/Adafruit_BusIO_Register.cpp:248:6:bool Adafruit_BusIO_Register::read(uint16_t*)	16	static
../Core/Src/ICM20948/Adafruit_BusIO_Register.cpp:271:6:bool Adafruit_BusIO_Register::read(uint8_t*)	16	static
../Core/Src/ICM20948/Adafruit_BusIO_Register.cpp:306:1:Adafruit_BusIO_RegisterBits::Adafruit_BusIO_RegisterBits(Adafruit_BusIO_Register*, uint8_t, uint8_t)	24	static
../Core/Src/ICM20948/Adafruit_BusIO_Register.cpp:317:10:uint32_t Adafruit_BusIO_RegisterBits::read()	24	static
../Core/Src/ICM20948/Adafruit_BusIO_Register.cpp:329:6:bool Adafruit_BusIO_RegisterBits::write(uint32_t)	32	static
../Core/Src/ICM20948/Adafruit_BusIO_Register.cpp:347:9:uint8_t Adafruit_BusIO_Register::width()	16	static
../Core/Src/ICM20948/Adafruit_BusIO_Register.cpp:353:6:void Adafruit_BusIO_Register::setWidth(uint8_t)	16	static
../Core/Src/ICM20948/Adafruit_BusIO_Register.cpp:359:6:void Adafruit_BusIO_Register::setAddress(uint16_t)	16	static
../Core/Src/ICM20948/Adafruit_BusIO_Register.cpp:367:6:void Adafruit_BusIO_Register::setAddressWidth(uint16_t)	16	static
