../Core/Src/main.c:80:5:main	16	static
../Core/Src/main.c:145:6:SystemClock_Config	88	static
../Core/Src/main.c:190:6:PeriphCommonClock_Config	32	static
../Core/Src/main.c:211:13:MX_I2C1_Init	8	static
../Core/Src/main.c:245:13:MX_I2C3_Init	8	static
../Core/Src/main.c:279:13:MX_I2S2_Init	8	static
../Core/Src/main.c:313:13:MX_I2S3_Init	8	static
../Core/Src/main.c:347:13:MX_SPI1_Init	8	static
../Core/Src/main.c:384:13:MX_USART2_UART_Init	8	static
../Core/Src/main.c:417:13:MX_GPIO_Init	56	static
../Core/Src/main.c:518:6:Error_Handler	4	static,ignoring_inline_asm
