../Core/Src/main.cpp:82:5:int main()	24	static
../Core/Src/main.cpp:142:6:void SystemClock_Config()	88	static
../Core/Src/main.cpp:187:6:void PeriphCommonClock_Config()	32	static
../Core/Src/main.cpp:208:13:void MX_I2C1_Init()	8	static
../Core/Src/main.cpp:242:13:void MX_I2C3_Init()	8	static
../Core/Src/main.cpp:276:13:void MX_I2S2_Init()	8	static
../Core/Src/main.cpp:310:13:void MX_I2S3_Init()	8	static
../Core/Src/main.cpp:344:13:void MX_SPI1_Init()	8	static
../Core/Src/main.cpp:381:13:void MX_USART2_UART_Init()	8	static
../Core/Src/main.cpp:414:13:void MX_GPIO_Init()	56	static
../Core/Src/main.cpp:515:6:void Error_Handler()	4	static,ignoring_inline_asm
