../Core/Inc/Sensors/Accelerometer/IAccelerometerDriver.hpp:6:7:constexpr IAccelerometerDriver::IAccelerometerDriver()	16	static
../Core/Inc/Sensors/Gyroscope/IGyroscopeDriver.hpp:6:7:constexpr IGyroscopeDriver::IGyroscopeDriver()	16	static
../Core/Src/HardwareDriver/ICM20948/ICM20948.cpp:21:1:ICM20948::ICM20948(I2C_HandleTypeDef*)	16	static
../Core/Src/HardwareDriver/ICM20948/ICM20948.cpp:32:10:uint16_t ICM20948::init()	16	static
../Core/Src/HardwareDriver/ICM20948/ICM20948.cpp:105:6:bool ICM20948::checkCommunication()	24	static
../Core/Src/HardwareDriver/ICM20948/ICM20948.cpp:112:6:void ICM20948::selectUserBank(uint8_t)	16	static
../Core/Src/HardwareDriver/ICM20948/ICM20948.cpp:117:6:void ICM20948::setClock(uint8_t)	16	static
../Core/Src/HardwareDriver/ICM20948/ICM20948.cpp:126:6:virtual void ICM20948::readAccelerometer()	32	static
../Core/Src/HardwareDriver/ICM20948/ICM20948.cpp:141:21:virtual AccelerometerValues ICM20948::getAccelerometerValues()	48	static
../Core/Src/HardwareDriver/ICM20948/ICM20948.cpp:150:6:virtual void ICM20948::readGyroscope()	32	static
../Core/Src/HardwareDriver/ICM20948/ICM20948.cpp:165:17:virtual GyroscopeValues ICM20948::getGyroscopeValues()	48	static
../Core/Src/HardwareDriver/ICM20948/ICM20948.cpp:174:6:void ICM20948::readMagnetometer()	16	static
../Core/Src/HardwareDriver/ICM20948/ICM20948.cpp:179:20:MagnetometerValues ICM20948::getMagnetometerValues()	16	static
../Core/Src/HardwareDriver/ICM20948/ICM20948.cpp:188:6:void ICM20948::readThermometer()	16	static
../Core/Src/HardwareDriver/ICM20948/ICM20948.cpp:193:7:float ICM20948::getThermometerValue()	16	static
../Core/Src/HardwareDriver/ICM20948/ICM20948.cpp:202:6:void ICM20948::writeRegister(uint8_t, uint8_t)	32	static
../Core/Src/HardwareDriver/ICM20948/ICM20948.cpp:209:6:void ICM20948::readRegister(uint8_t, uint8_t*)	40	static
../Core/Src/HardwareDriver/ICM20948/ICM20948.cpp:215:6:void ICM20948::readRegisters(uint8_t, uint8_t*, uint8_t)	40	static
